I/ActivityManager(  203): Start proc com.google.process.gapps for broadcast com.google.android.gsf/.loginservice.MigrateToAccountManagerBroadcastReceiver: pid=430 uid=10013 gids={3003, 1015, 1007, 2001, 3006}
I/ActivityManager(  203): Launching preboot mode app: ProcessRecord{41732688 430:com.google.process.gapps/10013}
D/GoogleLoginService(  430): no legacy android id exists to migrate
D/GoogleLoginService(  430): skipping migration because /data/data/com.google.android.gsf/databases/accounts.db doesn't exist
D/GoogleLoginService(  430): disabling the migration script since the migration is complete
I/ActivityManager(  203): Start proc android.process.media for broadcast com.android.providers.media/.MediaUpgradeReceiver: pid=444 uid=10016 gids={1015, 1023, 1024, 2001, 3003, 3007}
I/ActivityManager(  203): Launching preboot mode app: ProcessRecord{417423c8 444:android.process.media/10016}
I/ActivityManager(  203): Writing new set of last done pre-boot receivers...
I/ActivityManager(  203): Removing system update proc: ProcessRecord{41a49de0 401:com.android.providers.calendar/10009}
I/ActivityManager(  203): Killing proc 401:com.android.providers.calendar/10009: system update done
I/ActivityManager(  203): Removing system update proc: ProcessRecord{4172c690 416:android.process.acore/10001}
I/ActivityManager(  203): Killing proc 416:android.process.acore/10001: system update done
I/ActivityManager(  203): Removing system update proc: ProcessRecord{41732688 430:com.google.process.gapps/10013}
I/ActivityManager(  203): Killing proc 430:com.google.process.gapps/10013: system update done
I/ActivityManager(  203): Removing system update proc: ProcessRecord{417423c8 444:android.process.media/10016}
I/ActivityManager(  203): Killing proc 444:android.process.media/10016: system update done
I/ActivityManager(  203): System now ready
I/SystemServer(  203): Making services ready
D/SystemServer(  203): Starting service: Intent { cmp=com.android.systemui/.SystemUIService }
I/ActivityManager(  203): Start proc com.android.systemui for service com.android.systemui/.SystemUIService: pid=460 uid=1000 gids={1015, 3002, 3001, 3003, 3007}
D/NetworkManagementService(  203): enabling bandwidth control
D/SystemUIService(  460): loading: class com.android.systemui.statusbar.phone.PhoneStatusBar
D/SystemUIService(  460): running: com.android.systemui.statusbar.phone.PhoneStatusBar@416c25d0
I/PowerWidget(  460): Clearing any old widget stuffs
I/PowerWidget(  460): Setting up widget
I/PowerWidget(  460): Default buttons being loaded
I/PowerWidget(  460): Button list: toggleWifi|toggleBluetooth|toggleGPS|toggleSound
I/PowerWidget(  460): Setting up button: toggleWifi
I/PowerWidget(  460): Setting up button: toggleBluetooth
I/PowerWidget(  460): Setting up button: toggleGPS
I/PowerWidget(  460): Setting up button: toggleSound
D/NetworkManagementService(  203): Registering observer
D/NetworkManagementService(  203): Registering observer
D/dalvikvm(  460): GC_CONCURRENT freed 136K, 2% free 12867K/13063K, paused 3ms+2ms
I/ActivityManager(  203): Config changed: {1.0 0mcc0mnc en_US layoutdir=0 sw360dp w360dp h567dp nrml port finger -keyb/v/h -nav/h s.3}
D/dalvikvm(  460): GC_CONCURRENT freed 26K, 2% free 13290K/13447K, paused 5ms+2ms
W/AppWidgetService(  203): Failed to read state: java.io.FileNotFoundException: /data/system/appwidgets.xml: open failed: ENOENT (No such file or directory)
W/WallpaperService(  203): Unknown component ComponentInfo{com.android.phasebeam/com.android.phasebeam.PhaseBeamWallpaper}
W/WallpaperService(  203): Failure starting previous wallpaper
W/WallpaperService(  203): Unknown component ComponentInfo{com.android.phasebeam/com.android.phasebeam.PhaseBeamWallpaper}
E/WallpaperService(  203): Default wallpaper component not found!
W/InputManagerService(  203): Ignoring setImeWindowStatus of uid 1000 token: null
I/ActivityManager(  203): Start proc com.android.inputmethod.latin for service com.android.inputmethod.latin/.LatinIME: pid=511 uid=10028 gids={}
D/NetworkManagementService(  203): Registering observer
E/ThrottleService(  203): Error reading data file
D/dalvikvm(  460): GC_CONCURRENT freed 18K, 1% free 13787K/13895K, paused 2ms+2ms
I/ActivityManager(  203): Start proc com.android.phone for added application com.android.phone: pid=527 uid=1001 gids={3002, 3001, 3003, 1015}
I/ActivityManager(  203): Start proc com.sec.android.internal.ims for added application com.sec.android.internal.ims: pid=542 uid=10027 gids={3003, 1015}
I/ActivityManager(  203): Start proc com.android.nfc for added application com.android.nfc: pid=558 uid=1027 gids={3002, 3001}
D/dalvikvm(  118): GC_EXPLICIT freed 34K, 3% free 12563K/12867K, paused 2ms+3ms
W/ThrottleService(  203): unable to find stats for iface rmnet0
I/ActivityManager(  203): START {act=android.intent.action.MAIN cat=[android.intent.category.HOME] flg=0x10000000 cmp=com.android.settings/.CryptKeeper} from pid 0
D/dalvikvm(  203): GC_CONCURRENT freed 417K, 19% free 15296K/18823K, paused 5ms+5ms
D/dalvikvm(  118): GC_EXPLICIT freed <1K, 3% free 12563K/12867K, paused 1ms+2ms
D/dalvikvm(  118): GC_EXPLICIT freed <1K, 3% free 12563K/12867K, paused 1ms+2ms
I/ActivityManager(  203): Start proc com.android.settings for activity com.android.settings/.CryptKeeper: pid=580 uid=1000 gids={1015, 3002, 3001, 3003, 3007}
I/ActivityManager(  203): Start proc android.process.media for broadcast com.android.providers.media/.UsbReceiver: pid=593 uid=10016 gids={1015, 1023, 1024, 2001, 3003, 3007}
W/ThrottleService(  203): unable to find stats for iface rmnet0
I/NfcService(  558): Starting NFC service
I/ActivityThread(  542): Pub ims: com.sec.android.internal.ims.provider.IMSProvider
I/ActivityThread(  593): Pub media: com.android.providers.media.MediaProvider
I/PowerWidget(  460): Clearing any old widget stuffs
I/PowerWidget(  460): Setting up widget
I/PowerWidget(  460): Default buttons being loaded
I/PowerWidget(  460): Button list: toggleWifi|toggleBluetooth|toggleGPS|toggleSound
I/PowerWidget(  460): Setting up button: toggleWifi
I/PowerWidget(  460): Setting up button: toggleBluetooth
I/PowerWidget(  460): Setting up button: toggleGPS
I/PowerWidget(  460): Setting up button: toggleSound
I/ActivityThread(  527): Pub telephony: com.android.providers.telephony.TelephonyProvider
D/NFC JNI (  558): NFC Service : loading JNI
I/StatusBarManagerService(  203): registerStatusBar bar=com.android.internal.statusbar.IStatusBar$Stub$Proxy@417322a8
D/PhoneStatusBar(  460): disable: < expand icons alerts ticker system_info back home recent clock >
W/TelephonyProvider(  527): onCreate: confFile=/system/etc/apns-conf.xml oldCheckSum=-1
D/dalvikvm(  460): GC_CONCURRENT freed 64K, 2% free 14160K/14343K, paused 2ms+3ms
I/MediaProvider(  593): Upgrading media database from version 0 to 408, which will destroy all old data
W/TelephonyProvider(  527): onCreate: newCheckSum=424723469
W/TelephonyProvider(  527): Rebuilding Telephony.db
D/dalvikvm(  511): GC_CONCURRENT freed 183K, 2% free 12881K/13127K, paused 2ms+4ms
I/SqliteDatabaseCpp(  593): sqlite returned: error code = 17, msg = statement aborts at 71: [UPDATE files SET date_modified=0 WHERE media_type=2;] database schema has changed, db=/data/data/com.android.providers.media/databases/external.db
I/SqliteDatabaseCpp(  593): sqlite returned: error code = 17, msg = statement aborts at 71: [UPDATE files SET date_modified=0 WHERE media_type=2;] database schema has changed, db=/data/data/com.android.providers.media/databases/external.db
I/SqliteDatabaseCpp(  593): sqlite returned: error code = 17, msg = statement aborts at 71: [UPDATE files SET date_modified=0;] database schema has changed, db=/data/data/com.android.providers.media/databases/external.db
I/ActivityManager(  203): Start proc com.google.android.inputmethod.latin.dictionarypack for content provider com.google.android.inputmethod.latin.dictionarypack/.DictionaryProvider: pid=619 uid=10029 gids={3003, 1015}
I/RegisteredComponentCache(  558): ComponentInfo: ResolveInfo{416b8b30 com.android.apps.tag.TagViewer p=0 o=0 m=0x108000}, techs: android.nfc.tech.Ndef, 
I/ActivityManager(  203): Start proc android.process.acore for content provider com.android.providers.userdictionary/.UserDictionaryProvider: pid=632 uid=10001 gids={3003, 1015}
I/ActivityThread(  619): Pub com.android.inputmethod.latin.dictionarypack: com.google.android.inputmethod.latin.dictionarypack.DictionaryProvider
I/ActivityManager(  203): Start proc com.google.process.gapps for service com.google.android.location/.NetworkLocationService: pid=646 uid=10013 gids={3003, 1015, 1007, 2001, 3006}
I/ActivityManager(  203): START {act=android.intent.action.MAIN cat=[android.intent.category.HOME] flg=0x10000000 cmp=com.google.android.setupwizard/.SetupWizardActivity} from pid 0
I/ActivityThread(  593): Pub downloads: com.android.providers.downloads.DownloadProvider
I/dalvikvm(  646): Turning on JNI app bug workarounds for target SDK version 12...
I/ActivityManager(  203): Start proc com.google.android.setupwizard for activity com.google.android.setupwizard/.SetupWizardActivity: pid=660 uid=10045 gids={3003}
I/NfceeAccess(  558): read 1 signature(s) for NFCEE access
D/dalvikvm(  527): GC_CONCURRENT freed 285K, 3% free 12685K/13063K, paused 2ms+3ms
I/ActivityThread(  632): Pub com.android.voicemail: com.android.providers.contacts.VoicemailContentProvider
D/StorageNotification(  460): Startup with UMS connection false (media state mounted)
I/ActivityThread(  632): Pub user_dictionary: com.android.providers.userdictionary.UserDictionaryProvider
I/ActivityThread(  632): Pub com.android.social: com.android.providers.contacts.SocialProvider
I/ActivityThread(  632): Pub applications: com.android.providers.applications.ApplicationsProvider
I/ActivityThread(  593): Pub drm: com.android.providers.drm.DrmProvider
I/DownloadManager(  593): in removeSpuriousFiles
I/StorageNotification(  460): UMS connection changed to false (media state mounted)
I/ActivityThread(  646): Pub com.google.settings: com.google.android.gsf.settings.GoogleSettingsProvider
D/SystemUIService(  460): loading: class com.android.systemui.power.PowerUI
D/SystemUIService(  460): running: com.android.systemui.power.PowerUI@41837058
D/MtpService(  593): addStorageLocked 65537 /mnt/sdcard
D/NfcService(  558): checking on firmware download
I/ActivityThread(  632): Pub contacts;com.android.contacts: com.android.providers.contacts.ContactsProvider2
D/MtpService(  593): starting MTP server in MTP mode
D/NfcService(  558): NFC is on. Doing normal stuff
I/NfcService(  558): Enabling NFC
D/NFC JNI (  558): Start Initialization
D/MtpService(  593): addStorageLocked 65537 /mnt/sdcard
D/LocalBluetoothProfileManager(  580): LocalBluetoothProfileManager construction complete
I/SetupWizard(  660): SetupWizardActivity.onCreate(null) LTE == true
I/ActivityThread(  632): Pub call_log: com.android.providers.contacts.CallLogProvider
V/NetworkMonitor(  660): Starting NetworkMonitor
D/WifiService(  203): New client listening to asynchronous messages
I/ActivityManager(  203): Start proc com.google.android.gsf.login for service com.google.android.gsf.login/com.google.android.gsf.loginservice.GoogleLoginService: pid=683 uid=10013 gids={3003, 1015, 1007, 2001, 3006}
I/SetupWizard(  660): disabling notifications and status bar
D/libEGL  (  460): loaded /system/lib/egl/libGLES_android.so
D/libEGL  (  460): loaded /vendor/lib/egl/libEGL_POWERVR_SGX540_120.so
D/libEGL  (  460): loaded /vendor/lib/egl/libGLESv1_CM_POWERVR_SGX540_120.so
D/libEGL  (  460): loaded /vendor/lib/egl/libGLESv2_POWERVR_SGX540_120.so
D/OpenGLRenderer(  460): Enabling debug mode 0
I/SetupWizard(  660): starting activity 10001
I/SetupWizard(  660): SetupWizardActivity.onCreate() completed
V/NetworkMonitor(  660): Network is DOWN, Checkin has NOT succeeded, GLS is NOT connected
I/SetupWizard(  660): PrepayDetectionService.onStartCommand()
I/ActivityManager(  203): START {cmp=com.google.android.setupwizard/.WelcomeActivity (has extras)} from pid 660
I/SetupWizard(  660): starting prepay detection thread
V/NetworkMonitor(  660): Starting NetworkMonitor
I/SetupWizard(  660): disabling notifications and status bar
D/dalvikvm(  203): GC_CONCURRENT freed 505K, 19% free 15354K/18823K, paused 2ms+3ms
D/NFC JNI (  558): NFC capabilities: HAL = 8150100, FW = a76d07, HW = 620003, Model = 0, HCI = 1, Full_FW = 109, Rev = 7, FW Update Info = 0
D/dalvikvm(  203): GC_EXPLICIT freed 27K, 19% free 15327K/18823K, paused 4ms+5ms
D/PhoneStatusBar(  460): disable: < EXPAND* ICONS* ALERTS* ticker SYSTEM_INFO* back HOME* RECENT* clock >
D/dalvikvm(  660): GC_FOR_ALLOC freed 83K, 2% free 12651K/12867K, paused 29ms
I/dalvikvm-heap(  660): Grow heap (frag case) to 13.160MB for 784336-byte allocation
D/dalvikvm(  660): GC_CONCURRENT freed 1K, 2% free 13416K/13639K, paused 1ms+2ms
D/NFC JNI (  558): phLibNfc_SE_GetSecureElementList()
D/NFC JNI (  558): 
D/NFC JNI (  558): > Number of Secure Element(s) : 1
D/NFC JNI (  558): phLibNfc_SE_GetSecureElementList(): SMX detected, handle=0xabcdef
D/NFC JNI (  558): phLibNfc_SE_SetMode() returned 0x000d[NFCSTATUS_PENDING]
I/NFC JNI (  558): NFC Initialized
D/NdefPushServer(  558): start, thread = null
D/NdefPushServer(  558): starting new server thread
D/NfcService(  558): NFC-EE OFF
D/NdefPushServer(  558): about create LLCP service socket
D/NdefPushServer(  558): created LLCP service socket
D/NdefPushServer(  558): about to accept
D/NfcService(  558): NFC-C OFF
I/NfcService(  558): First Boot
I/NfcService(  558): Executing SE wipe
D/dalvikvm(  460): GC_CONCURRENT freed 183K, 3% free 14430K/14727K, paused 2ms+7ms
I/ActivityThread(  646): Pub subscribedfeeds: com.google.android.gsf.subscribedfeeds.SubscribedFeedsProvider
I/ActivityThread(  646): Pub com.google.contacts.gal.provider: com.google.android.syncadapters.contacts.GalProvider
I/ActivityThread(  646): Pub com.google.android.gsf.gservices: com.google.android.gsf.gservices.GservicesProvider
I/GservicesProvider(  646): Gservices pushing to system: true; secure: true
I/ActivityThread(  646): Pub com.google.android.providers.talk: com.google.android.gsf.talk.TalkProvider
I/DownloadManager(  593): Upgrading downloads database from version 0 to version 107, which will destroy all old data
D/dalvikvm(  632): GC_CONCURRENT freed 184K, 2% free 12819K/13063K, paused 2ms+2ms
D/NetworkLocationService(  646): onCreate com.google.android.location.NetworkLocationService@416da8c8
D/NetworkLocationClient(  646): ANDROID minProtocolVersion 1 maxProtocolVersion 1 releaseVersion -1
D/NetworkLocationClient(  646): binding to Intent { act=com.google.android.location.internal.ANDROID_NLP }
I/ContactsDatabaseHelper(  632): Bootstrapping database version: 625
I/SetupWizard(  660): initializing locale to en_US == en_US (15 of 60)
V/NetworkMonitor(  660): Network is DOWN, Checkin has NOT succeeded, GLS is NOT connected
D/libEGL  (  660): loaded /system/lib/egl/libGLES_android.so
D/libEGL  (  660): loaded /vendor/lib/egl/libEGL_POWERVR_SGX540_120.so
D/PhoneStatusBar(  460): disable: < EXPAND ICONS ALERTS ticker SYSTEM_INFO BACK* HOME RECENT clock >
D/libEGL  (  660): loaded /vendor/lib/egl/libGLESv1_CM_POWERVR_SGX540_120.so
D/libEGL  (  660): loaded /vendor/lib/egl/libGLESv2_POWERVR_SGX540_120.so
D/OpenGLRenderer(  660): Enabling debug mode 0
D/dalvikvm(  632): GC_CONCURRENT freed 293K, 3% free 12998K/13383K, paused 2ms+6ms
I/ContactsProviderV1(  632): Bootstrapping database legacy support
D/dalvikvm(  632): GC_CONCURRENT freed 489K, 5% free 12924K/13511K, paused 1ms+2ms
I/ActivityManager(  203): Displayed com.google.android.setupwizard/.WelcomeActivity: +2s544ms (total +3s739ms)
D/PowerManagerService(  203): bootCompleted
V/DevicePolicyManagerService(  203): Sending password expiration notifications for action android.intent.action.BOOT_COMPLETED
W/MountService(  203): Duplicate state transition (mounted -> mounted) for /mnt/sdcard
D/MountService(  203): sendStorageIntent Intent { act=android.intent.action.MEDIA_MOUNTED dat=file:///mnt/sdcard (has extras) }
I/ActivityManager(  203): Start proc com.android.contacts for broadcast com.android.contacts/.calllog.CallLogReceiver: pid=743 uid=10001 gids={3003, 1015}
V/WiredAccessoryObserver(  203): init()
I/SearchManagerService(  203): Building list of searchable activities
D/IMSFW   (  542): IMSReceiver: >>>> BROADCAST Event - ACTION_BOOT_COMPLETED
D/IMSFW   (  542): IMSReceiver: ACTION_BOOT_COMPLETED -> isRegistrationSupportReq: 1 Trigget for IMS registration
D/IMSFW   (  542): IMSService: >>> IMSFramework V1.4a 2011.11.9 
D/IMSFW   (  542): IMSService: >>> Creating IMS Service and instantiating imsservice stub, this: com.sec.android.internal.ims.IMSService@416a8460
D/AccountTypeManager(  743): Registering 1 extension packages
E/ExternalAccountType(  743): Unsupported attribute readOnly
W/ResourceType(  743): getEntry failing because entryIndex 211 is beyond type entryCount 189
W/ResourceType(  743): Failure getting entry for 0x7f0200d3 (t=1 e=211) in package 0 (error -2147483647)
D/IMSFW   (  542): NativeInterface: Success --> Loaded libims_jni.so
D/IMSFW   (  542): IMSServiceStub$ServiceSender: IMS ServiceSender
D/IMSFW   (  542): IIL: Instantiaing IIL 
D/IMSFW   (  542): IIL: Connected to '7467' socket
D/IMSFW   (  542): ImsSMSInterface: ImsSMSInterface is initilized
D/IMSFW   (  542): IIL: readIPCMessage
D/AccountTypeManager(  743): Registering extension package account type=com.google, dataSet=plus, packageName=com.google.android.apps.plus
I/AccountTypeManager(  743): Loaded meta-data for 3 account types, 0 accounts in 85ms(wall) 21ms(cpu)
V/NetworkMonitor(  660): GLS onServiceConnected
V/NetworkMonitor(  660): Network is DOWN, Checkin has NOT succeeded, GLS IS connected
V/NetworkMonitor(  660): GLS onServiceConnected
V/NetworkMonitor(  660): Network is DOWN, Checkin has NOT succeeded, GLS IS connected
D/NetworkLocationService(  646): onBind com.google.android.location.NetworkLocationProvidercom.google.android.location.NetworkLocationService@416da8c8
D/NetworkLocationService(  646): onBind com.google.android.location.GeocodeProvidercom.google.android.location.NetworkLocationService@416da8c8
D/dalvikvm(  593): GC_CONCURRENT freed 242K, 3% free 12762K/13127K, paused 7ms+3ms
I/DownloadManager(  593): Initiating request for download 1
W/DownloadManager(  593): Aborting request for download 1: no network connection available
D/androidInternalNlpService(  646): onCreate com.google.android.location.internal.server.NetworkLocationService@416fed68
D/androidNlpServiceThread(  646): ANDROID minProtocolVersion 1 maxProtocolVersion 1 releaseVersion -1
D/NetworkLocationRealOs(  646): ------------------------ reading cache.cell
D/NetworkLocationRealOs(  646): no cache.cell found; not migrating
D/NetworkLocationRealOs(  646): ------------------------ reading cache.wifi
D/NetworkLocationRealOs(  646): no cache.wifi found; not migrating
D/dalvikvm(  646): GC_CONCURRENT freed 281K, 3% free 12787K/13127K, paused 6ms+4ms
D/NetworkLocationClient(  646): onServiceConnected to ComponentInfo{com.google.android.location/com.google.android.location.internal.server.NetworkLocationService}
D/androidNetworkLocationListeners(  646): Still have listener com.google.android.location.internal.client.NetworkLocationClient$1@416e0080
E/DefaultVoicemailNotifier(  743): No voicemails to notify about: clear the notification.
D/GpsLocationProvider(  203): set_capabilities_callback: 1
V/ContactsProvider(  632): Importing legacy contacts
I/ContactsDatabaseHelper(  632): Switching to locale en_US
D/dalvikvm(  632): GC_CONCURRENT freed 344K, 4% free 12983K/13511K, paused 2ms+9ms
I/ContactsDatabaseHelper(  632): Locale change completed in 619ms
I/LegacyContactImporter(  632): Legacy contacts database does not exist at /data/data/com.android.providers.contacts/databases/contacts.db
V/ContactsProvider(  632): Completed import of legacy contacts
I/RegisteredComponentCache(  558): ComponentInfo: ResolveInfo{416d6b78 com.android.apps.tag.TagViewer p=0 o=0 m=0x108000}, techs: android.nfc.tech.Ndef, 
D/PackageManager(  203): generateServicesMap(android.accounts.AccountAuthenticator): 3 services unchanged
I/RegisteredComponentCache(  558): ComponentInfo: ResolveInfo{416d7b80 com.android.apps.tag.TagViewer p=0 o=0 m=0x108000}, techs: android.nfc.tech.Ndef, 
D/AccountTypeManager(  743): Registering 1 extension packages
E/ExternalAccountType(  743): Unsupported attribute readOnly
W/ResourceType(  743): getEntry failing because entryIndex 211 is beyond type entryCount 189
W/ResourceType(  743): Failure getting entry for 0x7f0200d3 (t=1 e=211) in package 0 (error -2147483647)
D/PackageManager(  203): generateServicesMap(android.content.SyncAdapter): 15 services unchanged
D/dalvikvm(  743): GC_CONCURRENT freed 209K, 3% free 12795K/13063K, paused 2ms+2ms
D/AccountTypeManager(  743): Registering extension package account type=com.google, dataSet=plus, packageName=com.google.android.apps.plus
I/AccountTypeManager(  743): Loaded meta-data for 3 account types, 0 accounts in 48ms(wall) 9ms(cpu)
D/AccountTypeManager(  743): Registering 1 extension packages
E/ExternalAccountType(  743): Unsupported attribute readOnly
W/ResourceType(  743): getEntry failing because entryIndex 211 is beyond type entryCount 189
W/ResourceType(  743): Failure getting entry for 0x7f0200d3 (t=1 e=211) in package 0 (error -2147483647)
D/AccountTypeManager(  743): Registering extension package account type=com.google, dataSet=plus, packageName=com.google.android.apps.plus
I/AccountTypeManager(  743): Loaded meta-data for 3 account types, 0 accounts in 20ms(wall) 8ms(cpu)
I/ActivityManager(  203): Start proc com.android.exchange for content provider com.android.exchange/.provider.ExchangeDirectoryProvider: pid=804 uid=10018 gids={3003, 1015}
D/PackageManager(  203): generateServicesMap(android.accounts.AccountAuthenticator): 3 services unchanged
D/PackageManager(  203): generateServicesMap(android.content.SyncAdapter): 15 services unchanged
I/ActivityThread(  804): Pub com.android.exchange.directory.provider: com.android.exchange.provider.ExchangeDirectoryProvider
I/ContactDirectoryManager(  632): deleted 0 stale rows which don't have any relevant directory
I/ContactDirectoryManager(  632): Discovered 0 contact directories in 37ms
I/ContactsProvider(  632): Upgrading aggregation algorithm
I/ContactsProvider(  632): Aggregation algorithm upgraded for 0 contacts, in 9ms
I/ContactsFTS(  632): Rebuild contact search index in 34ms, 0 contacts
I/ActivityThread(  527): Pub icc: com.android.phone.IccProvider
I/ActivityThread(  527): Pub mms: com.android.providers.telephony.MmsProvider
I/ActivityThread(  527): Pub sms: com.android.providers.telephony.SmsProvider
I/ActivityThread(  527): Pub mms-sms: com.android.providers.telephony.MmsSmsProvider
D/dalvikvm(  527): GC_CONCURRENT freed 385K, 4% free 12731K/13191K, paused 5ms+3ms
W/ActivityManager(  203): Unable to start service Intent { act=com.android.internal.telephony.IWapPushManager }: not found
D/CAT     (  527): CatService: Is running
D/CAT     (  527): CatService: NEW sInstance
W/ActivityManager(  203): Unable to start service Intent { act=com.android.internal.telephony.IWapPushManager }: not found
D/CallManager(  527): registerPhone(CDMA Handler (com.android.internal.telephony.PhoneProxy) {41711238})
D/Bluetooth HS/HF(  527): CDMA call state: IDLE prev state:IDLE
W/ActivityManager(  203): Unable to start service Intent { act=com.android.ussd.IExtendedNetworkService }: not found
D/OtaUtils(  527): CdmaOtaConfigData constructor!
D/OtaUtils(  527): CdmaOtaInCallScreenState: constructor init to UNDEFINED
V/OtaStartupReceiver(  527): onReceive: intent action=android.intent.action.BOOT_COMPLETED  mOtaspMode=-1
D/OtaStartupReceiver(  527): Register our PhoneStateListener
V/OtaStartupReceiver(  527): resolvInfo = ResolveInfo{416f2638 com.google.android.setupwizard.SetupWizardActivity p=1 o=0 m=0x108000}, provisioned = false, runningSetupWizard = true
D/OtaStartupReceiver(  527): Postponing OTASP until wizard runs
D/IMSFW   (  542): RPMInterface$3:  onServiceStateChanged : 1 home null null null  Unknown:0 CSS not supported -1 -1 RoamInd=-1 DefRoamInd=-1 EmergOnly=false
D/IMSFW   (  542): RPMInterface$3: [ IMS registeration : false State of registration : STATE_NONE ]
D/IMSFW   (  542): RPMInterface$3: None - LTE/EHRPD
I/ActivityManager(  203): Start proc com.amazon.venezia for broadcast com.amazon.venezia/com.amazon.mas.client.framework.BootLoader: pid=832 uid=10000 gids={3003, 1015}
I/RecoverySystem(  203): Deleted: /cache/recovery/log
I/dalvikvm(  832): Turning on JNI app bug workarounds for target SDK version 9...
D/dalvikvm(  203): GC_CONCURRENT freed 430K, 17% free 15724K/18823K, paused 5ms+7ms
D/Bluetooth HSHFP(  527): Starting BluetoothHeadsetService
V/OtaStartupReceiver(  527): onOtaspChanged: mOtaspMode=1
I/BootReceiver(  203): Copying /proc/last_kmsg to DropBox (SYSTEM_LAST_KMSG)
I/ActivityThread(  832): Pub com.amazon.appstore: com.amazon.mas.client.contentprovider.ContentProviderApps
D/dalvikvm(  527): GC_CONCURRENT freed 298K, 3% free 12887K/13255K, paused 2ms+2ms
V//ContextScope.java:112(  832): 04:15:54.839 main Contexts in the main scope map after inserting com.amazon.venezia.VeneziaApplication@416e8e00: com.amazon.venezia.VeneziaApplication@416e8e00
D/dalvikvm(  832): GC_CONCURRENT freed 246K, 3% free 12822K/13127K, paused 2ms+1ms
D/dalvikvm(  832): GC_CONCURRENT freed 411K, 4% free 12863K/13383K, paused 2ms+2ms
D/dalvikvm(  832): GC_CONCURRENT freed 477K, 5% free 12902K/13447K, paused 2ms+6ms
D/dalvikvm(  832): GC_CONCURRENT freed 464K, 5% free 12967K/13511K, paused 1ms+6ms
D/dalvikvm(  832): GC_CONCURRENT freed 515K, 5% free 12983K/13575K, paused 2ms+3ms
D/dalvikvm(  832): GC_CONCURRENT freed 474K, 5% free 13020K/13575K, paused 1ms+1ms
D//Ln.java:220(  832): 04:15:55.446 main Configuring Logging, minimum log level is INFO
D/dalvikvm(  832): GC_CONCURRENT freed 509K, 5% free 13045K/13639K, paused 5ms+2ms
W/AmazonAppstore.ServiceProvider(  832): No ServiceConfig pref, not loading ServiceConfig.
D/dalvikvm(  832): GC_CONCURRENT freed 239K, 4% free 13200K/13639K, paused 3ms+3ms
W/AmazonAppstore.ServiceProvider(  832): No ServiceConfig pref, not loading ServiceConfig.
D/IMSFW   (  542): RPMInterface$3:  onServiceStateChanged : 3 home null null null  Unknown:0 CSS not supported -1 -1 RoamInd=-1 DefRoamInd=-1 EmergOnly=false
D/IMSFW   (  542): RPMInterface$3: [ IMS registeration : false State of registration : STATE_NONE ]
D/IMSFW   (  542): RPMInterface$3: None - LTE/EHRPD
I/Venezia (  832): Application setup complete.
W/ActivityManager(  203): Unable to start service Intent { cmp=com.amazon.venezia/android.text.style.UpdateAppearance }: not found
D/IMSFW   (  542): RPMInterface$3:  onServiceStateChanged : 1 home   00000  Unknown:0 CSS not supported 0 0 RoamInd=1 DefRoamInd=1 EmergOnly=false
D/IMSFW   (  542): RPMInterface$3: [ IMS registeration : false State of registration : STATE_NONE ]
D/IMSFW   (  542): RPMInterface$3: None - LTE/EHRPD
I/ActivityManager(  203): Start proc com.android.bip for broadcast com.android.bip/.BIPBootCompleteReceiver: pid=854 uid=10002 gids={3003}
D/dalvikvm(  118): GC_EXPLICIT freed 38K, 3% free 12563K/12867K, paused 2ms+2ms
I/AmazonAppstore.UpdateService(  832): Self-updating enabled: true
D/AmazonAppstore.UpdateService(  832): Adding self-update command to UpdateService
D/AmazonAppstore.UpdateService(  832): Received action: com.amazon.mas.client.framework.UpdateService.EXECUTE_RECURRING_TASKS from intent: Intent { act=com.amazon.mas.client.framework.UpdateService.EXECUTE_RECURRING_TASKS cmp=com.amazon.venezia/com.amazon.mas.client.framework.UpdateService }
D/dalvikvm(  118): GC_EXPLICIT freed <1K, 3% free 12563K/12867K, paused 1ms+10ms
D/dalvikvm(  832): GC_CONCURRENT freed 425K, 4% free 13300K/13831K, paused 2ms+2ms
D/dalvikvm(  118): GC_EXPLICIT freed <1K, 3% free 12563K/12867K, paused 1ms+2ms
I/ActivityManager(  203): Start proc com.android.providers.calendar for broadcast com.android.providers.calendar/.CalendarReceiver: pid=870 uid=10009 gids={3003, 1015}
I/ActivityThread(  870): Pub com.android.calendar: com.android.providers.calendar.CalendarProvider2
D/CAT     (  527): CatService: ril message arrived
D/CAT     (  527): CatService: SESSION END
E/AmazonAppstore.AbstractWebInvoker(  832): Error during request.
E/AmazonAppstore.UpdateCommand(  832): Scheduling error retry in: 900000 ms
E/AmazonAppstore.AbstractWebInvoker(  832): Error during request.
E/AmazonAppstore.UpdateBlacklistCommand(  832): Caught a service exception while trying to get the blacklist.  Continuing.
I/CalendarDatabaseHelper(  870): Bootstrapping database
I/dalvikvm(  832): Total arena pages for JIT: 11
I/dalvikvm(  832): Total arena pages for JIT: 12
I/dalvikvm(  832): Total arena pages for JIT: 13
I/dalvikvm(  832): Total arena pages for JIT: 14
I/dalvikvm(  832): Total arena pages for JIT: 15
I/dalvikvm(  832): Total arena pages for JIT: 16
I/dalvikvm(  832): Total arena pages for JIT: 17
D/dalvikvm(  832): GC_CONCURRENT freed 400K, 4% free 13335K/13831K, paused 10ms+5ms
I/ActivityManager(  203): Start proc com.android.deskclock for broadcast com.android.deskclock/.AlarmInitReceiver: pid=888 uid=10015 gids={}
I/dalvikvm(  832): Total arena pages for JIT: 18
I/ActivityThread(  888): Pub com.android.deskclock: com.android.deskclock.AlarmProvider
E/AmazonAppstore.AbstractWebInvoker(  832): Error during request.
E/AmazonAppstore.UpdateCommand(  832): Scheduling error retry in: 900000 ms
W/BackupManagerService(  203): dataChanged but no participant pkg='com.android.providers.settings' uid=10015
V/AlarmClock(  888): AlarmInitReceiver finished
I/ActivityManager(  203): Start proc com.android.email for broadcast com.android.email/.service.EmailBroadcastReceiver: pid=905 uid=10017 gids={3003, 1015}
I/ActivityThread(  905): Pub com.android.email.provider;com.android.email.notifier: com.android.email.provider.EmailProvider
I/ActivityThread(  905): Pub com.android.email.attachmentprovider: com.android.email.provider.AttachmentProvider
D/ExchangeService(  804): !!! EAS ExchangeService, onCreate
D/ExchangeService(  804): !!! EAS ExchangeService, onStartCommand, startingUp = false, running = false
I/Email   (  905): Onetime initialization: 1
I/Email   (  905): Onetime initialization: 2
I/ActivityManager(  203): Start proc com.google.android.apps.genie.geniewidget for broadcast com.google.android.apps.genie.geniewidget/.miniwidget.MiniWidgetProvider: pid=928 uid=10021 gids={3003, 1015}
D/ExchangeService(  804): !!! EAS ExchangeService, onStartCommand, startingUp = true, running = false
D/Eas Debug(  804): Logging: 
I/dalvikvm(  928): Turning on JNI app bug workarounds for target SDK version 11...
I/ActivityThread(  928): Pub com.google.android.apps.genie.geniewidget.weather: com.google.android.apps.genie.geniewidget.providers.WeatherProvider
I/ActivityThread(  928): Pub com.google.android.apps.genie.geniewidget.newsimage: com.google.android.apps.genie.geniewidget.providers.NewsImageProvider
D/dalvikvm(  203): GC_CONCURRENT freed 877K, 18% free 15532K/18823K, paused 3ms+3ms
D/ExchangeService(  804): !!! EAS ExchangeService, onStartCommand, startingUp = true, running = false
D/ExchangeService(  804): Received deviceId from Email app: androidc1740015098
D/ExchangeService(  804): Reconciling accounts...
W/Genie   (  928): Cache file not found: java.io.FileNotFoundException: /data/data/com.google.android.apps.genie.geniewidget/cache/genie_masfcache: open failed: ENOENT (No such file or directory)
W/Genie   (  928): Cache file not found: java.io.FileNotFoundException: /data/data/com.google.android.apps.genie.geniewidget/cache/genie_iconcache: open failed: ENOENT (No such file or directory)
D/Eas Debug(  804): Logging: 
D/dalvikvm(  203): GC_EXPLICIT freed 46K, 18% free 15494K/18823K, paused 2ms+3ms
I/ActivityManager(  203): Start proc com.google.android.gm for broadcast com.google.android.gm/.GoogleMailDeviceStartupReceiver: pid=956 uid=10022 gids={3003, 1015}
I/ActivityThread(  956): Pub gmail-ls: com.google.android.gm.provider.MailProvider
I/ActivityThread(  956): Pub com.google.android.gmail.SuggestionProvider: com.google.android.gm.SuggestionsProvider
I/ActivityThread(  956): Pub com.google.android.gm: com.google.android.gm.provider.PublicContentProvider
D/EmailProvider(  905): Creating EmailProvider database
I/CalendarProvider2(  870): Sending notification intent: Intent { act=android.intent.action.PROVIDER_CHANGED dat=content://com.android.calendar }
W/ContentResolver(  870): Failed to get type for: content://com.android.calendar (Unknown URL content://com.android.calendar)
D/IMSFW   (  542): IIL: toRILMobileDataOnOff 
D/EmailProvider(  905): Creating EmailProviderBody database
I/ActivityManager(  203): Start proc com.google.android.partnersetup for broadcast com.google.android.partnersetup/.GooglePartnerSetup: pid=977 uid=10024 gids={3003}
I/ActivityThread(  977): Pub com.google.android.partnersetup.rlzprovider: com.google.android.partnersetup.RlzProvider
I/ActivityThread(  977): Pub com.google.android.partnersetup.rlzappprovider: com.google.android.partnersetup.RlzAppProvider
D/dalvikvm(  203): GC_CONCURRENT freed 582K, 18% free 15578K/18823K, paused 6ms+3ms
D/EmailProvider(  905): Creating EmailProvider database
I/ActivityManager(  203): Force stopping package com.google.android.apps.maps uid=10033
I/RegisteredComponentCache(  558): ComponentInfo: ResolveInfo{416d8b98 com.android.apps.tag.TagViewer p=0 o=0 m=0x108000}, techs: android.nfc.tech.Ndef, 
D/PackageManager(  203): generateServicesMap(android.accounts.AccountAuthenticator): 3 services unchanged
D/AccountTypeManager(  743): Registering 1 extension packages
I/ActivityManager(  203): Force stopping package com.google.android.youtube uid=10060
I/RegisteredComponentCache(  558): ComponentInfo: ResolveInfo{416d9ba8 com.android.apps.tag.TagViewer p=0 o=0 m=0x108000}, techs: android.nfc.tech.Ndef, 
E/ExternalAccountType(  743): Unsupported attribute readOnly
W/ResourceType(  743): getEntry failing because entryIndex 211 is beyond type entryCount 189
W/ResourceType(  743): Failure getting entry for 0x7f0200d3 (t=1 e=211) in package 0 (error -2147483647)
D/PackageManager(  203): generateServicesMap(android.content.SyncAdapter): 15 services unchanged
D/dalvikvm(  632): GC_CONCURRENT freed 383K, 4% free 13007K/13511K, paused 31ms+2ms
I/Email   (  905): Onetime initialization: completed.
I/ActivityManager(  203): Force stopping package com.android.vending uid=10042
I/RegisteredComponentCache(  558): ComponentInfo: ResolveInfo{416dabb0 com.android.apps.tag.TagViewer p=0 o=0 m=0x108000}, techs: android.nfc.tech.Ndef, 
D/AccountTypeManager(  743): Registering extension package account type=com.google, dataSet=plus, packageName=com.google.android.apps.plus
I/RlzPingService(  977): Setting next ping for 1328501759028
D/dalvikvm(  203): GC_CONCURRENT freed 648K, 17% free 15693K/18823K, paused 6ms+4ms
D/dalvikvm(  905): GC_CONCURRENT freed 218K, 3% free 12808K/13127K, paused 19ms+3ms
I/AccountTypeManager(  743): Loaded meta-data for 3 account types, 0 accounts in 740ms(wall) 11ms(cpu)
D/AccountTypeManager(  743): Registering 1 extension packages
E/ExternalAccountType(  743): Unsupported attribute readOnly
W/ResourceType(  743): getEntry failing because entryIndex 211 is beyond type entryCount 189
W/ResourceType(  743): Failure getting entry for 0x7f0200d3 (t=1 e=211) in package 0 (error -2147483647)
I/ActivityManager(  203): Force stopping package com.google.android.voicesearch uid=10058
D/dalvikvm(  203): GC_CONCURRENT freed 751K, 17% free 15638K/18823K, paused 4ms+3ms
I/RegisteredComponentCache(  558): ComponentInfo: ResolveInfo{416dbbc8 com.android.apps.tag.TagViewer p=0 o=0 m=0x108000}, techs: android.nfc.tech.Ndef, 
D/AccountTypeManager(  743): Registering extension package account type=com.google, dataSet=plus, packageName=com.google.android.apps.plus
I/AccountTypeManager(  743): Loaded meta-data for 3 account types, 0 accounts in 1496ms(wall) 18ms(cpu)
D/AccountTypeManager(  743): Registering 1 extension packages
E/ExternalAccountType(  743): Unsupported attribute readOnly
W/ResourceType(  743): getEntry failing because entryIndex 211 is beyond type entryCount 189
W/ResourceType(  743): Failure getting entry for 0x7f0200d3 (t=1 e=211) in package 0 (error -2147483647)
I/ActivityManager(  203): Force stopping package com.google.android.apps.books uid=10005
D/ExchangeService(  804): !!! EAS ExchangeService, onStartCommand, startingUp = false, running = false
I/RegisteredComponentCache(  558): ComponentInfo: ResolveInfo{416dcbe0 com.android.apps.tag.TagViewer p=0 o=0 m=0x108000}, techs: android.nfc.tech.Ndef, 
I/EventLogService(  646): Aggregate from 0 (log), 0 (data)
D/ExchangeService(  804): Reconciling accounts...
D/PackageManager(  203): generateServicesMap(android.accounts.AccountAuthenticator): 3 services unchanged
D/AccountTypeManager(  743): Registering extension package account type=com.google, dataSet=plus, packageName=com.google.android.apps.plus
I/ActivityManager(  203): Force stopping package com.google.android.videos uid=10055
I/RegisteredComponentCache(  558): ComponentInfo: ResolveInfo{416ddbf0 com.android.apps.tag.TagViewer p=0 o=0 m=0x108000}, techs: android.nfc.tech.Ndef, 
D/PackageManager(  203): generateServicesMap(android.content.SyncAdapter): 15 services unchanged
I/AccountTypeManager(  743): Loaded meta-data for 3 account types, 0 accounts in 492ms(wall) 8ms(cpu)
D/dalvikvm(  203): GC_CONCURRENT freed 671K, 17% free 15730K/18823K, paused 8ms+4ms
I/SystemUpdateService(  646): checking for post-install intent
I/SystemUpdateService(  646): cancelUpdate (empty URL)
D/AccountTypeManager(  743): Registering 1 extension packages
E/ExternalAccountType(  743): Unsupported attribute readOnly
W/ResourceType(  743): getEntry failing because entryIndex 211 is beyond type entryCount 189
W/ResourceType(  743): Failure getting entry for 0x7f0200d3 (t=1 e=211) in package 0 (error -2147483647)
I/dalvikvm( 1021): Turning on JNI app bug workarounds for target SDK version 13...
I/ActivityManager(  203): Start proc com.google.android.apps.maps:FriendService for broadcast com.google.android.apps.maps/com.google.googlenav.friend.android.ServiceReceiver: pid=1021 uid=10033 gids={3003, 1015}
D/PackageManager(  203): generateServicesMap(android.accounts.AccountAuthenticator): 3 services unchanged
D/PackageManager(  203): generateServicesMap(android.content.SyncAdapter): 15 services unchanged
D/AccountTypeManager(  743): Registering extension package account type=com.google, dataSet=plus, packageName=com.google.android.apps.plus
I/AccountTypeManager(  743): Loaded meta-data for 3 account types, 0 accounts in 130ms(wall) 7ms(cpu)
D/AccountTypeManager(  743): Registering 1 extension packages
E/ExternalAccountType(  743): Unsupported attribute readOnly
W/ResourceType(  743): getEntry failing because entryIndex 211 is beyond type entryCount 189
W/ResourceType(  743): Failure getting entry for 0x7f0200d3 (t=1 e=211) in package 0 (error -2147483647)
D/AccountTypeManager(  743): Registering extension package account type=com.google, dataSet=plus, packageName=com.google.android.apps.plus
I/AccountTypeManager(  743): Loaded meta-data for 3 account types, 0 accounts in 15ms(wall) 7ms(cpu)
D/AccountTypeManager(  743): Registering 1 extension packages
D/PermissionCache(  117): checking android.permission.READ_FRAME_BUFFER for uid=1000 => granted (152 us)
E/ExternalAccountType(  743): Unsupported attribute readOnly
W/ResourceType(  743): getEntry failing because entryIndex 211 is beyond type entryCount 189
W/ResourceType(  743): Failure getting entry for 0x7f0200d3 (t=1 e=211) in package 0 (error -2147483647)
I/ActivityManager(  203): START {flg=0x10000000 cmp=com.google.android.gsf/.update.SystemUpdateInstallDialog} from pid 646
D/AccountTypeManager(  743): Registering extension package account type=com.google, dataSet=plus, packageName=com.google.android.apps.plus
I/AccountTypeManager(  743): Loaded meta-data for 3 account types, 0 accounts in 14ms(wall) 6ms(cpu)
D/dalvikvm( 1021): GC_CONCURRENT freed 168K, 2% free 12900K/13127K, paused 2ms+2ms
D/dalvikvm(  646): GC_CONCURRENT freed 355K, 4% free 12866K/13319K, paused 2ms+2ms
D/PackageManager(  203): generateServicesMap(android.accounts.AccountAuthenticator): 3 services unchanged
I/ActivityManager(  203): START {flg=0x10000000 cmp=com.google.android.gsf/.update.SystemUpdateDownloadDialog} from pid 646
D/PackageManager(  203): generateServicesMap(android.content.SyncAdapter): 15 services unchanged
D/PackageManager(  203): generateServicesMap(android.accounts.AccountAuthenticator): 3 services unchanged
D/PackageManager(  203): generateServicesMap(android.content.SyncAdapter): 15 services unchanged
V/SystemUpdateService(  646): onPostExecute: false
D/PackageManager(  203): generateServicesMap(android.accounts.AccountAuthenticator): 3 services unchanged
D/PackageManager(  203): generateServicesMap(android.content.SyncAdapter): 15 services unchanged
W/InputManagerService(  203): Window already focused, ignoring focus gain of: com.android.internal.view.IInputMethodClient$Stub$Proxy@41741188
D/dalvikvm(  203): GC_CONCURRENT freed 809K, 17% free 15697K/18823K, paused 6ms+4ms
I/ActivityManager(  203): Start proc com.android.mms for broadcast com.android.mms/.transaction.MmsSystemEventReceiver: pid=1035 uid=10037 gids={3003, 1015}
I/ActivityThread( 1035): Pub mms_temp_file: com.android.mms.TempFileProvider
I/ActivityThread( 1035): Pub com.android.mms.SuggestionsProvider: com.android.mms.SuggestionsProvider
V/MmsConfig( 1035): mnc/mcc: 
V/MmsConfig( 1035): tag: bool value: enabledTransID - true
V/MmsConfig( 1035): tag: bool value: enabledNotifyWapMMSC - true
V/MmsConfig( 1035): tag: int value: maxMessageSize - 1258291
V/MmsConfig( 1035): tag: string value: userAgent - sami515
V/MmsConfig( 1035): tag: string value: uaProfTagName - Profile
V/MmsConfig( 1035): tag: string value: uaProfUrl - http://uaprof.vtext.com/sam/i515/i515.xml
V/MmsConfig( 1035): tag: int value: recipientLimit - 20
V/MmsConfig( 1035): tag: string value: httpParams - x-up-calling-line-id: 1##LINE1##|X-VzW-MDN: 1##LINE1##
V/MmsConfig( 1035): tag: string value: httpParamsLine1Key - ##LINE1##
V/MmsConfig( 1035): tag: int value: maxImageHeight - 1944
V/MmsConfig( 1035): tag: int value: maxImageWidth - 2592
V/MmsConfig( 1035): tag: string value: emailGatewayNumber - 6245
V/MmsConfig( 1035): tag: bool value: aliasEnabled - true
V/MmsConfig( 1035): tag: int value: aliasMinChars - 2
V/MmsConfig( 1035): tag: int value: aliasMaxChars - 48
V/MmsConfig( 1035): tag: bool value: allowAttachAudio - false
V/MmsConfig( 1035): tag: bool value: enableMMSReadReports - false
V/MmsConfig( 1035): tag: bool value: enableMultipartSMS - false
V/MmsConfig( 1035): tag: int value: smsToMmsTextThreshold - 8
V/MmsConfig( 1035): tag: int value: maxSubjectLength - 80
I/MediaProvider(  593): Upgrading media database from version 0 to 408, which will destroy all old data
I/SqliteDatabaseCpp(  593): sqlite returned: error code = 17, msg = statement aborts at 9: [DELETE from albums] database schema has changed, db=/data/data/com.android.providers.media/databases/external.db
I/SqliteDatabaseCpp(  593): sqlite returned: error code = 17, msg = statement aborts at 71: [UPDATE files SET date_modified=0;] database schema has changed, db=/data/data/com.android.providers.media/databases/external.db
D/MmsSmsDatabaseHelper(  527): [MmsSmsDb] tableName: threads hasAutoIncrement: CREATE TABLE threads (_id INTEGER PRIMARY KEY AUTOINCREMENT,date INTEGER DEFAULT 0,message_count INTEGER DEFAULT 0,recipient_ids TEXT,snippet TEXT,snippet_cs INTEGER DEFAULT 0,read INTEGER DEFAULT 1,type INTEGER DEFAULT 0,error INTEGER DEFAULT 0,has_attachment INTEGER DEFAULT 0) result: true
D/MmsSmsDatabaseHelper(  527): [MmsSmsDb] tableName: canonical_addresses hasAutoIncrement: CREATE TABLE canonical_addresses (_id INTEGER PRIMARY KEY AUTOINCREMENT,address TEXT) result: true
D/MmsSmsDatabaseHelper(  527): [getWritableDatabase] hasAutoIncrementThreads: true hasAutoIncrementAddresses: true
D/CountryDetectorService(  203): The first listener is added
W/ActivityManager(  203): Permission Denial: receiving Intent { act=android.intent.action.BOOT_COMPLETED flg=0x10 } to com.android.musicfx requires android.permission.RECEIVE_BOOT_COMPLETED due to sender null (uid 1000)
I/ActivityManager(  203): Start proc com.google.android.onetimeinitializer for broadcast com.google.android.onetimeinitializer/.OneTimeInitializerReceiver: pid=1061 uid=10040 gids={}
V/OneTimeInitializerReceiver( 1061): OneTimeInitializerReceiver.onReceive
I/ActivityManager(  203): Start proc com.samsung.syncservice for broadcast com.samsung.sdm/.logic.DMBootReceiver: pid=1077 uid=1000 gids={1015, 3002, 3001, 3003, 3007}
V/OneTimeService( 1061): OneTimeService.onHandleIntent
V/OneTimeService( 1061): Updating shortcuts
I/ActivityManager(  203): Start proc com.android.launcher for content provider com.android.launcher/com.android.launcher2.LauncherProvider: pid=1090 uid=10030 gids={}
D/dalvikvm(  118): GC_EXPLICIT freed 36K, 3% free 12563K/12867K, paused 1ms+2ms
D/dalvikvm(  118): GC_EXPLICIT freed <1K, 3% free 12563K/12867K, paused 2ms+1ms
I/DMApp   ( 1077): Constructor()
I/DMApp   ( 1077): onCreate...... 
I/ActivityThread( 1090): Pub com.android.launcher2.settings: com.android.launcher2.LauncherProvider
D/dalvikvm(  118): GC_EXPLICIT freed <1K, 3% free 12563K/12867K, paused 1ms+1ms
I/SyncmlService( 1077): onCreate 
I/ActivityManager(  203): Start proc com.noshufou.android.su for broadcast com.noshufou.android.su/.UpdatePermissionsReceiver: pid=1105 uid=10049 gids={3003, 1015}
I/dalvikvm( 1105): Turning on JNI app bug workarounds for target SDK version 11...
E/MetadataRetrieverClient(  120): failed to extract an album art
I/ActivityThread( 1105): Pub com.noshufou.android.su.provider: com.noshufou.android.su.provider.PermissionsProvider
I/        ( 1077): dm_register_ext_handler_connector
D/Su.Util ( 1105): Start PermissionsDbService
D/Su.PermissionsDbService( 1105): onHandleIntent()
I/SyncmlService( 1077): onBind 
I/        ( 1077): tslFileExists :/data/data/com.samsung.syncservice/dmacc_db.dat doesn't exist
D/        ( 1077): validate_acc_file failed 
D/        ( 1077): tsldm_acc_get_accids: empty list 
I/        ( 1077): tslFileExists :/data/data/com.samsung.syncservice/dmacc_db.dat doesn't exist
D/        ( 1077): validate_acc_file failed 
I/ActivityManager(  203): Start proc com.google.android.talk for broadcast com.google.android.talk/.videochat.BootCompleteReceiver: pid=1120 uid=10051 gids={3003, 1015, 1006, 3002}
I/ActivityThread( 1120): Pub com.google.android.talk.SuggestionProvider: com.google.android.talk.SuggestionsProvider
D/ConnectivityService(  203): handleInetConditionChange: no active default network - ignore
D/dalvikvm( 1120): GC_CONCURRENT freed 141K, 2% free 12910K/13127K, paused 5ms+2ms
W/Resources( 1090): Converting to int: TypedValue{t=0x3/d=0x12 "4" a=-1}
W/Resources( 1090): Converting to int: TypedValue{t=0x3/d=0xf "1" a=-1}
D/vclib:CallStateClient( 1120): startListening
I/talk    ( 1120): Refresh the supported camera state
I/ActivityManager(  203): Start proc com.google.android.videos for broadcast com.google.android.videos/com.google.android.youtube.videos.transfer.VideoDownloadService$BootReceiver: pid=1141 uid=10055 gids={3003, 1015}
I/ActivityThread( 1141): Pub com.google.android.videos: com.google.android.youtube.videos.honeycomb.search.VideoSearchProvider
W/Resources( 1090): Converting to int: TypedValue{t=0x3/d=0x15 "2" a=-1}
W/Resources( 1090): Converting to int: TypedValue{t=0x3/d=0x15 "2" a=-1}
D/Videos  ( 1141): youtube.core.BaseApplication.createHttpClient:287 HttpClient.UserAgent: com.google.android.videos/1.4.2(Linux; U; Android 4.0.3.1; en_US; Galaxy Nexus Build/ICL53F)
D/Videos  ( 1141): youtube.core.utils.SafeSearch.run:49 checking parental control
D/Videos  ( 1141): youtube.core.utils.SafeSearch.run:51 parental control is false
E/        (  120): num_cameras = 2
I/talk    ( 1120): supported front camera true
I/talk    ( 1120): supported front camera true
W/Launcher.LauncherProvider( 1090): Unable to add favorite: com.android.gallery3d/com.android.gallery3d.app.Gallery
W/Launcher.LauncherProvider( 1090): android.content.pm.PackageManager$NameNotFoundException: ComponentInfo{com.android.gallery3d/com.android.gallery3d.app.Gallery}
W/Launcher.LauncherProvider( 1090): 	at android.app.ApplicationPackageManager.getActivityInfo(ApplicationPackageManager.java:223)
W/Launcher.LauncherProvider( 1090): 	at com.android.launcher2.LauncherProvider$DatabaseHelper.addAppShortcut(LauncherProvider.java:850)
W/Launcher.LauncherProvider( 1090): 	at com.android.launcher2.LauncherProvider$DatabaseHelper.loadFavorites(LauncherProvider.java:754)
W/Launcher.LauncherProvider( 1090): 	at com.android.launcher2.LauncherProvider$DatabaseHelper.onCreate(LauncherProvider.java:271)
W/Launcher.LauncherProvider( 1090): 	at android.database.sqlite.SQLiteOpenHelper.getWritableDatabase(SQLiteOpenHelper.java:165)
W/Launcher.LauncherProvider( 1090): 	at com.android.launcher2.LauncherProvider$DatabaseHelper.<init>(LauncherProvider.java:221)
W/Launcher.LauncherProvider( 1090): 	at com.android.launcher2.LauncherProvider.onCreate(LauncherProvider.java:87)
W/Launcher.LauncherProvider( 1090): 	at android.content.ContentProvider.attachInfo(ContentProvider.java:944)
W/Launcher.LauncherProvider( 1090): 	at android.app.ActivityThread.installProvider(ActivityThread.java:4237)
W/Launcher.LauncherProvider( 1090): 	at android.app.ActivityThread.installContentProviders(ActivityThread.java:3992)
W/Launcher.LauncherProvider( 1090): 	at android.app.ActivityThread.handleBindApplication(ActivityThread.java:3946)
