--------- beginning of /dev/log/main
I/DEBUG   (  115): debuggerd: Jan 28 2012 15:51:46
E/IMGSRV  (  111): :0: SetupuKernel : EDM status value DevVAddr: 0x0F004000 pvLinAddrKM: 0xC89B3000
--------- beginning of /dev/log/system
I/Vold    (  110): Vold 2.1 (the revenge) firing up
E/Vold    (  110): Error reading configuration (No such file or directory)... continuing anyways
I/Netd    (  114): Netd 1.0 starting
I/        (  119): ServiceManager: 0x271910
I/SurfaceFlinger(  117): SurfaceFlinger is starting
I/SurfaceFlinger(  117): SurfaceFlinger's main thread ready to run. Initializing graphics H/W...
D/AndroidRuntime(  118): 
D/AndroidRuntime(  118): >>>>>> AndroidRuntime START com.android.internal.os.ZygoteInit <<<<<<
D/AndroidRuntime(  118): CheckJNI is OFF
D/libEGL  (  117): loaded /system/lib/egl/libGLES_android.so
D/libEGL  (  117): loaded /vendor/lib/egl/libEGL_POWERVR_SGX540_120.so
I/        (  120): ServiceManager: 0x1a36958
I/AudioFlinger(  120): Loaded primary audio interface from Tuna audio HW HAL (audio)
I/AudioFlinger(  120): Using 'Tuna audio HW HAL' (audio.primary) as the primary audio interface
I/AudioFlinger(  120): Loaded a2dp audio interface from A2DP Audio HW HAL (audio)
I/CameraService(  120): CameraService started (pid=120)
I/AudioFlinger(  120): AudioFlinger's thread 0x1a3d480 ready to run
W/AudioFlinger(  120): Thread AudioOut_1 cannot connect to the power manager service
I/AudioPolicyService(  120): Loaded audio policy from LEGACY Audio Policy HAL (audio_policy)
D/libEGL  (  117): loaded /vendor/lib/egl/libGLESv1_CM_POWERVR_SGX540_120.so
D/libEGL  (  117): loaded /vendor/lib/egl/libGLESv2_POWERVR_SGX540_120.so
I/SurfaceFlinger(  117): EGL informations:
I/SurfaceFlinger(  117): # of configs : 30
I/SurfaceFlinger(  117): vendor    : Android
I/SurfaceFlinger(  117): version   : 1.4 Android META-EGL
I/SurfaceFlinger(  117): extensions: EGL_KHR_image EGL_KHR_image_base EGL_KHR_image_base EGL_KHR_gl_texture_2D_image EGL_KHR_gl_texture_cubemap_image EGL_KHR_gl_renderbuffer_image EGL_KHR_fence_sync EGL_ANDROID_image_native_buffer EGL_ANDROID_image_native_buffer 
I/SurfaceFlinger(  117): Client API: OpenGL ES
I/SurfaceFlinger(  117): EGLSurface: 8-8-8-8, config=0x1
I/SurfaceFlinger(  117): OpenGL informations:
I/SurfaceFlinger(  117): vendor    : Imagination Technologies
I/SurfaceFlinger(  117): renderer  : PowerVR SGX 540
I/SurfaceFlinger(  117): version   : OpenGL ES-CM 1.1
I/SurfaceFlinger(  117): extensions: GL_OES_byte_coordinates GL_OES_fixed_point GL_OES_single_precision GL_OES_matrix_get GL_OES_read_format GL_OES_compressed_paletted_texture GL_OES_point_sprite GL_OES_point_size_array GL_OES_matrix_palette GL_OES_draw_texture GL_OES_query_matrix GL_OES_texture_env_crossbar GL_OES_texture_mirrored_repeat GL_OES_texture_cube_map GL_OES_blend_subtract GL_OES_blend_func_separate GL_OES_blend_equation_separate GL_OES_stencil_wrap GL_OES_extended_matrix_palette GL_OES_framebuffer_object GL_OES_rgb8_rgba8 GL_OES_depth24 GL_OES_stencil8 GL_OES_compressed_ETC1_RGB8_texture GL_OES_mapbuffer GL_OES_EGL_image GL_OES_EGL_image_external GL_EXT_multi_draw_arrays GL_OES_required_internalformat GL_IMG_read_format GL_IMG_texture_compression_pvrtc GL_IMG_texture_format_BGRA8888 GL_EXT_texture_format_BGRA8888 GL_OES_egl_sync GL_IMG_vertex_array_object
I/SurfaceFlinger(  117): GL_MAX_TEXTURE_SIZE = 2048
I/SurfaceFlinger(  117): GL_MAX_VIEWPORT_DIMS = 2048 x 2048
I/SurfaceFlinger(  117): flags = 00010000
I/ti_hwc  (  117): clone region is set to (0,0) to (720,1280)
I/ti_hwc  (  117): external display changed (state=0, mirror={disabled tform=0deg}, dock={disabled tform=0deg}, tv=0
I/ti_hwc  (  117): omap4_hwc_device_open(rgb_order=1 nv12_only=0)
D/dalvikvm(  118): DexOpt: --- BEGIN 'core.jar' (bootstrap=1) ---
D/libEGL  (  168): loaded /system/lib/egl/libGLES_android.so
D/libEGL  (  168): loaded /vendor/lib/egl/libEGL_POWERVR_SGX540_120.so
D/libEGL  (  168): loaded /vendor/lib/egl/libGLESv1_CM_POWERVR_SGX540_120.so
D/libEGL  (  168): loaded /vendor/lib/egl/libGLESv2_POWERVR_SGX540_120.so
D/dalvikvm(  169): Ignoring duplicate verify attempt on Ljava/lang/Object;
D/dalvikvm(  169): Ignoring duplicate verify attempt on Ljava/lang/Class;
D/dalvikvm(  169): Ignoring duplicate verify attempt on Ljava/lang/ref/Reference;
D/dalvikvm(  169): Ignoring duplicate verify attempt on Ljava/lang/ref/ReferenceQueue;
D/dalvikvm(  169): Ignoring duplicate verify attempt on Ljava/lang/ref/FinalizerReference;
D/dalvikvm(  169): DexOpt: load 57ms, verify+opt 784ms
D/dalvikvm(  118): DexOpt: --- END 'core.jar' (success) ---
D/dalvikvm(  118): DEX prep '/system/framework/core.jar': unzip in 224ms, rewrite 3562ms
D/dalvikvm(  118): DexOpt: --- BEGIN 'core-junit.jar' (bootstrap=1) ---
D/dalvikvm(  176): DexOpt: load 3ms, verify+opt 6ms
D/dalvikvm(  118): DexOpt: --- END 'core-junit.jar' (success) ---
D/dalvikvm(  118): DEX prep '/system/framework/core-junit.jar': unzip in 0ms, rewrite 72ms
D/dalvikvm(  118): DexOpt: --- BEGIN 'bouncycastle.jar' (bootstrap=1) ---
D/dalvikvm(  177): DexOpt: load 17ms, verify+opt 260ms
D/dalvikvm(  118): DexOpt: --- END 'bouncycastle.jar' (success) ---
D/dalvikvm(  118): DEX prep '/system/framework/bouncycastle.jar': unzip in 33ms, rewrite 1298ms
D/dalvikvm(  118): DexOpt: --- BEGIN 'ext.jar' (bootstrap=1) ---
D/dalvikvm(  178): DexOpt: load 32ms, verify+opt 407ms
D/dalvikvm(  118): DexOpt: --- END 'ext.jar' (success) ---
D/dalvikvm(  118): DEX prep '/system/framework/ext.jar': unzip in 212ms, rewrite 686ms
D/dalvikvm(  118): DexOpt: --- BEGIN 'framework.jar' (bootstrap=1) ---
D/dalvikvm(  183): Note: class Landroid/opengl/GLWrapperBase; has 250 unimplemented (abstract) methods
D/dalvikvm(  183): DexOpt: load 276ms, verify+opt 2845ms
D/dalvikvm(  118): DexOpt: --- END 'framework.jar' (success) ---
D/dalvikvm(  118): DEX prep '/system/framework/framework.jar': unzip in 261ms, rewrite 10990ms
D/dalvikvm(  118): DexOpt: --- BEGIN 'android.policy.jar' (bootstrap=1) ---
D/dalvikvm(  188): DexOpt: load 25ms, verify+opt 129ms
D/dalvikvm(  118): DexOpt: --- END 'android.policy.jar' (success) ---
D/dalvikvm(  118): DEX prep '/system/framework/android.policy.jar': unzip in 30ms, rewrite 856ms
D/dalvikvm(  118): DexOpt: --- BEGIN 'services.jar' (bootstrap=1) ---
D/dalvikvm(  189): DexOpt: load 36ms, verify+opt 837ms
D/dalvikvm(  118): DexOpt: --- END 'services.jar' (success) ---
D/dalvikvm(  118): DEX prep '/system/framework/services.jar': unzip in 115ms, rewrite 1149ms
D/dalvikvm(  118): DexOpt: --- BEGIN 'apache-xml.jar' (bootstrap=1) ---
D/dalvikvm(  190): DexOpt: load 36ms, verify+opt 349ms
D/dalvikvm(  118): DexOpt: --- END 'apache-xml.jar' (success) ---
D/dalvikvm(  118): DEX prep '/system/framework/apache-xml.jar': unzip in 77ms, rewrite 1302ms
D/dalvikvm(  118): DexOpt: --- BEGIN 'filterfw.jar' (bootstrap=1) ---
D/dalvikvm(  191): DexOpt: load 11ms, verify+opt 81ms
D/dalvikvm(  118): DexOpt: --- END 'filterfw.jar' (success) ---
D/dalvikvm(  118): DEX prep '/system/framework/filterfw.jar': unzip in 28ms, rewrite 215ms
I/SamplingProfilerIntegration(  118): Profiling disabled.
I/Zygote  (  118): Preloading classes...
D/dalvikvm(  118): GC_EXPLICIT freed 36K, 91% free 409K/4096K, paused 0ms+0ms
D/dalvikvm(  118): GC_EXPLICIT freed 4K, 89% free 473K/4096K, paused 0ms+1ms
D/dalvikvm(  118): GC_EXPLICIT freed 20K, 88% free 509K/4096K, paused 0ms+0ms
D/dalvikvm(  118): GC_EXPLICIT freed 27K, 87% free 536K/4096K, paused 0ms+1ms
D/dalvikvm(  118): GC_EXPLICIT freed 15K, 86% free 576K/4096K, paused 1ms+0ms
D/dalvikvm(  118): GC_EXPLICIT freed 27K, 86% free 603K/4096K, paused 1ms+1ms
D/dalvikvm(  118): GC_EXPLICIT freed 30K, 85% free 636K/4096K, paused 1ms+1ms
D/TextLayoutCache(  118): Using debug level: 0 - Debug Enabled: 0
W/Zygote  (  118): Class not found for preloading: android.media.AudioManager$2
I/dalvikvm(  118): threadid=1: recursive native library load attempt (/system/lib/libmedia_jni.so)
D/MtpDeviceJNI(  118): register_android_mtp_MtpDevice
I/dalvikvm(  118): threadid=1: recursive native library load attempt (/system/lib/libmedia_jni.so)
I/dalvikvm(  118): threadid=1: recursive native library load attempt (/system/lib/libmedia_jni.so)
W/Zygote  (  118): Class not found for preloading: android.media.IRemoteControlClientDispatcher
W/Zygote  (  118): Class not found for preloading: android.media.IRemoteControlClientDispatcher$Stub
D/dalvikvm(  118): GC_EXPLICIT freed 20K, 84% free 673K/4096K, paused 1ms+1ms
D/dalvikvm(  118): GC_FOR_ALLOC freed 217K, 77% free 967K/4096K, paused 5ms
D/dalvikvm(  118): GC_EXPLICIT freed 44K, 75% free 1024K/4096K, paused 0ms+1ms
D/dalvikvm(  118): GC_EXPLICIT freed 27K, 75% free 1052K/4096K, paused 0ms+0ms
D/dalvikvm(  118): GC_EXPLICIT freed 7K, 74% free 1103K/4096K, paused 1ms+1ms
D/dalvikvm(  118): GC_EXPLICIT freed 25K, 72% free 1170K/4096K, paused 1ms+2ms
D/dalvikvm(  118): GC_EXPLICIT freed 48K, 65% free 1448K/4096K, paused 1ms+1ms
W/Zygote  (  118): Class not found for preloading: android.text.TextDirectionHeuristics$CharCount
W/Zygote  (  118): Class not found for preloading: android.text.method.WordIterator$1
D/dalvikvm(  118): GC_EXPLICIT freed 34K, 64% free 1483K/4096K, paused 1ms+2ms
D/dalvikvm(  118): GC_EXPLICIT freed 32K, 64% free 1505K/4096K, paused 2ms+1ms
I/dalvikvm(  118): threadid=1: recursive native library load attempt (/system/lib/libwebcore.so)
D/dalvikvm(  118): No JNI_OnLoad found in /system/lib/libchromium_net.so 0x0, skipping init
D/dalvikvm(  118): GC_EXPLICIT freed 26K, 63% free 1554K/4096K, paused 1ms+3ms
W/Zygote  (  118): Class not found for preloading: android.widget.EdgeGlow
D/dalvikvm(  118): GC_EXPLICIT freed 25K, 62% free 1583K/4096K, paused 1ms+1ms
D/dalvikvm(  118): GC_EXPLICIT freed 71K, 61% free 1628K/4096K, paused 1ms+1ms
E/PhonePolicy(  118): Could not preload class for phone policy: com.android.internal.policy.impl.PhoneWindow$ContextMenuCallback
D/dalvikvm(  118): GC_EXPLICIT freed 33K, 60% free 1650K/4096K, paused 1ms+1ms
D/dalvikvm(  118): GC_EXPLICIT freed 28K, 60% free 1678K/4096K, paused 1ms+1ms
D/dalvikvm(  118): GC_EXPLICIT freed 26K, 59% free 1709K/4096K, paused 1ms+1ms
D/dalvikvm(  118): GC_EXPLICIT freed 32K, 58% free 1735K/4096K, paused 1ms+2ms
D/dalvikvm(  118): GC_EXPLICIT freed 31K, 57% free 1763K/4096K, paused 1ms+1ms
D/dalvikvm(  118): GC_EXPLICIT freed 71K, 56% free 1818K/4096K, paused 1ms+2ms
D/dalvikvm(  118): GC_EXPLICIT freed 39K, 56% free 1834K/4096K, paused 1ms+2ms
I/System  (  118): Loaded time zone names for  in 485ms (482ms in ICU)
I/System  (  118): Loaded time zone names for en_US in 247ms (244ms in ICU)
D/dalvikvm(  118): GC_EXPLICIT freed 324K, 53% free 1951K/4096K, paused 1ms+1ms
D/dalvikvm(  118): GC_EXPLICIT freed 15K, 51% free 2012K/4096K, paused 1ms+1ms
D/dalvikvm(  118): GC_EXPLICIT freed 51K, 51% free 2044K/4096K, paused 1ms+1ms
D/dalvikvm(  118): GC_EXPLICIT freed 28K, 50% free 2074K/4096K, paused 1ms+1ms
D/dalvikvm(  118): GC_EXPLICIT freed 37K, 49% free 2091K/4096K, paused 1ms+2ms
D/dalvikvm(  118): GC_EXPLICIT freed 32K, 49% free 2113K/4096K, paused 1ms+2ms
I/Zygote  (  118): ...preloaded 2297 classes in 2627ms.
D/dalvikvm(  118): GC_EXPLICIT freed 22K, 49% free 2117K/4096K, paused 1ms+1ms
I/Zygote  (  118): Preloading resources...
D/dalvikvm(  118): GC_EXPLICIT freed <1K, 47% free 2176K/4096K, paused 1ms+1ms
D/dalvikvm(  118): GC_EXPLICIT freed <1K, 45% free 2257K/4096K, paused 1ms+2ms
D/dalvikvm(  118): GC_EXPLICIT freed 1K, 42% free 2379K/4096K, paused 1ms+1ms
D/dalvikvm(  118): GC_EXPLICIT freed <1K, 41% free 2439K/4096K, paused 2ms+2ms
D/dalvikvm(  118): GC_EXPLICIT freed <1K, 39% free 2500K/4096K, paused 1ms+1ms
D/dalvikvm(  118): GC_EXPLICIT freed 1K, 38% free 2562K/4096K, paused 1ms+2ms
D/dalvikvm(  118): GC_EXPLICIT freed 1K, 36% free 2623K/4096K, paused 2ms+2ms
D/dalvikvm(  118): GC_EXPLICIT freed 1K, 35% free 2673K/4096K, paused 2ms+1ms
D/dalvikvm(  118): GC_EXPLICIT freed 1K, 34% free 2722K/4096K, paused 1ms+2ms
D/dalvikvm(  118): GC_EXPLICIT freed 17K, 33% free 2780K/4096K, paused 2ms+2ms
D/dalvikvm(  118): GC_EXPLICIT freed 1K, 31% free 2837K/4096K, paused 1ms+1ms
D/dalvikvm(  118): GC_EXPLICIT freed 1K, 30% free 2899K/4096K, paused 2ms+2ms
D/dalvikvm(  118): GC_EXPLICIT freed 1K, 29% free 2949K/4096K, paused 2ms+1ms
D/dalvikvm(  118): GC_EXPLICIT freed 1K, 27% free 2998K/4096K, paused 1ms+2ms
D/dalvikvm(  118): GC_EXPLICIT freed 1K, 26% free 3059K/4096K, paused 1ms+2ms
D/dalvikvm(  118): GC_EXPLICIT freed 1K, 25% free 3112K/4096K, paused 1ms+1ms
D/dalvikvm(  118): GC_EXPLICIT freed 2K, 23% free 3180K/4096K, paused 2ms+2ms
D/dalvikvm(  118): GC_EXPLICIT freed 1K, 21% free 3241K/4096K, paused 1ms+1ms
D/dalvikvm(  118): GC_EXPLICIT freed 1K, 20% free 3290K/4096K, paused 1ms+1ms
D/dalvikvm(  118): GC_EXPLICIT freed 1K, 19% free 3339K/4096K, paused 1ms+2ms
D/dalvikvm(  118): GC_EXPLICIT freed 1K, 17% free 3401K/4096K, paused 1ms+1ms
D/dalvikvm(  118): GC_EXPLICIT freed 1K, 16% free 3463K/4096K, paused 1ms+1ms
D/dalvikvm(  118): GC_EXPLICIT freed 2K, 14% free 3525K/4096K, paused 1ms+2ms
D/dalvikvm(  118): GC_EXPLICIT freed 1K, 13% free 3575K/4096K, paused 1ms+1ms
D/dalvikvm(  118): GC_EXPLICIT freed 1K, 12% free 3624K/4096K, paused 1ms+1ms
D/dalvikvm(  118): GC_EXPLICIT freed 1K, 11% free 3678K/4096K, paused 1ms+2ms
D/dalvikvm(  118): GC_EXPLICIT freed 1K, 9% free 3732K/4096K, paused 1ms+2ms
D/dalvikvm(  118): GC_EXPLICIT freed 1K, 8% free 3787K/4096K, paused 1ms+1ms
D/dalvikvm(  118): GC_EXPLICIT freed 1K, 7% free 3846K/4096K, paused 2ms+2ms
D/dalvikvm(  118): GC_EXPLICIT freed 1K, 5% free 3902K/4096K, paused 2ms+2ms
D/dalvikvm(  118): GC_EXPLICIT freed 1K, 4% free 3956K/4096K, paused 1ms+2ms
D/dalvikvm(  118): GC_EXPLICIT freed 3K, 3% free 4050K/4163K, paused 2ms+2ms
D/dalvikvm(  118): GC_EXPLICIT freed 1K, 3% free 4111K/4227K, paused 1ms+1ms
D/dalvikvm(  118): GC_EXPLICIT freed <1K, 3% free 4173K/4291K, paused 1ms+1ms
D/dalvikvm(  118): GC_EXPLICIT freed <1K, 3% free 4234K/4355K, paused 1ms+1ms
D/dalvikvm(  118): GC_EXPLICIT freed <1K, 3% free 4296K/4419K, paused 1ms+1ms
D/dalvikvm(  118): GC_EXPLICIT freed 1K, 4% free 4344K/4483K, paused 2ms+1ms
D/dalvikvm(  118): GC_EXPLICIT freed 1K, 3% free 4394K/4483K, paused 2ms+1ms
D/dalvikvm(  118): GC_EXPLICIT freed 1K, 3% free 4443K/4547K, paused 1ms+1ms
D/dalvikvm(  118): GC_EXPLICIT freed 1K, 3% free 4492K/4611K, paused 1ms+2ms
D/dalvikvm(  118): GC_EXPLICIT freed 1K, 3% free 4541K/4675K, paused 1ms+1ms
D/dalvikvm(  118): GC_EXPLICIT freed 1K, 2% free 4590K/4675K, paused 1ms+1ms
D/dalvikvm(  118): GC_EXPLICIT freed 1K, 3% free 4639K/4739K, paused 1ms+1ms
D/dalvikvm(  118): GC_EXPLICIT freed 4K, 3% free 4694K/4803K, paused 1ms+2ms
D/dalvikvm(  118): GC_EXPLICIT freed 1K, 3% free 4743K/4867K, paused 1ms+2ms
D/dalvikvm(  118): GC_EXPLICIT freed 1K, 3% free 4792K/4931K, paused 1ms+1ms
D/dalvikvm(  118): GC_EXPLICIT freed 3K, 2% free 4842K/4931K, paused 1ms+1ms
D/dalvikvm(  118): GC_EXPLICIT freed 1K, 3% free 4896K/4995K, paused 1ms+1ms
D/dalvikvm(  118): GC_EXPLICIT freed 1K, 3% free 4950K/5059K, paused 1ms+1ms
D/dalvikvm(  118): GC_EXPLICIT freed 1K, 3% free 5001K/5123K, paused 1ms+1ms
D/dalvikvm(  118): GC_EXPLICIT freed 1K, 2% free 5055K/5123K, paused 1ms+1ms
D/dalvikvm(  118): GC_EXPLICIT freed 1K, 2% free 5106K/5187K, paused 1ms+2ms
D/dalvikvm(  118): GC_EXPLICIT freed 9K, 2% free 5246K/5315K, paused 1ms+2ms
D/dalvikvm(  118): GC_EXPLICIT freed 6K, 2% free 5381K/5443K, paused 1ms+1ms
D/dalvikvm(  118): GC_EXPLICIT freed 2K, 2% free 5449K/5507K, paused 1ms+1ms
D/dalvikvm(  118): GC_EXPLICIT freed 1K, 1% free 5536K/5571K, paused 2ms+2ms
D/dalvikvm(  118): GC_EXPLICIT freed 1K, 1% free 5601K/5635K, paused 2ms+2ms
D/dalvikvm(  118): GC_EXPLICIT freed 2K, 1% free 5654K/5699K, paused 1ms+1ms
D/dalvikvm(  118): GC_EXPLICIT freed 2K, 1% free 5723K/5763K, paused 1ms+1ms
D/dalvikvm(  118): GC_EXPLICIT freed 2K, 1% free 5872K/5891K, paused 1ms+1ms
D/dalvikvm(  118): GC_EXPLICIT freed 2K, 1% free 5924K/5955K, paused 1ms+1ms
D/dalvikvm(  118): GC_EXPLICIT freed 3K, 1% free 5981K/6019K, paused 1ms+2ms
D/dalvikvm(  118): GC_EXPLICIT freed 1K, 1% free 6042K/6083K, paused 2ms+1ms
D/dalvikvm(  118): GC_EXPLICIT freed 1K, 1% free 6165K/6211K, paused 1ms+2ms
D/dalvikvm(  118): GC_EXPLICIT freed 1K, 1% free 6229K/6275K, paused 2ms+2ms
D/dalvikvm(  118): GC_EXPLICIT freed <1K, 2% free 6327K/6403K, paused 1ms+1ms
D/dalvikvm(  118): GC_EXPLICIT freed <1K, 2% free 7429K/7555K, paused 1ms+1ms
D/dalvikvm(  118): GC_EXPLICIT freed <1K, 1% free 7500K/7555K, paused 2ms+1ms
D/dalvikvm(  118): GC_EXPLICIT freed 2K, 1% free 7563K/7619K, paused 2ms+2ms
D/dalvikvm(  118): GC_EXPLICIT freed 4K, 1% free 7618K/7683K, paused 1ms+1ms
D/dalvikvm(  118): GC_EXPLICIT freed 1K, 1% free 7689K/7747K, paused 1ms+2ms
D/dalvikvm(  118): GC_EXPLICIT freed <1K, 1% free 7768K/7811K, paused 1ms+2ms
D/dalvikvm(  118): GC_EXPLICIT freed <1K, 1% free 7817K/7875K, paused 1ms+2ms
D/dalvikvm(  118): GC_EXPLICIT freed <1K, 1% free 7866K/7875K, paused 1ms+2ms
D/dalvikvm(  118): GC_EXPLICIT freed <1K, 1% free 7915K/7939K, paused 1ms+1ms
D/dalvikvm(  118): GC_EXPLICIT freed 4K, 1% free 7964K/8003K, paused 1ms+1ms
D/dalvikvm(  118): GC_EXPLICIT freed 4K, 2% free 8649K/8771K, paused 1ms+1ms
D/dalvikvm(  118): GC_EXPLICIT freed 2K, 1% free 8831K/8899K, paused 1ms+1ms
D/dalvikvm(  118): GC_EXPLICIT freed 2K, 1% free 8905K/8963K, paused 2ms+2ms
D/dalvikvm(  118): GC_EXPLICIT freed 5K, 1% free 9956K/10051K, paused 1ms+3ms
D/dalvikvm(  118): GC_EXPLICIT freed 4K, 2% free 10978K/11139K, paused 2ms+2ms
D/dalvikvm(  118): GC_EXPLICIT freed 2K, 1% free 11034K/11139K, paused 1ms+1ms
D/dalvikvm(  118): GC_EXPLICIT freed 2K, 1% free 11092K/11139K, paused 1ms+2ms
D/dalvikvm(  118): GC_EXPLICIT freed 1K, 1% free 11149K/11203K, paused 1ms+1ms
D/dalvikvm(  118): GC_EXPLICIT freed 2K, 1% free 11206K/11267K, paused 1ms+2ms
D/dalvikvm(  118): GC_EXPLICIT freed 2K, 1% free 11260K/11267K, paused 1ms+1ms
D/dalvikvm(  118): GC_EXPLICIT freed 3K, 1% free 11319K/11331K, paused 1ms+2ms
D/dalvikvm(  118): GC_EXPLICIT freed 2K, 1% free 11367K/11395K, paused 2ms+2ms
D/dalvikvm(  118): GC_EXPLICIT freed 1K, 1% free 11418K/11459K, paused 2ms+2ms
D/dalvikvm(  118): GC_EXPLICIT freed 1K, 1% free 11466K/11523K, paused 1ms+2ms
D/dalvikvm(  118): GC_EXPLICIT freed 10K, 1% free 11517K/11587K, paused 1ms+2ms
D/dalvikvm(  118): GC_EXPLICIT freed 2K, 1% free 11565K/11587K, paused 1ms+2ms
D/dalvikvm(  118): GC_EXPLICIT freed 1K, 1% free 11632K/11651K, paused 1ms+2ms
D/dalvikvm(  118): GC_EXPLICIT freed <1K, 1% free 11692K/11715K, paused 1ms+1ms
D/dalvikvm(  118): GC_EXPLICIT freed <1K, 1% free 11753K/11779K, paused 1ms+1ms
D/dalvikvm(  118): GC_EXPLICIT freed <1K, 1% free 11802K/11843K, paused 1ms+1ms
D/dalvikvm(  118): GC_EXPLICIT freed <1K, 1% free 11869K/11907K, paused 1ms+2ms
D/dalvikvm(  118): GC_EXPLICIT freed 1K, 1% free 11918K/11971K, paused 1ms+1ms
D/dalvikvm(  118): GC_EXPLICIT freed 2K, 1% free 11966K/12035K, paused 1ms+3ms
D/dalvikvm(  118): GC_EXPLICIT freed 2K, 1% free 12022K/12035K, paused 1ms+2ms
D/dalvikvm(  118): GC_EXPLICIT freed 3K, 1% free 12122K/12163K, paused 1ms+2ms
D/dalvikvm(  118): GC_EXPLICIT freed 2K, 1% free 12208K/12291K, paused 1ms+2ms
D/dalvikvm(  118): GC_EXPLICIT freed <1K, 2% free 12292K/12419K, paused 1ms+1ms
D/dalvikvm(  118): GC_EXPLICIT freed 1K, 1% free 12379K/12419K, paused 1ms+1ms
D/dalvikvm(  118): GC_EXPLICIT freed <1K, 1% free 12464K/12547K, paused 1ms+2ms
D/dalvikvm(  118): GC_EXPLICIT freed 5K, 1% free 12529K/12547K, paused 2ms+1ms
I/Zygote  (  118): ...preloaded 379 resources in 2158ms.
D/dalvikvm(  118): GC_EXPLICIT freed 22K, 1% free 12559K/12611K, paused 2ms+2ms
I/Zygote  (  118): ...preloaded 31 resources in 26ms.
D/dalvikvm(  118): GC_EXPLICIT freed 10K, 1% free 12552K/12611K, paused 1ms+2ms
D/dalvikvm(  118): GC_EXPLICIT freed 1K, 1% free 12551K/12611K, paused 1ms+1ms
D/dalvikvm(  118): GC_EXPLICIT freed <1K, 1% free 12551K/12611K, paused 1ms+2ms
I/dalvikvm(  118): System server process 203 has been created
I/Zygote  (  118): Accepting command socket connections
E/BatteryService(  203): batteryPresentPath not found
I/sysproc (  203): Entered system_init()
I/sysproc (  203): ServiceManager: 0x4f3ff0
D/SensorService(  203): nuSensorService starting...
I/MPL-mlsl(  203): inv_serial_open: /dev/mpu
E/        (  203): hardware/invensense/mlsdk/./mllite/mldl_cfg_mpu.c|inv_mpu_get_slave_config|457 returning 4
E/        (  203): hardware/invensense/mlsdk/./mllite/compass.c|inv_compass_read_scale|500 returning 4
E/MPL-mlsl(  203): Cannot open file "/data/cal.bin" for read
I/MPL-storeload(  203): Calibration data not loaded
I/SensorService(  203): GP2A Light sensor
I/SensorService(  203): GP2A Proximity sensor
I/SensorService(  203): BMP180 Pressure sensor
I/SensorService(  203): MPL Gyroscope
I/SensorService(  203): MPL Accelerometer
I/SensorService(  203): MPL Magnetic Field
I/SensorService(  203): MPL Orientation
I/SensorService(  203): MPL Rotation Vector
I/SensorService(  203): MPL Linear Acceleration
I/SensorService(  203): MPL Gravity
I/sysproc (  203): System server: starting Android runtime.
I/sysproc (  203): System server: starting Android services.
D/SensorService(  203): nuSensorService thread starting...
I/sysproc (  203): System server: entering thread pool.
I/SystemServer(  203): Entered the Android system server!
I/SystemServer(  203): Entropy Service
W/EntropyService(  203): unable to load initial entropy (first boot?)
W/EntropyService(  203): java.io.FileNotFoundException: /data/system/entropy.dat: open failed: ENOENT (No such file or directory)
W/EntropyService(  203): 	at libcore.io.IoBridge.open(IoBridge.java:406)
W/EntropyService(  203): 	at java.io.FileInputStream.<init>(FileInputStream.java:78)
W/EntropyService(  203): 	at java.io.FileInputStream.<init>(FileInputStream.java:105)
W/EntropyService(  203): 	at com.android.server.RandomBlock.fromFile(RandomBlock.java:45)
W/EntropyService(  203): 	at com.android.server.EntropyService.loadInitialEntropy(EntropyService.java:99)
W/EntropyService(  203): 	at com.android.server.EntropyService.<init>(EntropyService.java:86)
W/EntropyService(  203): 	at com.android.server.EntropyService.<init>(EntropyService.java:76)
W/EntropyService(  203): 	at com.android.server.ServerThread.run(SystemServer.java:137)
W/EntropyService(  203): Caused by: libcore.io.ErrnoException: open failed: ENOENT (No such file or directory)
W/EntropyService(  203): 	at libcore.io.Posix.open(Native Method)
W/EntropyService(  203): 	at libcore.io.BlockGuardOs.open(BlockGuardOs.java:110)
W/EntropyService(  203): 	at libcore.io.IoBridge.open(IoBridge.java:390)
W/EntropyService(  203): 	... 7 more
I/SystemServer(  203): Power Manager
I/SystemServer(  203): Activity Manager
I/ActivityManager(  203): Memory class: 64
D/dalvikvm(  203): GC_CONCURRENT freed 237K, 3% free 12709K/13063K, paused 1ms+2ms
I/SystemServer(  203): Telephony Registry
I/SystemServer(  203): Package Manager
D/dalvikvm(  203): GC_FOR_ALLOC freed 379K, 5% free 12758K/13319K, paused 26ms
D/dalvikvm(  203): GC_CONCURRENT freed 143K, 4% free 12789K/13319K, paused 3ms+4ms
I/installd(  122): new connection
I/PackageManager(  203): No settings file; creating initial state
I/Installer(  203): connecting...
D/dalvikvm(  223): DexOpt: load 6ms, verify+opt 17ms
D/dalvikvm(  224): DexOpt: load 5ms, verify+opt 21ms
D/dalvikvm(  225): DexOpt: load 5ms, verify+opt 4ms
D/dalvikvm(  226): DexOpt: load 14ms, verify+opt 53ms
D/dalvikvm(  227): DexOpt: load 5ms, verify+opt 4ms
D/dalvikvm(  228): DexOpt: load 5ms, verify+opt 0ms
D/dalvikvm(  229): DexOpt: load 20ms, verify+opt 119ms
D/dalvikvm(  230): DexOpt: load 4ms, verify+opt 3ms
D/dalvikvm(  231): DexOpt: load 6ms, verify+opt 3ms
D/dalvikvm(  232): DexOpt: load 4ms, verify+opt 17ms
D/dalvikvm(  233): DexOpt: load 6ms, verify+opt 4ms
D/dalvikvm(  234): DexOpt: load 5ms, verify+opt 4ms
D/dalvikvm(  235): DexOpt: load 3ms, verify+opt 3ms
D/dalvikvm(  236): DexOpt: load 5ms, verify+opt 5ms
D/dalvikvm(  237): DexOpt: load 8ms, verify+opt 40ms
D/dalvikvm(  238): DexOpt: load 6ms, verify+opt 13ms
D/dalvikvm(  239): DexOpt: load 8ms, verify+opt 14ms
D/dalvikvm(  240): DexOpt: load 5ms, verify+opt 5ms
D/dalvikvm(  203): GC_CONCURRENT freed 422K, 5% free 12784K/13319K, paused 5ms+3ms
I/PackageManager(  203): /system/framework/framework-res.apk changed; collecting certs
D/dalvikvm(  203): GC_CONCURRENT freed 105K, 2% free 13179K/13383K, paused 1ms+2ms
D/dalvikvm(  203): GC_CONCURRENT freed 324K, 3% free 13367K/13767K, paused 3ms+3ms
D/dalvikvm(  203): GC_FOR_ALLOC freed 112K, 3% free 13487K/13895K, paused 38ms
I/dalvikvm-heap(  203): Grow heap (frag case) to 13.473MB for 260112-byte allocation
D/dalvikvm(  203): GC_FOR_ALLOC freed 126K, 4% free 13615K/14151K, paused 18ms
I/dalvikvm-heap(  203): Grow heap (frag case) to 13.535MB for 193730-byte allocation
D/dalvikvm(  203): GC_FOR_ALLOC freed 255K, 6% free 13549K/14343K, paused 12ms
D/dalvikvm(  203): GC_CONCURRENT freed 244K, 4% free 13806K/14343K, paused 2ms+3ms
D/dalvikvm(  203): GC_FOR_ALLOC freed 0K, 4% free 13806K/14343K, paused 27ms
I/dalvikvm-heap(  203): Grow heap (frag case) to 13.721MB for 193688-byte allocation
D/dalvikvm(  203): GC_FOR_ALLOC freed 255K, 6% free 13740K/14535K, paused 24ms
D/dalvikvm(  203): GC_CONCURRENT freed 240K, 4% free 13996K/14535K, paused 4ms+3ms
D/dalvikvm(  203): GC_FOR_ALLOC freed <1K, 4% free 13996K/14535K, paused 16ms
I/dalvikvm-heap(  203): Grow heap (frag case) to 13.906MB for 193688-byte allocation
D/dalvikvm(  203): GC_FOR_ALLOC freed 255K, 6% free 13930K/14727K, paused 13ms
D/dalvikvm(  203): GC_CONCURRENT freed 102K, 3% free 14314K/14727K, paused 1ms+2ms
D/dalvikvm(  203): GC_CONCURRENT freed 114K, 2% free 14743K/14919K, paused 1ms+3ms
D/dalvikvm(  203): GC_CONCURRENT freed 124K, 2% free 15187K/15367K, paused 1ms+4ms
D/dalvikvm(  203): GC_CONCURRENT freed 527K, 4% free 15349K/15943K, paused 2ms+2ms
D/dalvikvm(  203): GC_CONCURRENT freed 157K, 2% free 15921K/16135K, paused 2ms+2ms
W/PackageParser(  203): Unknown element under <application>: permission at /system/app/AmazonMarket.apk Binary XML file line #40
I/PackageManager(  203): /system/app/AmazonMarket.apk changed; collecting certs
D/dalvikvm(  203): GC_CONCURRENT freed 797K, 6% free 15952K/16839K, paused 2ms+30ms
D/dalvikvm(  203): GC_FOR_ALLOC freed 3100K, 22% free 13238K/16839K, paused 28ms
D/dalvikvm(  203): GC_CONCURRENT freed 431K, 21% free 13318K/16839K, paused 2ms+5ms
D/dalvikvm(  203): GC_CONCURRENT freed 104K, 19% free 13700K/16839K, paused 2ms+2ms
D/dalvikvm(  203): GC_CONCURRENT freed 277K, 18% free 13915K/16839K, paused 1ms+4ms
I/PackageManager(  203): /system/app/ApplicationsProvider.apk changed; collecting certs
I/PackageManager(  203): New shared user android.uid.shared: id=10001
I/PackageManager(  203): /system/app/BIP.apk changed; collecting certs
D/dalvikvm(  203): GC_CONCURRENT freed 354K, 17% free 14049K/16839K, paused 1ms+9ms
I/PackageManager(  203): /system/app/BackupRestoreConfirmation.apk changed; collecting certs
W/PackageParser(  203): No actions in intent filter at /system/app/Bluetooth.apk Binary XML file line #125
I/PackageManager(  203): /system/app/Bluetooth.apk changed; collecting certs
D/dalvikvm(  203): GC_CONCURRENT freed 1366K, 23% free 13122K/16839K, paused 4ms+4ms
I/PackageManager(  203): /system/app/BooksTablet.apk changed; collecting certs
D/dalvikvm(  203): GC_CONCURRENT freed 321K, 22% free 13296K/16839K, paused 2ms+3ms
D/dalvikvm(  203): GC_CONCURRENT freed 367K, 21% free 13440K/16839K, paused 1ms+2ms
D/dalvikvm(  203): GC_CONCURRENT freed 226K, 19% free 13684K/16839K, paused 2ms+7ms
I/PackageManager(  203): /system/app/Browser.apk changed; collecting certs
D/dalvikvm(  203): GC_CONCURRENT freed 331K, 18% free 13855K/16839K, paused 4ms+8ms
D/dalvikvm(  203): GC_CONCURRENT freed 984K, 21% free 13348K/16839K, paused 1ms+2ms
I/PackageManager(  203): /system/app/Calculator.apk changed; collecting certs
I/PackageManager(  203): /system/app/Calendar.apk changed; collecting certs
D/dalvikvm(  203): GC_CONCURRENT freed 342K, 20% free 13501K/16839K, paused 1ms+4ms
D/dalvikvm(  203): GC_CONCURRENT freed 635K, 21% free 13378K/16839K, paused 3ms+9ms
I/PackageManager(  203): New shared user com.google.android.calendar.uid.shared: id=10008
I/PackageManager(  203): /system/app/CalendarProvider.apk changed; collecting certs
I/PackageManager(  203): New shared user android.uid.calendar: id=10009
I/PackageManager(  203): /system/app/Camera.apk changed; collecting certs
D/dalvikvm(  203): GC_CONCURRENT freed 354K, 20% free 13535K/16839K, paused 3ms+8ms
D/dalvikvm(  203): GC_CONCURRENT freed 639K, 21% free 13371K/16839K, paused 4ms+4ms
I/PackageManager(  203): /system/app/CarHome.apk changed; collecting certs
D/dalvikvm(  203): GC_CONCURRENT freed 351K, 20% free 13532K/16839K, paused 2ms+6ms
I/PackageManager(  203): /system/app/CertInstaller.apk changed; collecting certs
I/PackageManager(  203): /system/app/ChromeBookmarksSyncAdapter.apk changed; collecting certs
I/PackageManager(  203): New shared user com.google.uid.shared: id=10013
D/dalvikvm(  203): GC_CONCURRENT freed 715K, 22% free 13271K/16839K, paused 2ms+5ms
W/PackageParser(  203): No actions in intent filter at /system/app/Contacts.apk Binary XML file line #525
I/PackageManager(  203): /system/app/Contacts.apk changed; collecting certs
D/dalvikvm(  203): GC_CONCURRENT freed 368K, 21% free 13382K/16839K, paused 1ms+6ms
D/dalvikvm(  203): GC_CONCURRENT freed 359K, 20% free 13511K/16839K, paused 4ms+4ms
D/dalvikvm(  203): GC_CONCURRENT freed 220K, 19% free 13789K/16839K, paused 2ms+3ms
I/PackageManager(  203): /system/app/ContactsProvider.apk changed; collecting certs
I/PackageManager(  203): /system/app/DefaultContainerService.apk changed; collecting certs
I/PackageManager(  203): /system/app/DeskClock.apk changed; collecting certs
D/dalvikvm(  203): GC_CONCURRENT freed 429K, 18% free 13872K/16839K, paused 4ms+9ms
I/PackageManager(  203): /system/app/DownloadProvider.apk changed; collecting certs
I/PackageManager(  203): New shared user android.media: id=10016
I/PackageManager(  203): /system/app/DownloadProviderUi.apk changed; collecting certs
D/dalvikvm(  203): GC_CONCURRENT freed 960K, 21% free 13382K/16839K, paused 2ms+8ms
I/PackageManager(  203): /system/app/DrmProvider.apk changed; collecting certs
I/PackageManager(  203): /system/app/Email.apk changed; collecting certs
D/dalvikvm(  203): GC_CONCURRENT freed 471K, 21% free 13422K/16839K, paused 5ms+3ms
D/dalvikvm(  203): GC_CONCURRENT freed 343K, 20% free 13580K/16839K, paused 2ms+3ms
I/PackageManager(  203): /system/app/Exchange.apk changed; collecting certs
I/PackageManager(  203): /system/app/FaceLock.apk changed; collecting certs
D/dalvikvm(  203): GC_CONCURRENT freed 359K, 19% free 13725K/16839K, paused 4ms+6ms
I/PackageManager(  203): /system/app/Gallery2.apk changed; collecting certs
D/dalvikvm(  203): GC_CONCURRENT freed 723K, 20% free 13493K/16839K, paused 2ms+3ms
I/PackageManager(  203): /system/app/GenieWidget.apk changed; collecting certs
D/dalvikvm(  203): GC_CONCURRENT freed 378K, 20% free 13623K/16839K, paused 1ms+4ms
D/dalvikvm(  203): GC_CONCURRENT freed 562K, 20% free 13555K/16839K, paused 1ms+3ms
I/PackageManager(  203): /system/app/Gmail.apk changed; collecting certs
D/dalvikvm(  203): GC_CONCURRENT freed 234K, 19% free 13792K/16839K, paused 4ms+6ms
D/dalvikvm(  203): GC_CONCURRENT freed 621K, 19% free 13656K/16839K, paused 4ms+4ms
I/PackageManager(  203): /system/app/GoogleBackupTransport.apk changed; collecting certs
D/dalvikvm(  203): GC_CONCURRENT freed 229K, 18% free 13875K/16839K, paused 4ms+4ms
I/PackageManager(  203): /system/app/GoogleContactsSyncAdapter.apk changed; collecting certs
I/PackageManager(  203): /system/app/GoogleFeedback.apk changed; collecting certs
D/dalvikvm(  203): GC_CONCURRENT freed 365K, 18% free 13966K/16839K, paused 2ms+5ms
I/PackageManager(  203): /system/app/GoogleLoginService.apk changed; collecting certs
D/dalvikvm(  203): GC_CONCURRENT freed 861K, 20% free 13588K/16839K, paused 1ms+3ms
I/PackageManager(  203): /system/app/GooglePartnerSetup.apk changed; collecting certs
I/PackageManager(  203): /system/app/GoogleServicesFramework.apk changed; collecting certs
D/dalvikvm(  203): GC_CONCURRENT freed 306K, 19% free 13744K/16839K, paused 2ms+6ms
I/PackageManager(  203): /system/app/GoogleTTS.apk changed; collecting certs
I/PackageManager(  203): /system/app/HTMLViewer.apk changed; collecting certs
I/PackageManager(  203): /system/app/IMSFramework.apk changed; collecting certs
I/PackageManager(  203): /system/app/KeyChain.apk changed; collecting certs
D/dalvikvm(  203): GC_CONCURRENT freed 591K, 19% free 13669K/16839K, paused 3ms+6ms
I/PackageManager(  203): /system/app/LatinIME.apk changed; collecting certs
D/dalvikvm(  203): GC_CONCURRENT freed 445K, 19% free 13721K/16839K, paused 4ms+3ms
D/dalvikvm(  203): GC_CONCURRENT freed 391K, 18% free 13842K/16839K, paused 1ms+6ms
D/dalvikvm(  203): GC_CONCURRENT freed 226K, 17% free 14120K/16839K, paused 5ms+3ms
I/PackageManager(  203): /system/app/LatinIMEDictionaryPack.apk changed; collecting certs
I/PackageManager(  203): /system/app/Launcher2.apk changed; collecting certs
D/dalvikvm(  203): GC_CONCURRENT freed 376K, 16% free 14229K/16839K, paused 2ms+18ms
D/dalvikvm(  203): GC_CONCURRENT freed 957K, 19% free 13758K/16839K, paused 2ms+3ms
I/PackageManager(  203): /system/app/LiveWallpapers.apk changed; collecting certs
I/PackageManager(  203): /system/app/LiveWallpapersPicker.apk changed; collecting certs
D/dalvikvm(  203): GC_CONCURRENT freed 305K, 18% free 13891K/16839K, paused 4ms+7ms
I/PackageManager(  203): /system/app/Maps.apk changed; collecting certs
D/dalvikvm(  203): GC_CONCURRENT freed 482K, 18% free 13920K/16839K, paused 1ms+3ms
D/dalvikvm(  203): GC_CONCURRENT freed 249K, 16% free 14183K/16839K, paused 1ms+3ms
D/dalvikvm(  203): GC_FOR_ALLOC freed 212K, 16% free 14306K/16839K, paused 33ms
D/dalvikvm(  203): GC_CONCURRENT freed 151K, 14% free 14636K/16839K, paused 1ms+2ms
D/dalvikvm(  203): GC_FOR_ALLOC freed 473K, 14% free 14604K/16839K, paused 21ms
D/dalvikvm(  203): GC_FOR_ALLOC freed 369K, 14% free 14645K/16839K, paused 19ms
D/dalvikvm(  203): GC_CONCURRENT freed 147K, 11% free 15019K/16839K, paused 1ms+4ms
D/dalvikvm(  203): GC_CONCURRENT freed 387K, 10% free 15240K/16839K, paused 1ms+2ms
D/dalvikvm(  203): GC_CONCURRENT freed 138K, 7% free 15774K/16839K, paused 1ms+3ms
D/dalvikvm(  203): GC_CONCURRENT freed 521K, 5% free 16058K/16839K, paused 2ms+4ms
I/PackageManager(  203): New shared user com.google.android.apps.maps: id=10033
D/dalvikvm(  203): GC_CONCURRENT freed 229K, 2% free 16746K/17031K, paused 2ms+3ms
I/PackageManager(  203): /system/app/MarketUpdater.apk changed; collecting certs
I/PackageManager(  203): /system/app/MediaProvider.apk changed; collecting certs
I/PackageManager(  203): /system/app/MediaUploader.apk changed; collecting certs
I/PackageManager(  203): /system/app/Microbes.apk changed; collecting certs
I/PackageManager(  203): /system/app/Mms.apk changed; collecting certs
D/dalvikvm(  203): GC_CONCURRENT freed 1099K, 7% free 16708K/17863K, paused 2ms+28ms
I/PackageManager(  203): /system/app/Music.apk changed; collecting certs
D/dalvikvm(  203): GC_CONCURRENT freed 3183K, 19% free 14537K/17863K, paused 1ms+3ms
D/dalvikvm(  203): GC_FOR_ALLOC freed 248K, 20% free 14381K/17863K, paused 28ms
I/dalvikvm-heap(  203): Grow heap (frag case) to 14.220MB for 129040-byte allocation
D/dalvikvm(  203): GC_FOR_ALLOC freed 62K, 20% free 14445K/17991K, paused 43ms
I/dalvikvm-heap(  203): Grow heap (frag case) to 14.408MB for 260112-byte allocation
D/dalvikvm(  203): GC_FOR_ALLOC freed 126K, 21% free 14573K/18247K, paused 25ms
I/dalvikvm-heap(  203): Grow heap (frag case) to 14.454MB for 176901-byte allocation
D/dalvikvm(  203): GC_FOR_ALLOC freed 255K, 22% free 14491K/18439K, paused 20ms
D/dalvikvm(  203): GC_CONCURRENT freed 244K, 21% free 14747K/18439K, paused 2ms+6ms
D/dalvikvm(  203): GC_FOR_ALLOC freed <1K, 21% free 14747K/18439K, paused 37ms
I/dalvikvm-heap(  203): Grow heap (frag case) to 14.624MB for 176859-byte allocation
D/dalvikvm(  203): GC_FOR_ALLOC freed 255K, 22% free 14665K/18631K, paused 21ms
D/dalvikvm(  203): GC_CONCURRENT freed 240K, 20% free 14920K/18631K, paused 1ms+2ms
D/dalvikvm(  203): GC_FOR_ALLOC freed <1K, 20% free 14920K/18631K, paused 22ms
I/dalvikvm-heap(  203): Grow heap (frag case) to 14.792MB for 176859-byte allocation
D/dalvikvm(  203): GC_FOR_ALLOC freed 255K, 22% free 14838K/18823K, paused 21ms
D/dalvikvm(  203): GC_CONCURRENT freed 117K, 19% free 15290K/18823K, paused 2ms+3ms
D/dalvikvm(  203): GC_CONCURRENT freed 140K, 16% free 15833K/18823K, paused 2ms+3ms
D/dalvikvm(  203): GC_CONCURRENT freed 529K, 15% free 16123K/18823K, paused 1ms+3ms
I/PackageManager(  203): /system/app/MusicFX.apk changed; collecting certs
D/dalvikvm(  203): GC_CONCURRENT freed 208K, 11% free 16806K/18823K, paused 2ms+3ms
I/PackageManager(  203): /system/app/NetworkLocation.apk changed; collecting certs
I/PackageManager(  203): /system/app/Nfc.apk changed; collecting certs
I/PackageManager(  203): /system/app/OneTimeInitializer.apk changed; collecting certs
I/PackageManager(  203): /system/app/PackageInstaller.apk changed; collecting certs
I/PackageManager(  203): /system/app/Phone.apk changed; collecting certs
D/dalvikvm(  203): GC_CONCURRENT freed 1124K, 12% free 16744K/18823K, paused 2ms+22ms
I/PackageManager(  203): /system/app/Phonesky.apk changed; collecting certs
D/dalvikvm(  203): GC_CONCURRENT freed 3260K, 23% free 14531K/18823K, paused 2ms+5ms
D/dalvikvm(  203): GC_CONCURRENT freed 455K, 23% free 14588K/18823K, paused 2ms+4ms
I/PackageManager(  203): /system/app/PlusOne.apk changed; collecting certs
D/dalvikvm(  203): GC_CONCURRENT freed 316K, 22% free 14783K/18823K, paused 4ms+7ms
D/dalvikvm(  203): GC_CONCURRENT freed 908K, 24% free 14327K/18823K, paused 2ms+2ms
D/dalvikvm(  203): GC_FOR_ALLOC freed 307K, 24% free 14485K/18823K, paused 37ms
D/dalvikvm(  203): GC_CONCURRENT freed 260K, 22% free 14736K/18823K, paused 4ms+4ms
D/dalvikvm(  203): GC_CONCURRENT freed 239K, 21% free 15035K/18823K, paused 3ms+4ms
D/dalvikvm(  203): GC_CONCURRENT freed 340K, 19% free 15314K/18823K, paused 2ms+3ms
W/ResourceType(  203): Failure getting entry for 0x7f02004b (t=1 e=75) in package 0 (error -75)
I/PackageManager(  203): /system/app/QuickSearchBox.apk changed; collecting certs
D/dalvikvm(  203): GC_CONCURRENT freed 481K, 18% free 15523K/18823K, paused 1ms+11ms
I/PackageManager(  203): /system/app/RTN.apk changed; collecting certs
I/PackageManager(  203): /system/app/SDM.apk changed; collecting certs
D/dalvikvm(  203): GC_CONCURRENT freed 1839K, 24% free 14407K/18823K, paused 4ms+4ms
I/PackageManager(  203): /system/app/Settings.apk changed; collecting certs
D/dalvikvm(  203): GC_CONCURRENT freed 435K, 24% free 14458K/18823K, paused 6ms+3ms
D/dalvikvm(  203): GC_CONCURRENT freed 461K, 23% free 14508K/18823K, paused 4ms+7ms
D/dalvikvm(  203): GC_CONCURRENT freed 227K, 22% free 14793K/18823K, paused 1ms+3ms
I/PackageManager(  203): /system/app/SettingsProvider.apk changed; collecting certs
I/PackageManager(  203): /system/app/SetupWizard.apk changed; collecting certs
D/dalvikvm(  203): GC_CONCURRENT freed 387K, 21% free 14964K/18823K, paused 4ms+10ms
I/PackageManager(  203): /system/app/SharedStorageBackup.apk changed; collecting certs
I/PackageManager(  203): /system/app/SoundRecorder.apk changed; collecting certs
I/PackageManager(  203): /system/app/Street.apk changed; collecting certs
D/dalvikvm(  203): GC_CONCURRENT freed 1116K, 24% free 14450K/18823K, paused 2ms+6ms
I/PackageManager(  203): /system/app/Superuser.apk changed; collecting certs
D/dalvikvm(  203): GC_CONCURRENT freed 489K, 24% free 14473K/18823K, paused 4ms+4ms
I/PackageManager(  203): /system/app/SyncMLSvc.apk changed; collecting certs
D/dalvikvm(  203): GC_CONCURRENT freed 358K, 23% free 14551K/18823K, paused 2ms+5ms
I/PackageManager(  203): /system/app/SystemUI.apk changed; collecting certs
D/dalvikvm(  203): GC_CONCURRENT freed 563K, 24% free 14488K/18823K, paused 2ms+3ms
D/dalvikvm(  203): GC_CONCURRENT freed 301K, 22% free 14683K/18823K, paused 2ms+4ms
I/PackageManager(  203): /system/app/Tag.apk changed; collecting certs
D/dalvikvm(  203): GC_CONCURRENT freed 394K, 22% free 14824K/18823K, paused 2ms+8ms
I/PackageManager(  203): /system/app/Talk.apk changed; collecting certs
D/dalvikvm(  203): GC_CONCURRENT freed 818K, 23% free 14565K/18823K, paused 5ms+2ms
D/dalvikvm(  203): GC_CONCURRENT freed 389K, 22% free 14687K/18823K, paused 2ms+3ms
I/PackageManager(  203): /system/app/TelephonyProvider.apk changed; collecting certs
I/PackageManager(  203): /system/app/Thinkfree.apk changed; collecting certs
D/dalvikvm(  203): GC_CONCURRENT freed 313K, 21% free 14907K/18823K, paused 4ms+6ms
D/dalvikvm(  203): GC_CONCURRENT freed 739K, 22% free 14756K/18823K, paused 2ms+3ms
D/dalvikvm(  203): GC_FOR_ALLOC freed 241K, 22% free 14866K/18823K, paused 45ms
D/dalvikvm(  203): GC_CONCURRENT freed 437K, 21% free 14970K/18823K, paused 1ms+3ms
D/dalvikvm(  203): GC_FOR_ALLOC freed 465K, 20% free 15106K/18823K, paused 47ms
D/dalvikvm(  203): GC_CONCURRENT freed 479K, 19% free 15264K/18823K, paused 2ms+3ms
D/dalvikvm(  203): GC_CONCURRENT freed 146K, 17% free 15795K/18823K, paused 2ms+8ms
D/dalvikvm(  203): GC_CONCURRENT freed 173K, 13% free 16386K/18823K, paused 2ms+3ms
D/dalvikvm(  203): GC_CONCURRENT freed 535K, 11% free 16808K/18823K, paused 2ms+4ms
I/PackageManager(  203): /system/app/UserDictionaryProvider.apk changed; collecting certs
I/PackageManager(  203): /system/app/VZWAPNLib.apk changed; collecting certs
I/PackageParser(  203): com.vzw.apnlib: compat added android.permission.WRITE_EXTERNAL_STORAGE android.permission.READ_PHONE_STATE
I/PackageManager(  203): /system/app/VZWAPNService.apk changed; collecting certs
W/PackageManager(  203): Application package com.vzw.apnlib already installed.  Skipping duplicate.
I/PackageParser(  203): com.vzw.apnservice: compat added android.permission.WRITE_EXTERNAL_STORAGE android.permission.READ_PHONE_STATE
D/dalvikvm(  203): GC_CONCURRENT freed 954K, 11% free 16896K/18823K, paused 3ms+19ms
I/PackageManager(  203): /system/app/VideoEditor.apk changed; collecting certs
I/PackageManager(  203): /system/app/Videos.apk changed; collecting certs
D/dalvikvm(  203): GC_CONCURRENT freed 3157K, 22% free 14824K/18823K, paused 2ms+12ms
I/PackageManager(  203): /system/app/VisualizationWallpapers.apk changed; collecting certs
D/dalvikvm(  203): GC_CONCURRENT freed 651K, 22% free 14740K/18823K, paused 2ms+8ms
I/PackageManager(  203): /system/app/VoiceDialer.apk changed; collecting certs
I/PackageManager(  203): /system/app/VoiceSearch.apk changed; collecting certs
D/dalvikvm(  203): GC_CONCURRENT freed 654K, 23% free 14632K/18823K, paused 5ms+4ms
I/PackageManager(  203): /system/app/VpnDialogs.apk changed; collecting certs
I/PackageManager(  203): /system/app/Wallet.apk changed; collecting certs
D/dalvikvm(  203): GC_CONCURRENT freed 372K, 22% free 14779K/18823K, paused 2ms+7ms
D/dalvikvm(  203): GC_CONCURRENT freed 576K, 22% free 14743K/18823K, paused 3ms+3ms
D/dalvikvm(  203): GC_CONCURRENT freed 168K, 20% free 15121K/18823K, paused 2ms+4ms
W/PackageManager(  203): Package com.google.android.apps.walletnfcrel desires unavailable shared library com.google.android.nfc_extras; ignoring!
D/dalvikvm(  203): GC_CONCURRENT freed 293K, 18% free 15466K/18823K, paused 2ms+3ms
W/ResourceType(  203): Failure getting entry for 0x7f0c0013 (t=11 e=19) in package 0 (error -75)
I/PackageManager(  203): /system/app/YouTube.apk changed; collecting certs
D/dalvikvm(  203): GC_CONCURRENT freed 481K, 17% free 15708K/18823K, paused 2ms+10ms
D/dalvikvm(  203): GC_CONCURRENT freed 1212K, 20% free 15239K/18823K, paused 2ms+2ms
D/dalvikvm(  203): GC_CONCURRENT freed 309K, 18% free 15507K/18823K, paused 1ms+3ms
I/PackageManager(  203): /system/app/talkback.apk changed; collecting certs
I/PackageManager(  203): New shared user com.google.android.marvin.feedback: id=10061
D/PackageManager(  203): No files in app dir /vendor/app
I/PackageManager(  203): Time to scan packages: 19.307 seconds
I/PackageManager(  203): Platform changed from 0 to 15; regranting permissions for internal storage
W/PackageManager(  203): Unknown permission com.android.vending.permission.UPDATE_MARKET_FAILURE in package com.android.vending.updater
W/PackageManager(  203): Unknown permission android.permission.ADD_SYSTEM_SERVICE in package com.android.phone
W/PackageManager(  203): Unknown permission com.android.smspush.WAPPUSH_MANAGER_BIND in package com.android.phone
W/PackageManager(  203): Unknown permission com.android.nfc.permission.NFCEE_ADMIN in package com.google.android.apps.walletnfcrel
W/PackageManager(  203): Unknown permission com.google.android.apps.googlevoice.permission.AUTO_SEND in package com.google.android.voicesearch
W/PackageManager(  203): Unknown permission com.android.vending.billing.IBillingAccountService.BIND2 in package com.google.android.gsf.login
W/PackageManager(  203): Not granting permission android.permission.SEND_DOWNLOAD_COMPLETED_INTENTS to package com.android.browser (protectionLevel=2 flags=0x9be45)
W/PackageManager(  203): Unknown permission com.android.amazon.dcp.ota.permission.INSTALL_PACKAGES in package com.amazon.venezia
W/PackageManager(  203): Unknown permission com.amazon.dcp.metrics.permission.METRICS_PERMISSION in package com.amazon.venezia
W/PackageManager(  203): Unknown permission com.amazon.CONTENT_PROVIDER_ACCESS in package com.amazon.venezia
W/PackageManager(  203): Unknown permission com.amazon.CONTENT_NOTIFICATION_ACCESS in package com.amazon.venezia
W/PackageManager(  203): Unknown permission com.amazon.SYNC_RECEIVER_ACCESS in package com.amazon.venezia
W/PackageManager(  203): Unknown permission android.permission.READ_OWNER_DATA in package com.google.android.setupwizard
W/PackageManager(  203): Unknown permission android.permission.WRITE_OWNER_DATA in package com.google.android.setupwizard
W/PackageManager(  203): Unknown permission android.permission.READ_EXTERNAL_STORAGE in package com.android.videoeditor
W/PackageManager(  203): Not granting permission com.google.android.gm.permission.READ_GMAIL to package com.google.android.apps.uploader (protectionLevel=2 flags=0x8be45)
W/PackageManager(  203): Unknown permission com.google.android.googleapps.permission.GOOGLE_AUTH.panoramio in package com.google.android.apps.uploader
W/PackageManager(  203): Unknown permission android.permission.READ_EXTERNAL_STORAGE in package com.android.vending
W/PackageManager(  203): Not granting permission android.permission.SEND_DOWNLOAD_COMPLETED_INTENTS to package com.android.vending (protectionLevel=2 flags=0xabe45)
W/PackageManager(  203): Not granting permission android.permission.ACCOUNT_MANAGER to package com.google.android.music (protectionLevel=2 flags=0x8be65)
W/PackageManager(  203): Unknown permission com.android.providers.im.permission.READ_ONLY in package com.google.android.apps.maps
W/PackageManager(  203): Not granting permission android.permission.DEVICE_POWER to package com.android.deskclock (protectionLevel=2 flags=0x8be45)
W/PackageManager(  203): Not granting permission android.permission.DEVICE_POWER to package com.android.facelock (protectionLevel=2 flags=0x8be45)
D/dalvikvm(  203): GC_EXPLICIT freed 620K, 18% free 15474K/18823K, paused 5ms+9ms
I/SystemServer(  203): Account Manager
D/PackageManager(  203): generateServicesMap(android.accounts.AccountAuthenticator): 3 services:
D/PackageManager(  203):   New service added: ServiceInfo: AuthenticatorDescription {type=com.android.email}, ComponentInfo{com.android.email/com.android.email.service.PopImapAuthenticatorService}, uid 10017
D/PackageManager(  203):   New service added: ServiceInfo: AuthenticatorDescription {type=com.android.exchange}, ComponentInfo{com.android.email/com.android.email.service.EasAuthenticatorService}, uid 10017
D/PackageManager(  203):   New service added: ServiceInfo: AuthenticatorDescription {type=com.google}, ComponentInfo{com.google.android.gsf.login/com.google.android.gsf.loginservice.GoogleLoginService}, uid 10013
I/SystemServer(  203): Content Manager
I/SyncManager(  203): No initial accounts
I/SyncManager(  203): No initial status
I/SyncManager(  203): No initial pending operations
I/SyncManager(  203): No initial statistics
D/PackageManager(  203): generateServicesMap(android.content.SyncAdapter): 15 services:
D/PackageManager(  203):   New service added: ServiceInfo: SyncAdapterType {name=com.google.android.apps.books, type=com.google, userVisible=true, supportsUploading=true, isAlwaysSyncable=false, allowParallelSyncs=false, settingsActivity=null}, ComponentInfo{com.google.android.apps.books/com.google.android.apps.books.service.SyncService}, uid 10005
D/PackageManager(  203):   New service added: ServiceInfo: SyncAdapterType {name=com.android.calendar, type=com.google, userVisible=true, supportsUploading=true, isAlwaysSyncable=false, allowParallelSyncs=false, settingsActivity=null}, ComponentInfo{com.google.android.calendar/com.google.android.syncadapters.calendar.CalendarSyncAdapterService}, uid 10008
D/PackageManager(  203):   New service added: ServiceInfo: SyncAdapterType {name=com.android.browser, type=com.google, userVisible=true, supportsUploading=true, isAlwaysSyncable=false, allowParallelSyncs=false, settingsActivity=null}, ComponentInfo{com.google.android.syncadapters.bookmarks/com.google.android.syncadapters.bookmarks.BookmarksSyncAdapterService}, uid 10013
