W/Launcher.LauncherProvider( 1090): 	at android.app.ActivityThread.access$1300(ActivityThread.java:123)
W/Launcher.LauncherProvider( 1090): 	at android.app.ActivityThread$H.handleMessage(ActivityThread.java:1185)
W/Launcher.LauncherProvider( 1090): 	at android.os.Handler.dispatchMessage(Handler.java:99)
W/Launcher.LauncherProvider( 1090): 	at android.os.Looper.loop(Looper.java:137)
W/Launcher.LauncherProvider( 1090): 	at android.app.ActivityThread.main(ActivityThread.java:4424)
W/Launcher.LauncherProvider( 1090): 	at java.lang.reflect.Method.invokeNative(Native Method)
W/Launcher.LauncherProvider( 1090): 	at java.lang.reflect.Method.invoke(Method.java:511)
W/Launcher.LauncherProvider( 1090): 	at com.android.internal.os.ZygoteInit$MethodAndArgsCaller.run(ZygoteInit.java:784)
W/Launcher.LauncherProvider( 1090): 	at com.android.internal.os.ZygoteInit.main(ZygoteInit.java:551)
W/Launcher.LauncherProvider( 1090): 	at dalvik.system.NativeStart.main(Native Method)
D/Su.PermissionsDbService( 1105): permissions.sqlite opened
I/ActivityManager(  203): No longer want com.android.settings (pid 580): hidden #16
D/dalvikvm(  203): GC_EXPLICIT freed 525K, 17% free 15676K/18823K, paused 3ms+4ms
E/GTalkService(  646): getAccountForAndroidId: get ANDROID_ID returned 0!
I/ActivityManager(  203): No longer want com.android.contacts (pid 743): hidden #16
D/dalvikvm(  646): GC_CONCURRENT freed 312K, 4% free 12949K/13383K, paused 2ms+3ms
W/BackupManagerService(  203): dataChanged but no participant pkg='com.android.providers.settings' uid=10016
D/Videos  ( 1141): youtube.core.BaseApplication.maybeEnableManageNetworkUsageActivity:316 Enabling network usage management
D/Su.PermissionsDbService( 1105): got cursor from su.db
D/Su.PermissionsDbService( 1105): closing permissions.sqlite
I/ActivityManager(  203): No longer want com.google.android.inputmethod.latin.dictionarypack (pid 619): hidden #16
D/dalvikvm(  646): GC_EXPLICIT freed 54K, 4% free 12898K/13383K, paused 6ms+3ms
W/Videos  ( 1141): youtube.videos.VideosApplication.getCurrentCountryCode:166 default country = US
D/dalvikvm( 1141): GC_CONCURRENT freed 304K, 4% free 12717K/13127K, paused 2ms+1ms
D/Videos  ( 1141): youtube.core.utils.Util.shrinkDirSize:515 Dir is below limit, no need to shrink: [size=0, limit=5242880]
D/Videos  ( 1141): youtube.videos.transfer.VideoDownloadService$BootReceiver.onReceive:46 boot completed, starting video download service
I/ActivityManager(  203): Start proc com.android.voicedialer for broadcast com.android.voicedialer/.VoiceDialerReceiver: pid=1177 uid=10057 gids={3002}
I/Videos  ( 1141): youtube.videos.DownloadJanitorService.onCreate:70 Janitor starting
I/ActivityManager(  203): No longer want com.amazon.venezia (pid 832): hidden #16
D/Videos  ( 1141): youtube.core.transfer.TransferService.onCreate:172 creating transfer service
D/Videos  ( 1141): youtube.core.transfer.TransfersDbHelper$DbHandler.handleMessage:130 db init
I/ActivityManager(  203): Start proc com.google.android.apps.walletnfcrel for broadcast com.google.android.apps.walletnfcrel/com.google.android.apps.wallet.services.maintenance.OnBootReceiver: pid=1191 uid=10059 gids={3003, 1015}
I/ActivityManager(  203): No longer want com.android.providers.calendar (pid 870): hidden #16
I/dalvikvm( 1191): Turning on JNI app bug workarounds for target SDK version 10...
I/ActivityThread( 1191): Pub com.google.android.apps.wallet: com.google.android.apps.wallet.datastore.impl.WalletContentProvider
D/dalvikvm( 1191): GC_CONCURRENT freed 247K, 3% free 12821K/13127K, paused 3ms+4ms
I/ActivityManager(  203): Start proc com.amazon.venezia for broadcast com.amazon.venezia/.notification.ClientBroadcastReceiver: pid=1209 uid=10000 gids={3003, 1015}
I/dalvikvm( 1209): Turning on JNI app bug workarounds for target SDK version 9...
I/dalvikvm( 1225): Turning on JNI app bug workarounds for target SDK version 10...
I/ActivityThread( 1209): Pub com.amazon.appstore: com.amazon.mas.client.contentprovider.ContentProviderApps
I/ActivityManager(  203): Start proc com.skcc.gtec.otaproxy for service com.google.android.apps.walletnfcrel/com.skcc.gtec.otaproxy.StartService: pid=1225 uid=10059 gids={3003, 1015}
V//ContextScope.java:112( 1209): 04:16:05.665 main Contexts in the main scope map after inserting com.amazon.venezia.VeneziaApplication@416e5380: com.amazon.venezia.VeneziaApplication@416e5380
D/dalvikvm( 1209): GC_CONCURRENT freed 242K, 3% free 12826K/13127K, paused 2ms+2ms
I/ActivityManager(  203): No longer want com.android.deskclock (pid 888): hidden #16
D/Videos  ( 1141): youtube.core.transfer.TransfersDbHelper$DbHandler.handleMessage:137 db restore
D/dalvikvm( 1191): GC_CONCURRENT freed 301K, 4% free 12972K/13383K, paused 1ms+2ms
D/Videos  ( 1141): youtube.core.transfer.TransferService.restore:227 restored 0 transfers
D/Videos  ( 1141): youtube.core.transfer.TransferService.onDestroy:375 destroying transfer service
D/Videos  ( 1141): youtube.core.transfer.TransfersDbHelper$DbHandler.handleMessage:165 db close
I/ActivityManager(  203): No longer want com.google.android.apps.genie.geniewidget (pid 928): hidden #16
I/Videos  ( 1141): youtube.videos.DownloadJanitorService$1.run:110 Janitor done
I/ActivityManager(  203): No longer want com.google.android.gm (pid 956): hidden #16
D/dalvikvm( 1209): GC_CONCURRENT freed 486K, 5% free 12890K/13447K, paused 1ms+2ms
D/dalvikvm(  593): GC_CONCURRENT freed 349K, 4% free 12851K/13319K, paused 2ms+2ms
D/dalvikvm( 1209): GC_CONCURRENT freed 539K, 5% free 12910K/13511K, paused 8ms+1ms
D/dalvikvm( 1209): GC_CONCURRENT freed 452K, 5% free 12969K/13511K, paused 2ms+3ms
E/DowngradeSafeSQLiteOpenHelper( 1191): old version: 0 new version: 16
D/dalvikvm( 1209): GC_CONCURRENT freed 508K, 5% free 13003K/13575K, paused 1ms+2ms
I/SqliteDatabaseCpp( 1191): sqlite returned: error code = 17, msg = statement aborts at 12: [SELECT id, proto FROM credential] database schema has changed, db=/data/data/com.google.android.apps.walletnfcrel/databases/walletDatastore
D/dalvikvm( 1209): GC_CONCURRENT freed 486K, 5% free 13025K/13575K, paused 2ms+2ms
I/SqliteDatabaseCpp( 1191): sqlite returned: error code = 17, msg = statement aborts at 12: [SELECT id, proto FROM credential] database schema has changed, db=/data/data/com.google.android.apps.walletnfcrel/databases/walletDatastore
I/SqliteDatabaseCpp( 1191): sqlite returned: error code = 17, msg = statement aborts at 12: [SELECT id, proto FROM credential] database schema has changed, db=/data/data/com.google.android.apps.walletnfcrel/databases/walletDatastore
I/SqliteDatabaseCpp( 1191): sqlite returned: error code = 17, msg = statement aborts at 12: [SELECT id, proto FROM credential] database schema has changed, db=/data/data/com.google.android.apps.walletnfcrel/databases/walletDatastore
D//Ln.java:220( 1209): 04:16:06.092 main Configuring Logging, minimum log level is INFO
D/dalvikvm( 1209): GC_CONCURRENT freed 442K, 4% free 13144K/13639K, paused 2ms+2ms
W/AmazonAppstore.ServiceProvider( 1209): No ServiceConfig pref, not loading ServiceConfig.
E/MetadataRetrieverClient(  120): failed to extract an album art
W/AmazonAppstore.ServiceProvider( 1209): No ServiceConfig pref, not loading ServiceConfig.
I/Venezia ( 1209): Application setup complete.
D/MediaScannerReceiver(  593): action: android.intent.action.MEDIA_MOUNTED path: /mnt/sdcard
D/dalvikvm( 1209): GC_CONCURRENT freed 396K, 4% free 13309K/13767K, paused 2ms+9ms
I/dalvikvm( 1249): Turning on JNI app bug workarounds for target SDK version 11...
I/ActivityManager(  203): Start proc com.google.android.apps.uploader for broadcast com.google.android.apps.uploader/.ConnectivityBroadcastReceiver: pid=1249 uid=10035 gids={3003}
I/AmazonAppstore.UpdateService( 1209): Self-updating enabled: true
D/AmazonAppstore.UpdateService( 1209): Adding self-update command to UpdateService
D/AmazonAppstore.UpdateService( 1209): Received action: com.amazon.mas.client.framework.UpdateService.EXECUTE_RECURRING_TASKS from intent: Intent { act=com.amazon.mas.client.framework.UpdateService.EXECUTE_RECURRING_TASKS cmp=com.amazon.venezia/com.amazon.mas.client.framework.UpdateService }
D/AmazonAppstore.UpdateService( 1209): Received action: com.amazon.mas.client.framework.UpdateService.SD_CARD_MOUNTED from intent: Intent { act=com.amazon.mas.client.framework.UpdateService.SD_CARD_MOUNTED cmp=com.amazon.venezia/com.amazon.mas.client.framework.UpdateService }
I/ActivityThread( 1249): Pub com.google.android.apps.uploader: com.google.android.apps.uploader.UploadsContentProvider
I/ActivityThread( 1249): Pub com.google.photos.provider.Album: com.google.android.apps.uploader.clients.picasa.AlbumProvider
D/MediaUploader( 1249): UploaderApplication.onCreate
D/NfceeAccess(  558): Granted NFCEE access to com.google.android.apps.walletnfcrel (wildcard)
D/MediaUploader( 1249): nonWifiLimit=20971520, default=20971520
I/MediaUploader( 1249): No need to wake up
I/ActivityManager(  203): Start proc com.google.android.apps.plus for broadcast com.google.android.apps.plus/.service.PackagesMediaMonitor: pid=1266 uid=10043 gids={3003, 1015, 1006}
I/ActivityManager(  203): No longer want android.process.acore (pid 632): hidden #16
I/dalvikvm( 1209): Total arena pages for JIT: 11
I/dalvikvm( 1209): Total arena pages for JIT: 12
I/dalvikvm( 1209): Total arena pages for JIT: 13
I/dalvikvm( 1209): Total arena pages for JIT: 14
I/dalvikvm( 1209): Total arena pages for JIT: 15
I/dalvikvm( 1209): Total arena pages for JIT: 16
I/dalvikvm( 1209): Total arena pages for JIT: 17
I/ActivityManager(  203): No longer want com.google.android.partnersetup (pid 977): hidden #16
D/NfcService(  558): NFC-EE OFF
D/NfcService(  558): NFC-C OFF
I/RegisteredComponentCache(  558): ComponentInfo: ResolveInfo{416e07f0 com.android.apps.tag.TagViewer p=0 o=0 m=0x108000}, techs: android.nfc.tech.Ndef, 
I/RegisteredComponentCache(  558): ComponentInfo: ResolveInfo{416e1810 com.android.apps.tag.TagViewer p=0 o=0 m=0x108000}, techs: android.nfc.tech.Ndef, 
I/RegisteredComponentCache(  558): ComponentInfo: ResolveInfo{416e2828 com.android.apps.tag.TagViewer p=0 o=0 m=0x108000}, techs: android.nfc.tech.Ndef, 
D/PackageManager(  203): generateServicesMap(android.accounts.AccountAuthenticator): 3 services unchanged
I/RegisteredComponentCache(  558): ComponentInfo: ResolveInfo{416e3a78 com.android.apps.tag.TagViewer p=0 o=0 m=0x108000}, techs: android.nfc.tech.Ndef, 
I/RegisteredComponentCache(  558): ComponentInfo: ResolveInfo{416e4880 com.android.apps.tag.TagViewer p=0 o=0 m=0x108000}, techs: android.nfc.tech.Ndef, 
D/PackageManager(  203): generateServicesMap(android.content.SyncAdapter): 15 services unchanged
I/ActivityThread( 1266): Pub com.google.android.apps.plus.content.EsProvider: com.google.android.apps.plus.content.EsProvider
W/Launcher.Model( 1090): Nobody to tell about the new app.  Launcher is probably loading.
D/dalvikvm( 1266): GC_CONCURRENT freed 163K, 2% free 12905K/13127K, paused 2ms+3ms
I/ActivityThread( 1266): Pub com.google.android.apps.plus.content.ApiProvider: com.google.android.apps.plus.content.EsApiProvider
I/ActivityThread( 1266): Pub com.google.android.apps.plus.content.EsGooglePhotoProvider: com.google.android.picasasync.PicasaContentProvider
D/dalvikvm( 1090): GC_CONCURRENT freed 240K, 3% free 12817K/13127K, paused 3ms+13ms
D/PackageManager(  203): generateServicesMap(android.accounts.AccountAuthenticator): 3 services unchanged
D/PackageManager(  203): generateServicesMap(android.content.SyncAdapter): 15 services unchanged
W/Launcher.Model( 1090): Nobody to tell about the new app.  Launcher is probably loading.
D/dalvikvm(  203): GC_CONCURRENT freed 607K, 17% free 15760K/18823K, paused 3ms+5ms
D/dalvikvm( 1266): GC_CONCURRENT freed 513K, 5% free 12935K/13511K, paused 1ms+5ms
W/Launcher.Model( 1090): Nobody to tell about the new app.  Launcher is probably loading.
W/Launcher.Model( 1090): Nobody to tell about the new app.  Launcher is probably loading.
I/ActivityThread( 1266): Pub com.google.plus.platform: com.google.android.apps.plus.content.AdsProvider
D/dalvikvm( 1090): GC_FOR_ALLOC freed 255K, 4% free 12984K/13447K, paused 11ms
W/Launcher.Model( 1090): Nobody to tell about the new app.  Launcher is probably loading.
D/UploadsManager( 1266): load newPhotoTracker: null
D/UploadsManager( 1266): load all accounts: null
D/UploadsManager( 1266): load all account-album pairs: null
D/dalvikvm( 1266): GC_FOR_ALLOC freed 250K, 4% free 13050K/13511K, paused 25ms
D/PackageManager(  203): generateServicesMap(android.accounts.AccountAuthenticator): 3 services unchanged
D/PackageManager(  203): generateServicesMap(android.content.SyncAdapter): 15 services unchanged
D/UploadsManager( 1266): System upgrade from null to 4.0.3.1
V/PicasaContentProvider( 1266): querySettings: defaults: {sync_on_wifi_only=1, auto_upload_account_type=null, sync_on_battery=1, sync_picasa_on_wifi_only=1, auto_upload_enabled=0, video_upload_wifi_only=1, sync_on_roaming=0, auto_upload_account_name=null}
D/UploadsManager( 1266):    settings not changed
I/ActivityManager(  203): Start proc android.process.acore for broadcast com.android.providers.contacts/.PackageIntentReceiver: pid=1281 uid=10001 gids={3003, 1015}
I/ActivityManager(  203): No longer want com.android.exchange (pid 804): hidden #16
D/PackageManager(  203): generateServicesMap(android.accounts.AccountAuthenticator): 3 services unchanged
D/PackageManager(  203): generateServicesMap(android.content.SyncAdapter): 15 services unchanged
I/ActivityThread( 1281): Pub com.android.voicemail: com.android.providers.contacts.VoicemailContentProvider
I/ActivityThread( 1281): Pub user_dictionary: com.android.providers.userdictionary.UserDictionaryProvider
I/ActivityThread( 1281): Pub com.android.social: com.android.providers.contacts.SocialProvider
I/ActivityThread( 1281): Pub applications: com.android.providers.applications.ApplicationsProvider
D/PackageManager(  203): generateServicesMap(android.accounts.AccountAuthenticator): 3 services unchanged
I/ActivityThread( 1281): Pub contacts;com.android.contacts: com.android.providers.contacts.ContactsProvider2
D/PackageManager(  203): generateServicesMap(android.content.SyncAdapter): 15 services unchanged
I/ActivityThread( 1281): Pub call_log: com.android.providers.contacts.CallLogProvider
V/PicasaContentProvider( 1266): querySettings: defaults: {sync_on_wifi_only=1, auto_upload_account_type=null, sync_on_battery=1, sync_picasa_on_wifi_only=1, auto_upload_enabled=0, video_upload_wifi_only=1, sync_on_roaming=0, auto_upload_account_name=null}
I/ActivityManager(  203): Start proc com.android.vending for broadcast com.android.vending/com.google.android.finsky.receivers.PersistentPackageMonitorReceiver: pid=1297 uid=10042 gids={3003, 1015}
I/ActivityManager(  203): No longer want com.android.email (pid 905): hidden #16
D/dalvikvm(  118): GC_EXPLICIT freed 37K, 3% free 12563K/12867K, paused 3ms+2ms
D/dalvikvm(  118): GC_EXPLICIT freed <1K, 3% free 12563K/12867K, paused 1ms+1ms
D/dalvikvm(  118): GC_EXPLICIT freed <1K, 3% free 12563K/12867K, paused 1ms+2ms
I/ActivityThread( 1297): Pub com.google.android.finsky.RecentSuggestionsProvider: com.google.android.finsky.providers.RecentSuggestionsProvider
D/dalvikvm( 1281): GC_CONCURRENT freed 198K, 3% free 12812K/13127K, paused 2ms+2ms
D/dalvikvm(  203): GC_CONCURRENT freed 710K, 17% free 15731K/18823K, paused 2ms+4ms
D/Finsky  ( 1297): [1] SanityChecker.run: # LocalAssets corrected : 0
D/Finsky  ( 1297): Sanity check took : 8 ms
D/dalvikvm( 1297): GC_CONCURRENT freed 245K, 3% free 12812K/13127K, paused 6ms+3ms
D/Finsky  ( 1297): [155] DownloadRecords.initializeAndPrune: Pruned 0 old downloads from the cursor.
I/ActivityManager(  203): Start proc com.google.android.googlequicksearchbox for broadcast com.google.android.googlequicksearchbox/.SourceUpdateReceiver: pid=1326 uid=10044 gids={3003}
I/ActivityManager(  203): No longer want com.google.android.apps.maps:FriendService (pid 1021): hidden #16
I/ActivityThread( 1326): Pub com.google.android.googlequicksearchbox.shortcuts: com.google.android.googlequicksearchbox.WebHistoryProvider
I/ActivityThread( 1326): Pub com.google.android.googlequicksearchbox.google: com.google.android.googlequicksearchbox.google.GoogleSuggestionProvider
I/ActivityManager(  203): No longer want com.android.mms (pid 1035): hidden #16
D/CountryDetectorService(  203): No listener is left
I/ActivityManager(  203): Start proc com.google.android.partnersetup for broadcast com.google.android.partnersetup/.PhoneStateReceiver: pid=1341 uid=10024 gids={3003}
I/ActivityThread( 1341): Pub com.google.android.partnersetup.rlzprovider: com.google.android.partnersetup.RlzProvider
I/ActivityThread( 1341): Pub com.google.android.partnersetup.rlzappprovider: com.google.android.partnersetup.RlzAppProvider
I/ActivityManager(  203): No longer want com.google.android.onetimeinitializer (pid 1061): hidden #16
V/SipBroadcastReceiver(  527): start auto registration
I/ActivityManager(  203): Start proc com.google.android.gm for broadcast com.google.android.gm/.MailIntentReceiver: pid=1356 uid=10022 gids={3003, 1015}
I/ActivityThread( 1356): Pub gmail-ls: com.google.android.gm.provider.MailProvider
I/ActivityThread( 1356): Pub com.google.android.gmail.SuggestionProvider: com.google.android.gm.SuggestionsProvider
I/ActivityThread( 1356): Pub com.google.android.gm: com.google.android.gm.provider.PublicContentProvider
I/ActivityManager(  203): Start proc com.google.android.calendar for broadcast com.google.android.calendar/com.android.calendar.widget.CalendarAppWidgetService$CalendarFactory: pid=1373 uid=10008 gids={3003}
I/ActivityManager(  203): No longer want com.android.launcher (pid 1090): hidden #16
I/ActivityThread( 1373): Pub com.google.android.calendar.CalendarRecentSuggestionsProvider: com.android.calendar.CalendarRecentSuggestionsProvider
I/ActivityManager(  203): Start proc com.android.providers.calendar for content provider com.android.providers.calendar/.CalendarProvider2: pid=1390 uid=10009 gids={3003, 1015}
I/ActivityThread( 1390): Pub com.android.calendar: com.android.providers.calendar.CalendarProvider2
I/ActivityManager(  203): No longer want com.noshufou.android.su (pid 1105): hidden #16
D/dalvikvm( 1281): GC_CONCURRENT freed 286K, 3% free 12921K/13319K, paused 2ms+4ms
I/ActivityManager(  203): No longer want com.google.android.talk (pid 1120): hidden #16
I/ActivityManager(  203): Start proc com.google.android.apps.maps:LocationFriendService for broadcast com.google.android.apps.maps/com.google.googlenav.friend.reporting.LocationReportingIntentReceiver: pid=1407 uid=10033 gids={3003, 1015}
I/dalvikvm( 1407): Turning on JNI app bug workarounds for target SDK version 13...
D/dalvikvm( 1407): GC_CONCURRENT freed 165K, 2% free 12903K/13127K, paused 2ms+2ms
I/ActivityManager(  203): START {flg=0x10000000 cmp=com.google.android.apps.maps/com.google.googlenav.login.AndroidLoginActivitySdk5 (has extras)} from pid 1407
D/dalvikvm( 1407): GC_CONCURRENT freed 178K, 3% free 13148K/13447K, paused 5ms+2ms
D/dalvikvm(  203): GC_FOR_ALLOC freed 637K, 17% free 15678K/18823K, paused 40ms
I/ActivityManager(  203): Start proc com.google.android.apps.maps for activity com.google.android.apps.maps/com.google.googlenav.login.AndroidLoginActivitySdk5: pid=1427 uid=10033 gids={3003, 1015}
I/dalvikvm( 1427): Turning on JNI app bug workarounds for target SDK version 13...
I/ActivityManager(  203): Start proc com.google.android.music:main for broadcast com.google.android.music/.store.MediaStoreImportService$Receiver: pid=1440 uid=10038 gids={3003, 1015}
D/dalvikvm( 1427): GC_CONCURRENT freed 164K, 2% free 12904K/13127K, paused 2ms+3ms
D/dalvikvm( 1440): GC_CONCURRENT freed 167K, 2% free 12901K/13127K, paused 2ms+2ms
I/ActivityThread( 1427): Pub com.google.android.maps.LayerInfoProvider: com.google.googlenav.layer.LayerInfoProvider
I/ActivityThread( 1440): Pub com.google.android.music.MusicContent: com.google.android.music.store.MusicContentProvider
I/MusicStore( 1440): Database version: 37
I/AsyncCursor1:1( 1440): Initialized for content://com.google.android.music.MusicContent/playlists, proj:_id#name, sel: 'null', args: null, order: null
I/ActivityManager(  203): Start proc com.android.settings for broadcast com.android.settings/.widget.SettingsAppWidgetProvider: pid=1458 uid=1000 gids={1015, 3002, 3001, 3003, 3007}
I/ActivityManager(  203): No longer want com.google.android.videos (pid 1141): hidden #16
D/dalvikvm( 1440): GC_CONCURRENT freed 166K, 3% free 13176K/13447K, paused 1ms+1ms
D/LocalBluetoothProfileManager( 1458): LocalBluetoothProfileManager construction complete
I/ActivityThread( 1427): Pub com.google.android.maps.TrafficAppWidgetProvider: com.google.googlenav.appwidget.traffic.TrafficAppWidgetProvider
I/ActivityThread( 1427): Pub com.google.android.maps.SuggestionProvider: com.google.googlenav.suggest.android.SuggestProvider
I/ActivityThread( 1427): Pub com.google.android.maps.LocalActivePlacesProvider: com.google.googlenav.provider.LocalActivePlacesProvider
I/ActivityThread( 1427): Pub com.google.android.maps.StarredItemProvider: com.google.googlenav.provider.StarredItemProvider
I/ActivityManager(  203): Start proc com.android.deskclock for broadcast com.android.deskclock/com.android.alarmclock.AnalogAppWidgetProvider: pid=1471 uid=10015 gids={}
I/ActivityManager(  203): No longer want com.google.android.apps.walletnfcrel (pid 1191): hidden #16
I/ActivityThread( 1471): Pub com.android.deskclock: com.android.deskclock.AlarmProvider
I/CalendarProvider2( 1390): Sending notification intent: Intent { act=android.intent.action.PROVIDER_CHANGED dat=content://com.android.calendar }
W/ContentResolver( 1390): Failed to get type for: content://com.android.calendar (Unknown URL content://com.android.calendar)
I/ActivityManager(  203): Start proc com.google.android.talk for broadcast com.google.android.talk/.McsConnectionStartedReceiver: pid=1484 uid=10051 gids={3003, 1015, 1006, 3002}
I/ActivityManager(  203): No longer want com.skcc.gtec.otaproxy (pid 1225): hidden #16
D/dalvikvm( 1427): GC_CONCURRENT freed 180K, 2% free 13233K/13447K, paused 2ms+2ms
D/dalvikvm(  118): GC_EXPLICIT freed 37K, 3% free 12563K/12867K, paused 1ms+2ms
I/ActivityThread( 1427): Pub com.google.android.maps.LocalSuggestionProvider: com.google.googlenav.provider.LocalSuggestionProvider
I/ActivityThread( 1427): Pub com.google.android.maps.SearchHistoryProvider: com.google.googlenav.provider.SearchHistoryProvider
I/ActivityThread( 1427): Pub com.google.android.maps.NavigationAvailabilityProvider: com.google.googlenav.provider.NavigationAvailabilityProvider
I/ActivityThread( 1484): Pub com.google.android.talk.SuggestionProvider: com.google.android.talk.SuggestionsProvider
W/InputManagerService(  203): Window already focused, ignoring focus gain of: com.android.internal.view.IInputMethodClient$Stub$Proxy@41803d68
D/dalvikvm(  118): GC_EXPLICIT freed <1K, 3% free 12563K/12867K, paused 2ms+19ms
I/ActivityManager(  203): No longer want com.google.android.apps.uploader (pid 1249): hidden #16
D/dalvikvm( 1484): GC_CONCURRENT freed 185K, 2% free 12880K/13127K, paused 1ms+1ms
I/ActivityManager(  203): START {flg=0x80000 cmp=com.google.android.gsf.login/.AccountIntroActivity (has extras)} from pid 1427
W/ActivityManager(  203): startActivity called from non-Activity context; forcing Intent.FLAG_ACTIVITY_NEW_TASK for: Intent { flg=0x80000 cmp=com.google.android.gsf.login/.AccountIntroActivity (has extras) }
D/dalvikvm(  118): GC_EXPLICIT freed <1K, 3% free 12563K/12867K, paused 2ms+6ms
D/dalvikvm(  203): GC_FOR_ALLOC freed 571K, 17% free 15671K/18823K, paused 39ms
D/vclib:CallStateClient( 1484): startListening
I/talk    ( 1484): onMcsConnectionStarted
I/ActivityManager(  203): Start proc com.skcc.gtec.otaproxy for broadcast com.google.android.apps.walletnfcrel/com.skcc.gtec.otaproxy.receiver.WalletReceiver: pid=1508 uid=10059 gids={3003, 1015}
I/GLSActivity(  683): Starting account intro Intent { flg=0x80000 cmp=com.google.android.gsf.login/.AccountIntroActivity (has extras) }
D/OpenGLRenderer(  660): Flushing caches (mode 0)
I/ActivityManager(  203): No longer want com.google.android.googlequicksearchbox (pid 1326): hidden #16
I/ActivityManager(  203): No longer want com.google.android.apps.plus (pid 1266): hidden #17
I/ActivityManager(  203): START {cmp=com.google.android.gsf.login/.AccountIntroUIActivity (has extras)} from pid 683
I/dalvikvm( 1508): Turning on JNI app bug workarounds for target SDK version 10...
D/OpenGLRenderer(  660): Flushing caches (mode 1)
I/ActivityManager(  203): Start proc com.google.android.apps.walletnfcrel for broadcast com.google.android.apps.walletnfcrel/com.google.android.apps.wallet.services.tsa.TsaResponseReceiver: pid=1523 uid=10059 gids={3003, 1015}
I/ActivityManager(  203): No longer want com.google.android.partnersetup (pid 1341): hidden #16
I/dalvikvm( 1523): Turning on JNI app bug workarounds for target SDK version 10...
I/ActivityThread( 1523): Pub com.google.android.apps.wallet: com.google.android.apps.wallet.datastore.impl.WalletContentProvider
D/dalvikvm( 1523): GC_CONCURRENT freed 217K, 3% free 12844K/13127K, paused 5ms+6ms
E/ReceiverRestrictedContext( 1523): Operator : Product mysid: Model Galaxy Nexus not supported NOT_SUPPORTED
E/ReceiverRestrictedContext( 1523): Operator : Product mysid: Model Galaxy Nexus not supported NOT_SUPPORTED
I/ActivityManager(  203): No longer want com.amazon.venezia (pid 1209): hidden #16
D/dalvikvm(  203): GC_EXPLICIT freed 233K, 16% free 15862K/18823K, paused 3ms+3ms
D/PhoneStatusBar(  460): disable: < EXPAND ICONS ALERTS ticker SYSTEM_INFO back* HOME RECENT clock >
D/libEGL  (  683): loaded /system/lib/egl/libGLES_android.so
D/libEGL  (  683): loaded /vendor/lib/egl/libEGL_POWERVR_SGX540_120.so
D/libEGL  (  683): loaded /vendor/lib/egl/libGLESv1_CM_POWERVR_SGX540_120.so
D/libEGL  (  683): loaded /vendor/lib/egl/libGLESv2_POWERVR_SGX540_120.so
D/OpenGLRenderer(  683): Enabling debug mode 0
D/dalvikvm(  593): GC_CONCURRENT freed 431K, 5% free 12830K/13383K, paused 2ms+2ms
I/MusicStore( 1440): Upgrade from -1 to 37 took 992 ms
I/ActivityManager(  203): Displayed com.google.android.gsf.login/.AccountIntroUIActivity: +871ms (total +10s519ms)
E/MetadataRetrieverClient(  120): failed to extract an album art
D/CAT     (  527): CatService: SIM ready. Reporting STK service running now...
I/ActivityManager(  203): Start proc com.google.android.partnersetup for broadcast com.google.android.partnersetup/.PhoneStateReceiver: pid=1541 uid=10024 gids={3003}
I/ActivityThread( 1541): Pub com.google.android.partnersetup.rlzprovider: com.google.android.partnersetup.RlzProvider
I/ActivityThread( 1541): Pub com.google.android.partnersetup.rlzappprovider: com.google.android.partnersetup.RlzAppProvider
I/ActivityManager(  203): No longer want com.google.android.apps.maps:LocationFriendService (pid 1407): hidden #16
D/MccTable(  527): updateMccMncConfiguration: mcc=311, mnc=480
D/AlarmManagerService(  203): Kernel timezone updated to 0 minutes west of GMT
D/MccTable(  527): timezone set to AST
D/MccTable(  527): locale set to en_us
D/MccTable(  527): WIFI_COUNTRY_CODE set to us
I/WifiService(  203): WifiService trying to set country code to us with persist set to true
D/dalvikvm(  527): GC_CONCURRENT freed 330K, 4% free 13018K/13447K, paused 5ms+3ms
W/BackupManagerService(  203): dataChanged but no participant pkg='com.android.providers.settings' uid=1001
I/ActivityManager(  203): Config changed: {1.0 311mcc480mnc en_US layoutdir=0 sw360dp w360dp h567dp nrml port finger -keyb/v/h -nav/h s.4}
D/OpenGLRenderer(  460): Flushing caches (mode 0)
D/OpenGLRenderer(  683): Flushing caches (mode 0)
D/OpenGLRenderer(  460): Flushing caches (mode 0)
I/PowerWidget(  460): Clearing any old widget stuffs
I/PowerWidget(  460): Setting up widget
I/PowerWidget(  460): Default buttons being loaded
I/PowerWidget(  460): Button list: toggleWifi|toggleBluetooth|toggleGPS|toggleSound
I/PowerWidget(  460): Setting up button: toggleWifi
I/PowerWidget(  460): Setting up button: toggleBluetooth
I/PowerWidget(  460): Setting up button: toggleGPS
I/PowerWidget(  460): Setting up button: toggleSound
V/AlarmClock( 1471): AlarmInitReceiver finished
D/IMSFW   (  542): RPMInterface$3:  onServiceStateChanged : 0 home Verizon Wireless US 001001  1xRTT:6 CSS not supported 4 28 RoamInd=1 DefRoamInd=68 EmergOnly=false
D/IMSFW   (  542): RPMInterface$3: [ IMS registeration : false State of registration : STATE_NONE ]
D/IMSFW   (  542): RPMInterface$3: None - LTE/EHRPD
D/AlarmManagerService(  203): Kernel timezone updated to 300 minutes west of GMT
V/AlarmClock( 1471): AlarmInitReceiver finished
V/AlarmClock( 1471): AlarmInitReceiver finished
D/SystemClock(  527): Setting time of day to sec=1327896975
D/dalvikvm(  593): GC_CONCURRENT freed 432K, 5% free 12829K/13383K, paused 5ms+3ms
W/BackupManagerService(  203): dataChanged but no participant pkg='com.android.providers.settings' uid=10016
I/SurfaceFlinger(  117): Boot is finished (140742 ms)
W/WindowManager(  203): ***** BOOT TIMEOUT: forcing display enabled
D/dalvikvm(  203): GC_EXPLICIT freed 468K, 16% free 15892K/18823K, paused 6ms+4ms
E/MetadataRetrieverClient(  120): failed to extract an album art
I/RegisteredComponentCache(  558): ComponentInfo: ResolveInfo{416e5c90 com.android.apps.tag.TagViewer p=0 o=0 m=0x108000}, techs: android.nfc.tech.Ndef, 
D/PackageManager(  203): generateServicesMap(android.accounts.AccountAuthenticator): 3 services unchanged
I/RegisteredComponentCache(  558): ComponentInfo: ResolveInfo{416e6e90 com.android.apps.tag.TagViewer p=0 o=0 m=0x108000}, techs: android.nfc.tech.Ndef, 
I/RegisteredComponentCache(  558): ComponentInfo: ResolveInfo{416e7e98 com.android.apps.tag.TagViewer p=0 o=0 m=0x108000}, techs: android.nfc.tech.Ndef, 
D/PackageManager(  203): generateServicesMap(android.content.SyncAdapter): 15 services unchanged
D/PackageManager(  203): generateServicesMap(android.accounts.AccountAuthenticator): 3 services unchanged
D/PackageManager(  203): generateServicesMap(android.content.SyncAdapter): 15 services unchanged
I/ActivityManager(  203): Start proc com.google.android.googlequicksearchbox for broadcast com.google.android.googlequicksearchbox/.SourceUpdateReceiver: pid=1567 uid=10044 gids={3003}
I/ActivityThread( 1567): Pub com.google.android.googlequicksearchbox.shortcuts: com.google.android.googlequicksearchbox.WebHistoryProvider
I/ActivityThread( 1567): Pub com.google.android.googlequicksearchbox.google: com.google.android.googlequicksearchbox.google.GoogleSuggestionProvider
D/PackageManager(  203): generateServicesMap(android.accounts.AccountAuthenticator): 3 services unchanged
I/ActivityManager(  203): No longer want com.google.android.music:main (pid 1440): hidden #16
D/PackageManager(  203): generateServicesMap(android.content.SyncAdapter): 15 services unchanged
I/ActivityManager(  203): Config changed: {1.0 311mcc480mnc en_US layoutdir=0 sw360dp w360dp h567dp nrml port finger -keyb/v/h -nav/h s.5}
D/OpenGLRenderer(  683): Flushing caches (mode 0)
D/OpenGLRenderer(  460): Flushing caches (mode 0)
D/OpenGLRenderer(  460): Flushing caches (mode 0)
I/PowerWidget(  460): Clearing any old widget stuffs
I/PowerWidget(  460): Setting up widget
I/PowerWidget(  460): Default buttons being loaded
I/PowerWidget(  460): Button list: toggleWifi|toggleBluetooth|toggleGPS|toggleSound
I/PowerWidget(  460): Setting up button: toggleWifi
I/PowerWidget(  460): Setting up button: toggleBluetooth
I/PowerWidget(  460): Setting up button: toggleGPS
V/AlarmClock( 1471): AlarmInitReceiver finished
D/Finsky  ( 1297): [1] ClearCacheReceiver.onReceive: Received android.intent.action.LOCALE_CHANGED. Clearing cache and exiting.
D/Volley  ( 1297): [142] DiskBasedCache.clear: Cache cleared.
I/PowerWidget(  460): Setting up button: toggleSound
D/Volley  ( 1297): [146] DiskBasedCache.clear: Cache cleared.
I/ActivityManager(  203): Start proc com.google.android.apps.plus for broadcast com.google.android.apps.plus/.service.LocaleChangeReceiver: pid=1586 uid=10043 gids={3003, 1015, 1006}
I/ActivityThread( 1586): Pub com.google.android.apps.plus.content.EsProvider: com.google.android.apps.plus.content.EsProvider
I/ActivityManager(  203): Process com.android.vending (pid 1297) has died.
V/OtaStartupReceiver(  527): onOtaspChanged: mOtaspMode=3
I/ActivityThread( 1586): Pub com.google.android.apps.plus.content.ApiProvider: com.google.android.apps.plus.content.EsApiProvider
D/dalvikvm( 1586): GC_CONCURRENT freed 154K, 2% free 12913K/13127K, paused 2ms+2ms
I/ActivityThread( 1586): Pub com.google.android.apps.plus.content.EsGooglePhotoProvider: com.google.android.picasasync.PicasaContentProvider
D/IMSFW   (  542): RPMInterface$3:  onServiceStateChanged : 0 home Verizon Wireless US 311480  1xRTT:6 CSS not supported 4 28 RoamInd=64 DefRoamInd=68 EmergOnly=false
D/IMSFW   (  542): RPMInterface$3: [ IMS registeration : false State of registration : STATE_NONE ]
D/IMSFW   (  542): RPMInterface$3: None - LTE/EHRPD
D/dalvikvm( 1586): GC_CONCURRENT freed 481K, 5% free 12934K/13511K, paused 1ms+2ms
I/ActivityThread( 1586): Pub com.google.plus.platform: com.google.android.apps.plus.content.AdsProvider
V/PicasaContentProvider( 1586): querySettings: defaults: {sync_on_wifi_only=1, auto_upload_account_type=null, sync_on_battery=1, sync_picasa_on_wifi_only=1, auto_upload_enabled=0, video_upload_wifi_only=1, sync_on_roaming=0, auto_upload_account_name=null}
D/dalvikvm(  203): GC_CONCURRENT freed 681K, 16% free 15946K/18823K, paused 3ms+4ms
I/ActivityManager(  203): Start proc com.google.android.voicesearch for broadcast com.google.android.voicesearch/.GservicesBroadcastReceiver: pid=1605 uid=10058 gids={3002, 3003, 1015}
D/dalvikvm( 1586): GC_CONCURRENT freed 286K, 4% free 13036K/13511K, paused 1ms+2ms
I/ActivityThread( 1605): Pub com.google.android.voicesearch: com.google.android.voicesearch.AudioProvider
D/IMSFW   (  542): IMSReceiver: ACTION_SIM_STATE_CHANGED : SIM is ready. MSISDN:null
D/IMSFW   (  542): IMSServiceStub: Send request to initialize the stack
I/ActivityManager(  203): Force stopping package com.google.android.partnersetup uid=10024
I/ActivityManager(  203): Killing proc 1541:com.google.android.partnersetup/10024: force stop
I/RegisteredComponentCache(  558): ComponentInfo: ResolveInfo{416e92f0 com.android.apps.tag.TagViewer p=0 o=0 m=0x108000}, techs: android.nfc.tech.Ndef, 
D/PackageManager(  203): generateServicesMap(android.accounts.AccountAuthenticator): 3 services unchanged
I/VoiceActionsFactory( 1605): Applications list changed, recalculating supported actions
D/PackageManager(  203): generateServicesMap(android.content.SyncAdapter): 15 services unchanged
I/ActivityManager(  203): Start proc com.android.vending for broadcast com.android.vending/com.google.android.finsky.receivers.PersistentPackageMonitorReceiver: pid=1624 uid=10042 gids={3003, 1015}
I/ActivityThread( 1624): Pub com.google.android.finsky.RecentSuggestionsProvider: com.google.android.finsky.providers.RecentSuggestionsProvider
D/Finsky  ( 1624): [1] SanityChecker.run: # LocalAssets corrected : 0
D/Finsky  ( 1624): Sanity check took : 11 ms
D/Finsky  ( 1624): [209] DownloadRecords.initializeAndPrune: Pruned 0 old downloads from the cursor.
D/dalvikvm( 1624): GC_CONCURRENT freed 252K, 3% free 12795K/13127K, paused 2ms+2ms
D/IMSFW   (  542): IMSServiceStub: Registering in Global Mode
I/IMS_JNI (  542): XAN_IMS_Framework_Init_JNI
D/IMS     (  542): xan_core_init : Enter 
D/IMS     (  542): Daemon Thread Created Successfully
D/IMS     (  542): Daemon Thread has not got started yet.. Sleeping for short interval
D/IMSFW   (  542): IMSServiceStub: onImsSmsParamterChange()
D/IMSFW   (  542): IMSServiceStub: onImsSmsParamterChange()
D/dalvikvm(  203): GC_EXPLICIT freed 555K, 16% free 15937K/18823K, paused 6ms+4ms
D/IMSFW   (  542): IMSServiceStub: onImsSmsParamterChange()
D/IMSFW   (  542): IMSServiceStub: onImsSmsParamterChange()
I/IMS_JNI (  542): XAN_Set_Content_Type_JNI : Enter
I/IMS_JNI (  542): Entering native XAN_Set_SIP_Timers_JNI
D/IMSFW   (  542): IMSServiceStub: Initializing with isStackInitdone value : true
D/IMSFW   (  542): IMSServiceStub: state is------->UNKNOWN
D/IMSFW   (  542): IMSServiceStub: registered------->false
D/IMSFW   (  542): IMSServiceStub:  not in CONNECTED State 
E/IMSFW   (  542): IMSServiceStub$ManagerHandler: NO PCSCF Addr or LOOP ADDR detected. Do not trigger for register now
D/dalvikvm(  593): GC_CONCURRENT freed 433K, 5% free 12835K/13383K, paused 5ms+3ms
I/ActivityManager(  203): No longer want com.google.android.apps.maps (pid 1427): hidden #16
D/IMSFW   (  542): IMSServiceStub: state is------->UNKNOWN
D/IMSFW   (  542): IMSServiceStub: registered------->false
D/IMSFW   (  542): IMSServiceStub:  not in CONNECTED State 
E/IMSFW   (  542): IMSServiceStub$ManagerHandler: NO PCSCF Addr or LOOP ADDR detected
D/IMSFW   (  542): IMSServiceStub: state is------->UNKNOWN
D/IMSFW   (  542): IMSServiceStub: registered------->false
D/IMSFW   (  542): IMSServiceStub:  not in CONNECTED State 
E/IMSFW   (  542): IMSServiceStub$ManagerHandler: NO PCSCF Addr or LOOP ADDR detected
D/IMSFW   (  542): IMSServiceStub: state is------->UNKNOWN
D/IMSFW   (  542): IMSServiceStub: registered------->false
D/IMSFW   (  542): IMSServiceStub:  not in CONNECTED State 
E/IMSFW   (  542): IMSServiceStub$ManagerHandler: NO PCSCF Addr or LOOP ADDR detected
D/IMSFW   (  542): IMSServiceStub: state is------->UNKNOWN
D/IMSFW   (  542): IMSServiceStub: registered------->false
D/IMSFW   (  542): IMSServiceStub:  not in CONNECTED State 
E/IMSFW   (  542): IMSServiceStub$ManagerHandler: NO PCSCF Addr or LOOP ADDR detected
D/ConnectivityService(  203): ConnectivityChange for mobile: DISCONNECTED/DISCONNECTED
D/ConnectivityService(  203): Attempting to switch to wifi
D/ConnectivityService(  203): Attempting to switch to BLUETOOTH_TETHER
I/NetworkPolicy(  203): no policy for active mobile network; generating default policy
D/dalvikvm(  527): GC_CONCURRENT freed 384K, 4% free 13097K/13575K, paused 2ms+2ms
D/dalvikvm(  593): GC_CONCURRENT freed 435K, 5% free 12834K/13383K, paused 4ms+3ms
W/BackupManagerService(  203): dataChanged but no participant pkg='com.android.providers.settings' uid=10016
D/ConnectivityService(  203): ConnectivityChange for mobile: DISCONNECTED/DISCONNECTED
D/ConnectivityService(  203): Attempting to switch to wifi
D/ConnectivityService(  203): Attempting to switch to BLUETOOTH_TETHER
D/        (  527): [ApnContext] set reason as dataEnabled, for type default,current state IDLE
D/        (  527): [ApnContext] set reason as dataEnabled, for type mms,current state IDLE
D/        (  527): [ApnContext] set reason as dataEnabled, for type supl,current state IDLE
D/        (  527): [ApnContext] set reason as dataEnabled, for type dun,current state IDLE
D/        (  527): [ApnContext] set reason as dataEnabled, for type hipri,current state IDLE
D/        (  527): [ApnContext] set reason as dataEnabled, for type fota,current state IDLE
D/        (  527): [ApnContext] set reason as dataEnabled, for type ims,current state IDLE
D/        (  527): [ApnContext] set reason as dataEnabled, for type cbs,current state IDLE
D/IMSFW   (  542): RPMInterface$3:  onServiceStateChanged : 0 home Verizon Wireless US 311480  eHRPD:13 CSS not supported 4 28 RoamInd=64 DefRoamInd=68 EmergOnly=false
D/IMSFW   (  542): RPMInterface$3: [ IMS registeration : false State of registration : STATE_NONE ]
D/IMSFW   (  542): RPMInterface: startUsingNetworkFeature result : 2
D/IMSFW   (  542): RPMInterface: APN_TYPE_NOT_AVAILABLE
D/ConnectivityService(  203): special network not available
I/dalvikvm(  203): Jit: resizing JitTable from 4096 to 8192
D/dalvikvm(  203): GC_CONCURRENT freed 803K, 16% free 15939K/18823K, paused 2ms+4ms
D/Tethering(  203): MasterInitialState.processMessage what=3
V/NetworkMonitor(  660): Intent { act=android.net.conn.CONNECTIVITY_CHANGE flg=0x10000010 (has extras) }
D/ConnectivityService(  203): handleInetConditionChange: no active default network - ignore
I/ActivityManager(  203): Start proc com.amazon.venezia for broadcast com.amazon.venezia/.notification.ClientBroadcastReceiver: pid=1659 uid=10000 gids={3003, 1015}
I/dalvikvm( 1659): Turning on JNI app bug workarounds for target SDK version 9...
V/NetworkMonitor(  660): Network is DOWN, Checkin has NOT succeeded, GLS IS connected
V/NetworkMonitor(  660): Intent { act=android.net.conn.CONNECTIVITY_CHANGE flg=0x10000010 (has extras) }
V/NetworkMonitor(  660): Network is DOWN, Checkin has NOT succeeded, GLS IS connected
I/ActivityThread( 1659): Pub com.amazon.appstore: com.amazon.mas.client.contentprovider.ContentProviderApps
V//ContextScope.java:112( 1659): 23:16:28.277 main Contexts in the main scope map after inserting com.amazon.venezia.VeneziaApplication@416e6ea8: com.amazon.venezia.VeneziaApplication@416e6ea8
D/dalvikvm( 1659): GC_CONCURRENT freed 244K, 3% free 12823K/13127K, paused 2ms+2ms
D/dalvikvm( 1659): GC_CONCURRENT freed 516K, 5% free 12869K/13447K, paused 1ms+2ms
D/dalvikvm( 1659): GC_CONCURRENT freed 462K, 5% free 12905K/13447K, paused 1ms+2ms
E/MetadataRetrieverClient(  120): failed to extract an album art
D/dalvikvm( 1659): GC_CONCURRENT freed 472K, 5% free 12968K/13511K, paused 2ms+3ms
D/dalvikvm( 1659): GC_CONCURRENT freed 492K, 5% free 12999K/13575K, paused 4ms+3ms
D/dalvikvm( 1659): GC_CONCURRENT freed 483K, 5% free 13022K/13575K, paused 1ms+2ms
D//Ln.java:220( 1659): 23:16:28.755 main Configuring Logging, minimum log level is INFO
D/dalvikvm( 1659): GC_CONCURRENT freed 471K, 4% free 13105K/13639K, paused 5ms+2ms
W/AmazonAppstore.ServiceProvider( 1659): No ServiceConfig pref, not loading ServiceConfig.
W/AmazonAppstore.ServiceProvider( 1659): No ServiceConfig pref, not loading ServiceConfig.
D/dalvikvm( 1659): GC_CONCURRENT freed 351K, 4% free 13269K/13703K, paused 2ms+3ms
I/Venezia ( 1659): Application setup complete.
I/AmazonAppstore.UpdateService( 1659): Self-updating enabled: true
D/AmazonAppstore.UpdateService( 1659): Adding self-update command to UpdateService
D/AmazonAppstore.UpdateService( 1659): Received action: com.amazon.mas.client.framework.UpdateService.EXECUTE_RECURRING_TASKS from intent: Intent { act=com.amazon.mas.client.framework.UpdateService.EXECUTE_RECURRING_TASKS cmp=com.amazon.venezia/com.amazon.mas.client.framework.UpdateService }
I/ActivityManager(  203): Start proc com.google.android.gallery3d for broadcast com.google.android.gallery3d/com.google.android.picasasync.ConnectivityReceiver: pid=1678 uid=10020 gids={3003, 1015}
D/Tethering(  203): MasterInitialState.processMessage what=3
V/NetworkMonitor(  660): Intent { act=android.net.conn.CONNECTIVITY_CHANGE flg=0x10000010 (has extras) }
V/NetworkMonitor(  660): Network is DOWN, Checkin has NOT succeeded, GLS IS connected
V/NetworkMonitor(  660): Intent { act=android.net.conn.CONNECTIVITY_CHANGE flg=0x10000010 (has extras) }
V/NetworkMonitor(  660): Network is DOWN, Checkin has NOT succeeded, GLS IS connected
D/ConnectivityService(  203): handleInetConditionChange: no active default network - ignore
I/ActivityThread( 1678): Pub com.google.android.gallery3d.GooglePhotoProvider: com.google.android.picasasync.PicasaContentProvider
I/ActivityManager(  203): No longer want com.google.android.talk (pid 1484): hidden #16
D/dalvikvm(  593): GC_CONCURRENT freed 413K, 5% free 12847K/13383K, paused 2ms+2ms
D/dalvikvm( 1678): GC_CONCURRENT freed 414K, 4% free 12653K/13127K, paused 2ms+3ms
I/ActivityThread( 1678): Pub com.google.android.gallery3d.provider: com.android.gallery3d.provider.GalleryProvider
D/dalvikvm( 1678): GC_CONCURRENT freed 389K, 4% free 12687K/13191K, paused 2ms+3ms
I/ActivityManager(  203): Start proc com.google.android.apps.uploader for broadcast com.google.android.apps.uploader/.ConnectivityBroadcastReceiver: pid=1694 uid=10035 gids={3003}
I/dalvikvm( 1694): Turning on JNI app bug workarounds for target SDK version 11...
I/ActivityManager(  203): No longer want com.skcc.gtec.otaproxy (pid 1508): hidden #16
I/ActivityThread( 1694): Pub com.google.android.apps.uploader: com.google.android.apps.uploader.UploadsContentProvider
I/ActivityThread( 1694): Pub com.google.photos.provider.Album: com.google.android.apps.uploader.clients.picasa.AlbumProvider
D/MediaUploader( 1694): UploaderApplication.onCreate
D/MediaUploader( 1694): nonWifiLimit=20971520, default=20971520
I/MediaUploader( 1694): No need to wake up
D/UploadsManager( 1586): load newPhotoTracker: null
D/UploadsManager( 1586): load all accounts: null
D/UploadsManager( 1586): load all account-album pairs: null
V/PicasaContentProvider( 1586): querySettings: defaults: {sync_on_wifi_only=1, auto_upload_account_type=null, sync_on_battery=1, sync_picasa_on_wifi_only=1, auto_upload_enabled=0, video_upload_wifi_only=1, sync_on_roaming=0, auto_upload_account_name=null}
D/UploadsManager( 1586):    settings not changed
D/PicasaSync( 1586): sync account database
I/ActivityManager(  203): No longer want com.google.android.apps.walletnfcrel (pid 1523): hidden #16
I/dalvikvm( 1712): Turning on JNI app bug workarounds for target SDK version 10...
I/ActivityManager(  203): Start proc com.skcc.gtec.otaproxy for broadcast com.google.android.apps.walletnfcrel/com.skcc.gtec.otaproxy.receiver.NetworkStatusReceiver: pid=1712 uid=10059 gids={3003, 1015}
D/dalvikvm(  118): GC_EXPLICIT freed 37K, 3% free 12563K/12867K, paused 1ms+1ms
D/dalvikvm(  118): GC_EXPLICIT freed <1K, 3% free 12563K/12867K, paused 1ms+3ms
I/ActivityManager(  203): No longer want com.android.settings (pid 1458): hidden #16
D/dalvikvm(  118): GC_EXPLICIT freed <1K, 3% free 12563K/12867K, paused 1ms+2ms
I/MediaUploader( 1694): No need to wake up
I/ActivityManager(  203): Start proc com.google.android.music:main for broadcast com.google.android.music/.store.MediaStoreImportService$Receiver: pid=1726 uid=10038 gids={3003, 1015}
D/PicasaSync( 1586): accounts in DB=0
V/PicasaContentProvider( 1586): querySettings: defaults: {sync_on_wifi_only=1, auto_upload_account_type=null, sync_on_battery=1, sync_picasa_on_wifi_only=1, auto_upload_enabled=0, video_upload_wifi_only=1, sync_on_roaming=0, auto_upload_account_name=null}
D/PicasaSyncManager( 1586): active network: null
D/PicasaSyncManager( 1586): background data: true
D/dalvikvm( 1726): GC_CONCURRENT freed 146K, 2% free 12913K/13127K, paused 2ms+5ms
I/ActivityThread( 1726): Pub com.google.android.music.MusicContent: com.google.android.music.store.MusicContentProvider
I/MusicStore( 1726): Database version: 37
I/AsyncCursor1:1( 1726): Initialized for content://com.google.android.music.MusicContent/playlists, proj:_id#name, sel: 'null', args: null, order: null
D/dalvikvm( 1726): GC_CONCURRENT freed 173K, 2% free 13181K/13447K, paused 1ms+6ms
I/ActivityManager(  203): No longer want com.google.android.calendar (pid 1373): hidden #16
D/PicasaSyncManager( 1586): battery info: true
D/PicasaSync( 1586): sync account database
D/PicasaSync( 1586): accounts in DB=0
V/PicasaContentProvider( 1586): querySettings: defaults: {sync_on_wifi_only=1, auto_upload_account_type=null, sync_on_battery=1, sync_picasa_on_wifi_only=1, auto_upload_enabled=0, video_upload_wifi_only=1, sync_on_roaming=0, auto_upload_account_name=null}
D/skia    (  593): --- SkImageDecoder::Factory returned null
D/IMSFW   (  542): RPMInterface$1: EVENT_RETRY_IMS_PDN Trigger
D/ConnectivityService(  203): startUsingNetworkFeature reconnecting to 0: enableIMS
D/IMSFW   (  542): RPMInterface: startUsingNetworkFeature result : 1
D/NetlinkEvent(  114): Unexpected netlink message. type=0xf
D/dalvikvm(  527): GC_CONCURRENT freed 464K, 5% free 13126K/13703K, paused 5ms+10ms
D/dalvikvm(  203): GC_CONCURRENT freed 785K, 16% free 15918K/18823K, paused 8ms+4ms
D/dalvikvm(  593): GC_FOR_ALLOC freed 379K, 5% free 12833K/13447K, paused 36ms
D/dalvikvm(  593): GC_FOR_ALLOC freed 145K, 5% free 12812K/13447K, paused 28ms
D/NetlinkEvent(  114): Unexpected netlink message. type=0xf
D/ConnectivityService(  203): ConnectivityChange for mobile_ims: CONNECTED/CONNECTED
W/NetworkStats(  203): dropping UID delta from unknown iface: iface=rmnet1 uid=0 set=DEFAULT tag=0x0 rxBytes=88 rxPackets=1 txBytes=56 txPackets=1 operations=0
W/NetworkStats(  203): dropping UID delta from unknown iface: iface=rmnet0 uid=0 set=DEFAULT tag=0x0 rxBytes=176 rxPackets=2 txBytes=56 txPackets=1 operations=0
D/NetworkPolicy(  203): applying policy NetworkPolicy[NetworkTemplate: matchRule=MOBILE_ALL, subscriberId=valid]: cycleDay=30, warningBytes=2147483648, limitBytes=-1, lastSnooze=-1 to ifaces [rmnet0]
D/ConnectivityService(  203): ConnectivityChange for mobile: CONNECTED/CONNECTED
W/NetworkStats(  203): dropping UID delta from unknown iface: iface=rmnet1 uid=0 set=DEFAULT tag=0x0 rxBytes=88 rxPackets=1 txBytes=0 txPackets=0 operations=0
I/SetupWizard(  660): attempting to load target url http://www.Google.com; looking for a redirect to prepay domain 
W/Netd    (  114): No subsystem found in netlink event
D/NetlinkEvent(  114): Unexpected netlink message. type=0x11
D/ConnectivityService(  203): ConnectivityChange for mobile_ims: DISCONNECTED/DISCONNECTED
D/NetUtils(  203): android_net_utils_resetConnections in env=0x5d58c8 clazz=0x4ab00001 iface=rmnet0 mask=0x3
D/ConnectivityService(  203): resetConnections(rmnet0, 3)
D/NetworkPolicy(  203): applying policy NetworkPolicy[NetworkTemplate: matchRule=MOBILE_ALL, subscriberId=valid]: cycleDay=30, warningBytes=2147483648, limitBytes=-1, lastSnooze=-1 to ifaces [rmnet1]
W/Netd    (  114): No subsystem found in netlink event
D/NetlinkEvent(  114): Unexpected netlink message. type=0x11
D/NetUtils(  203): android_net_utils_resetConnections in env=0x5d58c8 clazz=0x50700001 iface=rmnet1 mask=0x3
D/ConnectivityService(  203): ConnectivityChange for mobile: DISCONNECTED/DISCONNECTED
D/ConnectivityService(  203): Attempting to switch to wifi
D/ConnectivityService(  203): Attempting to switch to BLUETOOTH_TETHER
