D/ConnectivityService(  203): resetConnections(rmnet1, 3)
E/SetupWizard(  660): IOException 
E/SetupWizard(  660): java.net.ConnectException: failed to connect to www.Google.com/72.14.204.105 (port 80): connect failed: ENETUNREACH (Network is unreachable)
E/SetupWizard(  660): 	at libcore.io.IoBridge.connect(IoBridge.java:114)
E/SetupWizard(  660): 	at java.net.PlainSocketImpl.connect(PlainSocketImpl.java:192)
E/SetupWizard(  660): 	at java.net.PlainSocketImpl.connect(PlainSocketImpl.java:459)
E/SetupWizard(  660): 	at java.net.Socket.connect(Socket.java:842)
E/SetupWizard(  660): 	at libcore.net.http.HttpConnection.<init>(HttpConnection.java:77)
E/SetupWizard(  660): 	at libcore.net.http.HttpConnection.<init>(HttpConnection.java:50)
E/SetupWizard(  660): 	at libcore.net.http.HttpConnection$Address.connect(HttpConnection.java:351)
E/SetupWizard(  660): 	at libcore.net.http.HttpConnectionPool.get(HttpConnectionPool.java:86)
E/SetupWizard(  660): 	at libcore.net.http.HttpConnection.connect(HttpConnection.java:128)
E/SetupWizard(  660): 	at libcore.net.http.HttpEngine.openSocketConnection(HttpEngine.java:308)
E/SetupWizard(  660): 	at libcore.net.http.HttpEngine.connect(HttpEngine.java:303)
E/SetupWizard(  660): 	at libcore.net.http.HttpEngine.sendSocketRequest(HttpEngine.java:282)
E/SetupWizard(  660): 	at libcore.net.http.HttpEngine.sendRequest(HttpEngine.java:232)
E/SetupWizard(  660): 	at libcore.net.http.HttpURLConnectionImpl.connect(HttpURLConnectionImpl.java:80)
E/SetupWizard(  660): 	at com.google.android.setupwizard.PrepayDetectionService$PrepayDetectionThread.run(PrepayDetectionService.java:146)
E/SetupWizard(  660): Caused by: libcore.io.ErrnoException: connect failed: ENETUNREACH (Network is unreachable)
E/SetupWizard(  660): 	at libcore.io.Posix.connect(Native Method)
E/SetupWizard(  660): 	at libcore.io.BlockGuardOs.connect(BlockGuardOs.java:85)
E/SetupWizard(  660): 	at libcore.io.IoBridge.connectErrno(IoBridge.java:127)
E/SetupWizard(  660): 	at libcore.io.IoBridge.connect(IoBridge.java:112)
E/SetupWizard(  660): 	... 14 more
D/dalvikvm(  660): GC_CONCURRENT freed 144K, 2% free 13725K/13959K, paused 3ms+2ms
D/dalvikvm(  593): GC_FOR_ALLOC freed 243K, 5% free 12811K/13447K, paused 31ms
D/dalvikvm(  593): GC_FOR_ALLOC freed 182K, 5% free 12810K/13447K, paused 33ms
D/dalvikvm(  593): GC_FOR_ALLOC freed 203K, 5% free 12812K/13447K, paused 27ms
D/dalvikvm(  593): GC_FOR_ALLOC freed 176K, 5% free 12814K/13447K, paused 30ms
D/dalvikvm(  593): GC_FOR_ALLOC freed 179K, 5% free 12815K/13447K, paused 29ms
D/Tethering(  203): MasterInitialState.processMessage what=3
D/IMSFW   (  542): RPMInterface$ConnectivityBroadcastReceiver: [ IMS registeration : false State of registration : STATE_NONE ]
D/IMSFW   (  542): RPMInterface: triggeringIMSRegistration
I/AmazonAppstore.UpdateService( 1659): Self-updating enabled: true
D/AmazonAppstore.UpdateService( 1659): Adding self-update command to UpdateService
D/AmazonAppstore.UpdateService( 1659): Received action: com.amazon.mas.client.framework.UpdateService.CONN_CHANGED from intent: Intent { act=com.amazon.mas.client.framework.UpdateService.CONN_CHANGED cmp=com.amazon.venezia/com.amazon.mas.client.framework.UpdateService (has extras) }
V/NetworkMonitor(  660): Intent { act=android.net.conn.CONNECTIVITY_CHANGE flg=0x10000010 (has extras) }
V/NetworkMonitor(  660): Network is DOWN, Checkin has NOT succeeded, GLS IS connected
V/NetworkMonitor(  660): Intent { act=android.net.conn.CONNECTIVITY_CHANGE flg=0x10000010 (has extras) }
V/NetworkMonitor(  660): Network is DOWN, Checkin has NOT succeeded, GLS IS connected
D/ConnectivityService(  203): handleInetConditionChange: no active default network - ignore
I/MediaUploader( 1694): No need to wake up
D/Tethering(  203): MasterInitialState.processMessage what=3
V/NetworkMonitor(  660): Intent { act=android.net.conn.CONNECTIVITY_CHANGE flg=0x10000010 (has extras) }
D/PicasaSyncManager( 1586): active network: null
D/PicasaSyncManager( 1586): background data: true
V/NetworkMonitor(  660): Network is DOWN, Checkin has NOT succeeded, GLS IS connected
V/NetworkMonitor(  660): Intent { act=android.net.conn.CONNECTIVITY_CHANGE flg=0x10000010 (has extras) }
D/ConnectivityService(  203): handleInetConditionChange: no active default network - ignore
I/AmazonAppstore.UpdateService( 1659): Self-updating enabled: true
D/AmazonAppstore.UpdateService( 1659): Adding self-update command to UpdateService
D/AmazonAppstore.UpdateService( 1659): Received action: com.amazon.mas.client.framework.UpdateService.CONN_CHANGED from intent: Intent { act=com.amazon.mas.client.framework.UpdateService.CONN_CHANGED cmp=com.amazon.venezia/com.amazon.mas.client.framework.UpdateService (has extras) }
V/NetworkMonitor(  660): Network is DOWN, Checkin has NOT succeeded, GLS IS connected
D/IMSFW   (  542): IMSServiceStub: state is------->DISCONNECTED
D/IMSFW   (  542): IMSServiceStub: registered------->false
D/IMSFW   (  542): IMSServiceStub:  not in CONNECTED State 
D/IMSFW   (  542): IMSServiceStub: state is------->DISCONNECTED
D/IMSFW   (  542): IMSServiceStub: registered------->false
D/IMSFW   (  542): IMSServiceStub:  not in CONNECTED State 
E/IMSFW   (  542): IMSServiceStub$ManagerHandler: NO PCSCF Addr or LOOP ADDR detected
I/MediaUploader( 1694): No need to wake up
D/PicasaSyncManager( 1586): active network: null
D/PicasaSyncManager( 1586): background data: true
D/dalvikvm(  203): GC_CONCURRENT freed 765K, 16% free 15936K/18823K, paused 3ms+4ms
D/Tethering(  203): MasterInitialState.processMessage what=3
D/Tethering(  203): MasterInitialState.processMessage what=3
V/NetworkMonitor(  660): Intent { act=android.net.conn.CONNECTIVITY_CHANGE flg=0x10000010 (has extras) }
D/IMSFW   (  542): RPMInterface$ConnectivityBroadcastReceiver:    TYPE_MOBILE_IMS not connected, bail
D/IMSFW   (  542): RPMInterface$ConnectivityBroadcastReceiver: IMS PDN can be disconnected in LTE/EHRPD
D/IMSFW   (  542): RPMInterface$ConnectivityBroadcastReceiver: [ IMS registeration : false State of registration : STATE_NONE ]
V/NetworkMonitor(  660): Network is DOWN, Checkin has NOT succeeded, GLS IS connected
V/NetworkMonitor(  660): Intent { act=android.net.conn.CONNECTIVITY_CHANGE flg=0x10000010 (has extras) }
V/NetworkMonitor(  660): Network is DOWN, Checkin has NOT succeeded, GLS IS connected
V/NetworkMonitor(  660): Intent { act=android.net.conn.CONNECTIVITY_CHANGE flg=0x10000010 (has extras) }
V/NetworkMonitor(  660): Network is DOWN, Checkin has NOT succeeded, GLS IS connected
V/NetworkMonitor(  660): Intent { act=android.net.conn.CONNECTIVITY_CHANGE flg=0x10000010 (has extras) }
V/NetworkMonitor(  660): Network is DOWN, Checkin has NOT succeeded, GLS IS connected
D/ConnectivityService(  203): handleInetConditionChange: no active default network - ignore
D/ConnectivityService(  203): handleInetConditionChange: no active default network - ignore
I/MediaUploader( 1694): No need to wake up
D/PicasaSyncManager( 1586): active network: null
D/PicasaSyncManager( 1586): background data: true
I/MediaUploader( 1694): No need to wake up
D/PicasaSyncManager( 1586): active network: null
D/PicasaSyncManager( 1586): background data: true
D/Tethering(  203): MasterInitialState.processMessage what=3
V/NetworkMonitor(  660): Intent { act=android.net.conn.CONNECTIVITY_CHANGE flg=0x10000010 (has extras) }
V/NetworkMonitor(  660): Network is DOWN, Checkin has NOT succeeded, GLS IS connected
V/NetworkMonitor(  660): Intent { act=android.net.conn.CONNECTIVITY_CHANGE flg=0x10000010 (has extras) }
D/ConnectivityService(  203): handleInetConditionChange: no active default network - ignore
V/NetworkMonitor(  660): Network is DOWN, Checkin has NOT succeeded, GLS IS connected
I/MediaUploader( 1694): No need to wake up
D/PicasaSyncManager( 1586): active network: null
D/PicasaSyncManager( 1586): background data: true
D/dalvikvm(  593): GC_FOR_ALLOC freed 235K, 5% free 12829K/13447K, paused 28ms
D/NetlinkEvent(  114): Unexpected netlink message. type=0xf
D/ConnectivityService(  203): ConnectivityChange for mobile_ims: CONNECTED/CONNECTED
W/NetworkStats(  203): dropping UID delta from unknown iface: iface=rmnet0 uid=0 set=DEFAULT tag=0x0 rxBytes=176 rxPackets=2 txBytes=56 txPackets=1 operations=0
D/dalvikvm(  527): GC_CONCURRENT freed 401K, 5% free 13130K/13703K, paused 5ms+2ms
D/NetworkPolicy(  203): applying policy NetworkPolicy[NetworkTemplate: matchRule=MOBILE_ALL, subscriberId=valid]: cycleDay=30, warningBytes=2147483648, limitBytes=-1, lastSnooze=-1 to ifaces [rmnet0]
D/IMSFW   (  542): RPMInterface$1: EVENT_RETRY_IMS_PDN Trigger
D/dalvikvm(  593): GC_CONCURRENT freed 377K, 5% free 12842K/13447K, paused 2ms+2ms
D/dalvikvm(  203): GC_EXPLICIT freed 560K, 16% free 15940K/18823K, paused 2ms+5ms
D/IMSFW   (  542): RPMInterface: startUsingNetworkFeature result : 0
D/IMSFW   (  542): RPMInterface: triggeringIMSRegistration
D/dalvikvm(  542): GC_CONCURRENT freed 256K, 3% free 12684K/12999K, paused 2ms+1ms
D/IMSFW   (  542): IMSServiceStub: state is------->CONNECTED
D/IMSFW   (  542): IMSServiceStub: registered------->false
D/IMSFW   (  542): IMSServiceStub: noOfInValidPcscfAddrs = 0
D/IMSFW   (  542): IMSServiceStub: state is------->CONNECTED
D/IMSFW   (  542): IMSServiceStub: registered------->false
D/IMSFW   (  542): IMSServiceStub: noOfInValidPcscfAddrs = 0
D/IMSFW   (  542): IMSServiceStub$ManagerHandler: Send request to register for IMS with p-cscf :2001:4888:2:fff0:a0:104:0:37
D/IMSFW   (  542): IMSServiceStub$ManagerHandler: Send request to register for IMS with p-cscf :2001:4888:2:fff0:a0:104:0:3b
D/IMSFW   (  542): IMSServiceStub$ManagerHandler: Send request to register for IMS with p-cscf :2001:4888:3:fff0:c0:104:0:37
E/IMSFW   (  542): IMSServiceStub$ManagerHandler: Stack is already registered with current values.Go and Register
D/IMSFW   (  542): IMSServiceStub: Triggering IMS register
I/IMS_JNI (  542): Enter XAN_IMS_Handle_NetworkEvent_JNI 
D/IMS     (  542): [external/xanadu/Framework/CoreControl/src/ImsCoreController.c:632] XAN_IMSCore_EventCb: XAN_IMSCore_EventCb: ALWAYSON_ACTIVATE
D/IMS     (  542): [external/xanadu/Framework/CoreControl/src/ImsCoreController.c:637] XAN_IMSCore_EventCb: XAN_EVT_IMSCORE_ALWAYSON_ACTIVATE : state is none
D/IMS     (  542): [external/xanadu/Framework/CoreControl/src/ImsCoreController.c:2583] IMSCore_ExecFSM: IMSCore_ExecFSM: ims_state= 0
D/IMS     (  542): [external/xanadu/Framework/CoreControl/src/ImsCoreController.c:1343] IMSCore_StateNone: IMSCore_StateNone : Making IMS not active and Exiting
D/IMS     (  542): [external/xanadu/Platform/Android/src/PlatformDaemon.c:225] ims_daemon_evt_handler: SISO: ims_daemon_evt_handler: xan_q_pop failed....2
D/IMS     (  542): 
D/IMS     (  542): [external/xanadu/Framework/CoreControl/src/ImsCoreController.c:457] XAN_IMSCore_NetworkListener: XAN_IMSCore_NetworkListener: XAN_INWK_EVT_PPP_OPEN
D/IMS     (  542): [external/xanadu/Framework/CoreControl/src/ImsCoreController.c:2583] IMSCore_ExecFSM: IMSCore_ExecFSM: ims_state= 0
D/IMS     (  542): xan_get_ip_from_ifinet6(): found interface 'rmnet0' with index(16), scope(0)
I/IMS     (  542): LocalIPV6 value ==== 2600:1000:800e:88ee:0000:0022:9429:d201
I/IMS     (  542): __get_cfg_reg_all: --------->2001:4888:2:fff0:a0:104:0:37
E/IMS     (  542): these are  50 51
D/IMS     (  542): [external/xanadu/Framework/CoreControl/src/ImsCoreController.c:2583] IMSCore_ExecFSM: IMSCore_ExecFSM: ims_state= 1
D/IMS     (  542): xan_get_ip_from_ifinet6(): found interface 'rmnet0' with index(16), scope(0)
I/IMS     (  542): LocalIPV6 value ==== 2600:1000:800e:88ee:0000:0022:9429:d201
D/IMS     (  542): [external/xanadu/Framework/INetwork/src/ImsINetwork_Core.c:1000] XAN_INWK_UpdateSelfIP: XAN_INWK_UpdateSelfIP: Already memory allocated for self-ip, allocating...
D/IMS     (  542): [external/xanadu/Framework/INetwork/src/ImsINetwork_Core.c:1004] XAN_INWK_UpdateSelfIP: XAN_INWK_UpdateSelfIP: No memory allocated for self-ip, allocating...
D/IMS     (  542): [external/xanadu/Framework/INetwork/src/ImsINetwork_Core.c:1025] XAN_INWK_UpdateSelfIP: XAN_INWK_UpdateSelfIP: self ip is 2600::
D/IMS     (  542): [external/xanadu/Framework/INetwork/src/ImsINetwork_Core.c:506] XAN_INWK_NetInfoUpdate: !!!No DHCP:!!!
D/IMS     (  542): xan_get_ip_from_ifinet6(): found interface 'rmnet0' with index(16), scope(0)
I/IMS     (  542): LocalIPV6 value ==== 2600:1000:800e:88ee:0000:0022:9429:d201
D/IMS     (  542): [external/xanadu/Framework/INetwork/src/ImsINetwork_Core.c:141] __INwk_NetInfoUpdate: ImsProfile_NetInfoUpdate: self ip is 2600:1000:800e:88ee:0:22:9429:d201
D/IMS     (  542): [external/xanadu/Framework/INetwork/src/ImsINetwork_Core.c:316] __INwk_NetInfoUpdate: ImsProfile_NetInfoUpdate: pcsf ip is 2001:4888:2:fff0:a0:104:0:37
D/IMS     (  542): xan_get_ip_from_ifinet6(): found interface 'rmnet0' with index(16), scope(0)
I/IMS     (  542): LocalIPV6 value ==== 2600:1000:800e:88ee:0000:0022:9429:d201
D/IMS     (  542): xan_get_ip_from_ifinet6(): found interface 'rmnet0' with index(16), scope(0)
I/IMS     (  542): LocalIPV6 value ==== 2600:1000:800e:88ee:0000:0022:9429:d201
D/IMS     (  542): [external/xanadu/Framework/CoreControl/src/ImsCoreController.c:356] XAN_IMSCore_NetworkListener: XAN_IMSCore_NetworkListener: XAN_INWK_EVT_SRV_AVAIL
D/IMS     (  542): [external/xanadu/Framework/CoreControl/src/ImsCoreController.c:2583] IMSCore_ExecFSM: IMSCore_ExecFSM: ims_state= 2
D/IMS     (  542): [external/xanadu/Framework/CoreControl/src/ImsCoreController.c:1834] IMSCore_StateInitialising: IMSCore_StateInitialising: __ImsInit failed
D/IMS     (  542): 
D/IMS     (  542): [external/xanadu/Platform/Android/src/PlatformDaemon.c:225] ims_daemon_evt_handler: SISO: ims_daemon_evt_handler: xan_q_pop failed....2
D/IMS     (  542): 
D/IMS     (  542): [external/xanadu/Framework/CoreControl/src/ImsCoreController.c:531] XAN_IMSCore_EventCb: XAN_IMSCore_EventCb: XAN_EVT_SIPSTK_MM_EVT_INIT
D/IMS     (  542): [external/xanadu/Framework/CoreControl/src/ImsCoreController.c:2583] IMSCore_ExecFSM: IMSCore_ExecFSM: ims_state= 2
D/IMS     (  542): [external/xanadu/Framework/CoreControl/src/ImsCoreController.c:2583] IMSCore_ExecFSM: IMSCore_ExecFSM: ims_state= 4
D/IMS     (  542): [external/xanadu/Framework/CoreControl/src/ImsIReg_Core.c:2101] __Register_retry_reset: __Register_retry_reset: deleting timer:0
D/IMS     (  542): [external/xanadu/Platform/Android/src/PlatformTimer.c:593] xan_delete_timer: xan_delete_timer: invalid params
D/IMS     (  542): [external/xanadu/Framework/CoreControl/src/ImsIReg_Core.c:2101] __Register_retry_reset: __Register_retry_reset: deleting timer:0
D/IMS     (  542): [external/xanadu/Platform/Android/src/PlatformTimer.c:593] xan_delete_timer: xan_delete_timer: invalid params
D/IMS     (  542): [external/xanadu/Framework/CoreControl/src/ImsIReg_Core.c:2101] __Register_retry_reset: __Register_retry_reset: deleting timer:0
D/IMS     (  542): [external/xanadu/Platform/Android/src/PlatformTimer.c:593] xan_delete_timer: xan_delete_timer: invalid params
D/IMS     (  542): [external/xanadu/SIP/SIP_Stack/src/sipcore/sipstk_transport.c:316] SIPStack_BuildFinalReq: SIP Message
D/IMS     (  542):  --------------> outgoing message
D/IMS     (  542): [external/xanadu/Framework/ISIP/src/ImsISIP_Core.c:2361] XAN_ISIP_SendMsg: XAN_ISIP_SendMsg : XAN_SipStack_SendRequest Success
D/IMS     (  542): [external/xanadu/Framework/CoreControl/src/ImsIReg_Core.c:450] __ireg_reg: AppMngr_Register: XAN_SipStack_ReqReg success
D/IMS     (  542): [external/xanadu/Framework/CoreControl/src/ImsIReg_Core.c:557] XAN_IReg_Register: XAN_IReg_Register: XAN_SipStack_ReqReg returned 0
D/IMS     (  542): [external/xanadu/Platform/Android/src/PlatformDaemon.c:225] ims_daemon_evt_handler: SISO: ims_daemon_evt_handler: xan_q_pop failed....2
D/IMS     (  542): 
D/NetlinkEvent(  114): Unexpected netlink message. type=0xf
D/ConnectivityService(  203): ConnectivityChange for mobile: CONNECTED/CONNECTED
W/NetworkStats(  203): dropping UID delta from unknown iface: iface=rmnet1 uid=0 set=DEFAULT tag=0x0 rxBytes=176 rxPackets=2 txBytes=56 txPackets=1 operations=0
D/NetworkPolicy(  203): applying policy NetworkPolicy[NetworkTemplate: matchRule=MOBILE_ALL, subscriberId=valid]: cycleDay=30, warningBytes=2147483648, limitBytes=-1, lastSnooze=-1 to ifaces [rmnet1, rmnet0]
I/SetupWizard(  660): attempting to load target url http://www.Google.com; looking for a redirect to prepay domain 
I/SetupWizard(  660): completed prepay detection attempt: code = 200, url = http://www.Google.com, host = www.Google.com
I/SetupWizard(  660): setting prepay status to 1
D/PackageManager(  203): generateServicesMap(android.accounts.AccountAuthenticator): 3 services unchanged
I/RegisteredComponentCache(  558): ComponentInfo: ResolveInfo{416ea500 com.android.apps.tag.TagViewer p=0 o=0 m=0x108000}, techs: android.nfc.tech.Ndef, 
I/VoiceActionsFactory( 1605): Applications list changed, recalculating supported actions
D/PackageManager(  203): generateServicesMap(android.content.SyncAdapter): 15 services unchanged
D/dalvikvm(  593): GC_CONCURRENT freed 368K, 5% free 12858K/13447K, paused 28ms+1ms
D/Tethering(  203): MasterInitialState.processMessage what=3
D/IMSFW   (  542): RPMInterface$ConnectivityBroadcastReceiver: [ IMS registeration : false State of registration : REG_INPROGRESS ]
E/IMSFW   (  542): RPMInterface$ConnectivityBroadcastReceiver: regi in progress
I/AmazonAppstore.UpdateService( 1659): Self-updating enabled: true
D/AmazonAppstore.UpdateService( 1659): Adding self-update command to UpdateService
D/AmazonAppstore.UpdateService( 1659): Received action: com.amazon.mas.client.framework.UpdateService.CONN_CHANGED from intent: Intent { act=com.amazon.mas.client.framework.UpdateService.CONN_CHANGED cmp=com.amazon.venezia/com.amazon.mas.client.framework.UpdateService (has extras) }
D/ConnectivityService(  203): handleInetConditionChange: net=-1 != default=0 - ignore
V/NetworkMonitor(  660): Intent { act=android.net.conn.CONNECTIVITY_CHANGE flg=0x10000010 (has extras) }
V/NetworkMonitor(  660): Network is UP, Checkin has NOT succeeded, GLS IS connected
V/NetworkMonitor(  660): Intent { act=android.net.conn.CONNECTIVITY_CHANGE flg=0x10000010 (has extras) }
V/NetworkMonitor(  660): Network is UP, Checkin has NOT succeeded, GLS IS connected
I/MediaUploader( 1694): No need to wake up
D/PicasaSyncManager( 1586): active network: NetworkInfo: type: mobile[CDMA - eHRPD], state: CONNECTED/CONNECTED, reason: apnChanged, extra: VZWINTERNET, roaming: false, failover: false, isAvailable: true
D/PicasaSyncManager( 1586): background data: true
I/CheckinService(  646): Preparing to send checkin request
I/EventLogService(  646): Accumulating logs since 1327896961433
I/ActivityManager(  203): Start proc com.google.android.apps.walletnfcrel for broadcast com.google.android.apps.walletnfcrel/com.google.android.apps.wallet.services.tsa.TsaResponseReceiver: pid=1776 uid=10059 gids={3003, 1015}
I/dalvikvm( 1776): Turning on JNI app bug workarounds for target SDK version 10...
I/ActivityThread( 1776): Pub com.google.android.apps.wallet: com.google.android.apps.wallet.datastore.impl.WalletContentProvider
D/dalvikvm( 1712): GC_CONCURRENT freed 274K, 3% free 12784K/13127K, paused 1ms+1ms
E/DowngradeSafeSQLiteOpenHelper( 1776): old version: 16 new version: 16
D/dalvikvm( 1776): GC_CONCURRENT freed 219K, 3% free 12849K/13127K, paused 2ms+2ms
E/ReceiverRestrictedContext( 1776): Operator Verizon Wireless: Product mysid: Model Galaxy Nexus not supported SUPPORTED_NEED_GOOGLE_ACCOUNT
D/dalvikvm( 1281): GC_CONCURRENT freed 422K, 5% free 12909K/13447K, paused 2ms+2ms
V/GoogleSettingsUtils(  646): pre-froyo android id is 0
D/dalvikvm(  646): GC_CONCURRENT freed 356K, 4% free 12998K/13447K, paused 2ms+3ms
D/libEGL  (  646): loaded /system/lib/egl/libGLES_android.so
D/libEGL  (  646): loaded /vendor/lib/egl/libEGL_POWERVR_SGX540_120.so
D/libEGL  (  646): loaded /vendor/lib/egl/libGLESv1_CM_POWERVR_SGX540_120.so
D/libEGL  (  646): loaded /vendor/lib/egl/libGLESv2_POWERVR_SGX540_120.so
D/IMS     (  542): [external/xanadu/Platform/Android/src/PlatformDaemon.c:225] ims_daemon_evt_handler: SISO: ims_daemon_evt_handler: xan_q_pop failed....2
D/IMS     (  542): 
I/IMS     (  542): g_phoneState ---------->0
D/IMS     (  542): [external/xanadu/SIP/SIP_Stack/src/sipcore/sipstk_transport.c:804] SIPStack_Transport_SendPrevMessage: SIPStack_Transport_SendPrevMessage
D/IMS     (  542): ---->outgoing message
D/IMS     (  542): [external/xanadu/SIP/SIP_Stack/src/sipcore/sipstk_transport.c:809] SIPStack_Transport_SendPrevMessage: SIPStack_Transport_SendPrevMessage: 1
D/IMS     (  542): [external/xanadu/SIP/SIP_Stack/src/sipcore/sipstk_transport.c:819] SIPStack_Transport_SendPrevMessage: SIPStack_Transport_SendPrevMessage: Status isPending 0
D/IMS     (  542): [external/xanadu/SIP/SIP_Stack/src/sipcore/sipstk_transport.c:841] SIPStack_Transport_SendPrevMessage: SIPStack_Transport_SendPrevMessage:  Success Sent data598
D/Tethering(  203): MasterInitialState.processMessage what=3
I/AmazonAppstore.UpdateService( 1659): Self-updating enabled: true
D/AmazonAppstore.UpdateService( 1659): Adding self-update command to UpdateService
D/AmazonAppstore.UpdateService( 1659): Received action: com.amazon.mas.client.framework.UpdateService.CONN_CHANGED from intent: Intent { act=com.amazon.mas.client.framework.UpdateService.CONN_CHANGED cmp=com.amazon.venezia/com.amazon.mas.client.framework.UpdateService (has extras) }
D/ConnectivityService(  203): handleInetConditionChange: net=-1 != default=0 - ignore
V/NetworkMonitor(  660): Intent { act=android.net.conn.CONNECTIVITY_CHANGE flg=0x10000010 (has extras) }
V/NetworkMonitor(  660): Network is UP, Checkin has NOT succeeded, GLS IS connected
V/NetworkMonitor(  660): Intent { act=android.net.conn.CONNECTIVITY_CHANGE flg=0x10000010 (has extras) }
D/dalvikvm(  646): GC_EXPLICIT freed 129K, 4% free 12942K/13447K, paused 2ms+2ms
V/NetworkMonitor(  660): Network is UP, Checkin has NOT succeeded, GLS IS connected
I/MediaUploader( 1694): No need to wake up
D/PicasaSyncManager( 1586): active network: NetworkInfo: type: mobile[CDMA - eHRPD], state: CONNECTED/CONNECTED, reason: apnChanged, extra: VZWINTERNET, roaming: false, failover: false, isAvailable: true
D/PicasaSyncManager( 1586): background data: true
E/ReceiverRestrictedContext( 1776): Operator Verizon Wireless: Product mysid: Model Galaxy Nexus not supported SUPPORTED_NEED_GOOGLE_ACCOUNT
D/IMS     (  542): [external/xanadu/SIP/SIP_Stack/src/sipcore/sipstk_core.c:280] SIPStack_PreProcess_Data: SIP Message
D/IMS     (  542):  <-------------- incoming message
D/IMS     (  542): 
D/IMS     (  542): [external/xanadu/SIP/SIP_Stack/src/sipcore/sipstk_siptu.c:2028] SIPStack_Rsp_Handle_Terminating: SIPStack_Rsp_Handle_Terminating:: Rxed 401 for REG
D/IMS     (  542): [external/xanadu/SIP/SIP_Stack/src/sipcore/sipstk_evt.c:253] SIPStack_Event_Add_Q: SIPStack_Event_Add_Q : Event = 2 
D/IMS     (  542): [external/xanadu/Framework/CoreControl/src/ImsIReg_Core.c:917] XAN_IReg_Handle_Registration: XAN_IReg_Handle_Registration: REG_FAILED=401
D/IMS     (  542): [external/xanadu/Framework/CoreControl/src/ImsIReg_Core.c:1057] XAN_IReg_Handle_Registration: XAN_EVT_REG_FAILED: g_session_id =1
D/IMS     (  542): 
D/IMS     (  542): [external/xanadu/SIP/SIP_Stack/src/parser/sipstk_parser.c:1272] SIPStack_Parser_GetHeaderInfo: xansip_AuthenticateTo_str : realm="vzims.com", nonce="rkoTk7QuOU3pDZKGxBjcWEYFilbJZgAAzBCx4enYPh4wMTlhOTI1AA==", algorithm=AKAv2-MD5, qop="auth"
D/IMS     (  542): 
D/IMS     (  542): [external/xanadu/Platform/Android/src/PlatformUIIntf.c:104] xan_ui_intf_ui_ind: Sending evt: 103
I/IMS_JNI (  542): isim data length: 56
I/IMS_JNI (  542): isim response code: 401
D/IMSFW   (  542): ImsSMSInterface: handleEvent: data:726B6F546B3751754F553370445A4B4778426A6357455946696C624A5A6741417A42437834656E59506834774D546C684F54493141413D3D
D/IMSFW   (  542): ImsSMSInterface: SIP response code : 401
E/IMSFW   (  542): ImsSMSInterface: Registration failed, go for retrying if isim nounce present
D/IMS     (  542): [external/xanadu/Platform/Android/src/PlatformDaemon.c:225] ims_daemon_evt_handler: SISO: ims_daemon_evt_handler: xan_q_pop failed....2
D/IMS     (  542): 
D/ConnectivityService(  203): startUsingNetworkFeature reconnecting to 0: enableFOTA
D/dalvikvm(  203): GC_CONCURRENT freed 671K, 16% free 15999K/18823K, paused 2ms+4ms
I/CheckinTask(  646): Sending checkin request (1778 bytes)
D/IMSFW   (  542): IIL: SUB CMD : IPC_IMS_ISIMAUTH
I/IMS_JNI (  542): Entering native XAN_IMS_Handle_NetworkEvent_ISIM_Response_JNI
D/IMSFW   (  542): IIL: readIPCMessage
D/IMS     (  542): [external/xanadu/Framework/CoreControl/src/ImsIReg_Core.c:181] __ireg_reg2: XAN_IReg_Register: Don't proceed for Registration as its already register-ed/ing
D/IMS     (  542): [external/xanadu/Framework/CoreControl/src/ImsIReg_Core.c:206] __ireg_reg2: __ireg_reg2: g_session_id =1
D/IMS     (  542): 
D/IMS     (  542): [external/xanadu/SIP/SIP_Stack/src/sipcore/sipstk_transport.c:316] SIPStack_BuildFinalReq: SIP Message
D/IMS     (  542):  --------------> outgoing message
D/IMS     (  542): [external/xanadu/Framework/ISIP/src/ImsISIP_Core.c:2361] XAN_ISIP_SendMsg: XAN_ISIP_SendMsg : XAN_SipStack_SendRequest Success
D/IMS     (  542): [external/xanadu/Framework/CoreControl/src/ImsIReg_Core.c:295] __ireg_reg2: AppMngr_Register: XAN_SipStack_ReqReg success
D/NfcService(  558): NFC-EE OFF
D/NfcService(  558): NFC-C OFF
E/ReceiverRestrictedContext( 1776): Operator Verizon Wireless: Product mysid: Model Galaxy Nexus not supported SUPPORTED_NEED_GOOGLE_ACCOUNT
I/ActivityManager(  203): No longer want com.android.deskclock (pid 1471): hidden #16
D/NetlinkEvent(  114): Unexpected netlink message. type=0xf
D/ConnectivityService(  203): ConnectivityChange for mobile_fota: CONNECTED/CONNECTED
W/NetworkStats(  203): dropping UID delta from unknown iface: iface=rmnet2 uid=0 set=DEFAULT tag=0x0 rxBytes=176 rxPackets=2 txBytes=56 txPackets=1 operations=0
D/NetworkPolicy(  203): applying policy NetworkPolicy[NetworkTemplate: matchRule=MOBILE_ALL, subscriberId=valid]: cycleDay=30, warningBytes=2147483648, limitBytes=-1, lastSnooze=-1 to ifaces [rmnet2, rmnet1, rmnet0]
D/IMS     (  542): [external/xanadu/SIP/SIP_Stack/src/sipcore/sipstk_core.c:280] SIPStack_PreProcess_Data: SIP Message
D/IMS     (  542):  <-------------- incoming message
D/IMS     (  542): 
D/IMS     (  542): [external/xanadu/SIP/SIP_Stack/src/sipcore/sipstk_siptu.c:2028] SIPStack_Rsp_Handle_Terminating: SIPStack_Rsp_Handle_Terminating:: Rxed 401 for REG
D/IMS     (  542): [external/xanadu/SIP/SIP_Stack/src/sipcore/sipstk_siptu.c:2084] SIPStack_Rsp_Handle_Terminating: #### Inside 200 OK for REGISTER : Expires = 86400
D/IMS     (  542): [external/xanadu/SIP/SIP_Stack/src/sipcore/sipstk_evt.c:253] SIPStack_Event_Add_Q: SIPStack_Event_Add_Q : Event = 2 
D/IMS     (  542): [external/xanadu/SIP/SIP_Stack/src/sipcore/sipstk_session.c:368] SIPStack_Session_Release: Copy the Event to Z-Event Queue
D/dalvikvm(  593): GC_CONCURRENT freed 361K, 5% free 12889K/13447K, paused 2ms+3ms
D/IMS     (  542): [external/xanadu/Framework/CoreControl/src/ImsIReg_Core.c:1005] XAN_IReg_Handle_Registration: Sending SUBSCRIBE for reg event
D/IMS     (  542): [external/xanadu/SIP/SIP_Stack/src/sipcore/sipstk_uacreq.c:468] SIPStack_Modify_Accept_Contact_Desc: SIPStack_Modify_Accept_Contact_Desc: As ptrst_session->ptri8_apptag is NULL
D/IMS     (  542): [external/xanadu/SIP/SIP_Stack/src/sipcore/sipstk_transport.c:316] SIPStack_BuildFinalReq: SIP Message
D/IMS     (  542):  --------------> outgoing message
D/IMS     (  542): [external/xanadu/Framework/ISIP/src/ImsISIP_Core.c:2361] XAN_ISIP_SendMsg: XAN_ISIP_SendMsg : XAN_SipStack_SendRequest Success
D/IMS     (  542): [external/xanadu/Application/SMSApp/src/ImsSMSIP.c:1361] ImsSMSIPProcessRegMessage: ImsSMSIPAppCallback: mwi notify flag has not been enabled
D/IMS     (  542): [external/xanadu/Framework/CoreControl/src/ImsCoreController.c:2583] IMSCore_ExecFSM: IMSCore_ExecFSM: ims_state= 5
D/IMS     (  542): [external/xanadu/Framework/CoreControl/src/ImsCoreController.c:2583] IMSCore_ExecFSM: IMSCore_ExecFSM: ims_state= 7
D/IMS     (  542): [external/xanadu/Platform/Android/src/PlatformUIIntf.c:104] xan_ui_intf_ui_ind: Sending evt: 102
I/IMS_JNI (  542): isim response code: 200
D/IMSFW   (  542): ImsSMSInterface:  send IMS success to RIL
D/IMSFW   (  542): ImsSMSInterface: IMS_REGISTRATION_SUCCEED 
D/IMSFW   (  542): SmsImsDispatcher:  EVENT_SEND_IMS_REGISTRATION_STATUS
D/IMSFW   (  542): IIL: toRILIMSRegistration 
D/IMS     (  542): [external/xanadu/Platform/Android/src/PlatformDaemon.c:225] ims_daemon_evt_handler: SISO: ims_daemon_evt_handler: xan_q_pop failed....2
D/IMS     (  542): 
D/dalvikvm(  646): GC_CONCURRENT freed 377K, 4% free 13026K/13511K, paused 3ms+3ms
D/IMS     (  542): [external/xanadu/SIP/SIP_Stack/src/sipcore/sipstk_core.c:280] SIPStack_PreProcess_Data: SIP Message
D/IMS     (  542):  <-------------- incoming message
D/IMS     (  542): 
D/IMS     (  542): [external/xanadu/SIP/SIP_Stack/src/sipcore/sipstk_core.c:162] SIPStack_Transport_Callback: SIPStack_Transport_Callback: release parsed obj at Stack
D/IMS     (  542): [external/xanadu/SIP/SIP_Stack/src/sipcore/sipstk_core.c:280] SIPStack_PreProcess_Data: SIP Message
D/IMS     (  542):  <-------------- incoming message
D/IMS     (  542): 
D/IMS     (  542): [external/xanadu/SIP/SIP_Stack/src/sipcore/sipstk_evt.c:161] SIPStack_Get_EvtMethod: SIP Evt: Unkown header
D/IMS     (  542): [external/xanadu/SIP/SIP_Stack/src/sipcore/sipstk_evt.c:253] SIPStack_Event_Add_Q: SIPStack_Event_Add_Q : Event = 9 
D/IMS     (  542): [external/xanadu/SIP/SIP_Stack/src/sipcore/sipstk_transport.c:680] SIPStack_Transport_SendRsp: Response
D/IMS     (  542): ---->outgoing message
D/IMS     (  542): 
D/IMS     (  542): [external/xanadu/Framework/CoreControl/src/ImsIReg_Core.c:2164] XAN_IReg_Handle_Subscription: XAN_IReg_Handle_Subscription: Entering
D/IMS     (  542): [external/xanadu/Platform/Android/src/PlatformDaemon.c:225] ims_daemon_evt_handler: SISO: ims_daemon_evt_handler: xan_q_pop failed....2
D/IMS     (  542): 
I/CheckinTask(  646): From server: 189 gservices
I/GservicesProvider(  646): main update completed
V/NetworkMonitor(  660): Intent { act=com.google.gservices.intent.action.GSERVICES_CHANGED flg=0x10 }
V/NetworkMonitor(  660): Network is UP, Checkin HAS succeeded, GLS IS connected
V/NetworkMonitor(  660): Reporting network CONNECTED
V/NetworkMonitor(  660): Intent { act=com.google.gservices.intent.action.GSERVICES_CHANGED flg=0x10 }
V/NetworkMonitor(  660): Network is UP, Checkin HAS succeeded, GLS IS connected
V/NetworkMonitor(  660): Reporting network CONNECTED
I/ActivityManager(  203): Start proc com.google.android.partnersetup for broadcast com.google.android.partnersetup/.GservicesChangedReceiver: pid=1809 uid=10024 gids={3003}
I/ActivityThread( 1809): Pub com.google.android.partnersetup.rlzprovider: com.google.android.partnersetup.RlzProvider
I/ActivityThread( 1809): Pub com.google.android.partnersetup.rlzappprovider: com.google.android.partnersetup.RlzAppProvider
I/SystemUpdateService(  646): cancelUpdate (empty URL)
I/ActivityManager(  203): START {flg=0x10000000 cmp=com.google.android.gsf/.update.SystemUpdateInstallDialog} from pid 646
D/dalvikvm( 1605): GC_CONCURRENT freed 320K, 3% free 12752K/13127K, paused 2ms+3ms
D/dalvikvm(  203): GC_FOR_ALLOC freed 675K, 16% free 15976K/18823K, paused 64ms
I/PersonalizationPrefManagerImpl( 1605): No google account found
V/SystemUpdateService(  646): onPostExecute: false
I/ActivityManager(  203): START {flg=0x10000000 cmp=com.google.android.gsf/.update.SystemUpdateDownloadDialog} from pid 646
W/InputManagerService(  203): Window already focused, ignoring focus gain of: com.android.internal.view.IInputMethodClient$Stub$Proxy@419ee490
D/dalvikvm(  646): GC_CONCURRENT freed 276K, 3% free 13251K/13639K, paused 2ms+3ms
I/VoiceImeLanguageUpdater( 1605): #internalUpdateLanguages #55
D/Tethering(  203): MasterInitialState.processMessage what=3
V/NetworkMonitor(  660): Intent { act=android.net.conn.CONNECTIVITY_CHANGE flg=0x10000010 (has extras) }
V/NetworkMonitor(  660): Network is UP, Checkin HAS succeeded, GLS IS connected
V/NetworkMonitor(  660): Intent { act=android.net.conn.CONNECTIVITY_CHANGE flg=0x10000010 (has extras) }
D/ConnectivityService(  203): handleInetConditionChange: net=-1 != default=0 - ignore
D/NetworkConnectivityListener(  854): onReceive(): mNetworkInfo=NetworkInfo: type: mobile_fota[CDMA - eHRPD], state: CONNECTED/CONNECTED, reason: dataEnabled, extra: VZWADMIN, roaming: false, failover: false, isAvailable: true mOtherNetworkInfo = [none] mState=CONNECTED
V/NetworkMonitor(  660): Network is UP, Checkin HAS succeeded, GLS IS connected
I/AmazonAppstore.UpdateService( 1659): Self-updating enabled: true
D/AmazonAppstore.UpdateService( 1659): Adding self-update command to UpdateService
D/AmazonAppstore.UpdateService( 1659): Received action: com.amazon.mas.client.framework.UpdateService.CONN_CHANGED from intent: Intent { act=com.amazon.mas.client.framework.UpdateService.CONN_CHANGED cmp=com.amazon.venezia/com.amazon.mas.client.framework.UpdateService (has extras) }
I/MediaUploader( 1694): No need to wake up
D/PicasaSyncManager( 1586): active network: NetworkInfo: type: mobile[CDMA - eHRPD], state: CONNECTED/CONNECTED, reason: apnChanged, extra: VZWINTERNET, roaming: false, failover: false, isAvailable: true
D/PicasaSyncManager( 1586): background data: true
D/dalvikvm( 1659): GC_CONCURRENT freed 412K, 4% free 13305K/13831K, paused 2ms+6ms
I/CheckinTask(  646): Checkin success: https://android.clients.google.com/checkin (1 requests sent)
I/CheckinService(  646): From server: Intent { act=android.server.checkin.FOTA_CANCEL }
D/CAT     (  527): CatService: ril message arrived
D/CAT     (  527): CatService: SESSION END
D/CAT     (  527): CatService: ril message arrived
D/CAT     (  527): CatService: SESSION END
D/dalvikvm( 1776): GC_CONCURRENT freed 357K, 4% free 12961K/13383K, paused 5ms+3ms
D/NfcService(  558): NFC-EE OFF
D/dalvikvm(  593): GC_CONCURRENT freed 419K, 4% free 12911K/13447K, paused 7ms+5ms
D/NfcService(  558): NFC-C OFF
I/ActivityManager(  203): No longer want com.android.providers.calendar (pid 1390): hidden #16
D/CAT     (  527): CatService: ril message arrived
D/CAT     (  527): CommandParamsFactory: process ProvideLocalInfo
D/CAT     (  527): CommandParamsFactory: PLI [DTTZ_SETTING]
D/CAT     (  527): CatService: PROVIDE_LOCAL_INFORMATION
D/dalvikvm(  593): GC_CONCURRENT freed 405K, 4% free 12925K/13447K, paused 5ms+3ms
D/dalvikvm(  593): GC_CONCURRENT freed 379K, 4% free 12947K/13447K, paused 4ms+2ms
I/VoiceActionsFactory( 1605): Applications list changed, recalculating supported actions
I/RegisteredComponentCache(  558): ComponentInfo: ResolveInfo{416ec388 com.android.apps.tag.TagViewer p=0 o=0 m=0x108000}, techs: android.nfc.tech.Ndef, 
D/PackageManager(  203): generateServicesMap(android.accounts.AccountAuthenticator): 3 services unchanged
I/GTalkService/c(  646): [AndroidEndpoint@1098238512] connect: acct=1000000, state=CONNECTING
D/PackageManager(  203): generateServicesMap(android.content.SyncAdapter): 15 services unchanged
D/dalvikvm(  203): GC_CONCURRENT freed 786K, 15% free 16028K/18823K, paused 2ms+4ms
D/dalvikvm(  646): GC_CONCURRENT freed 575K, 6% free 13078K/13767K, paused 4ms+4ms
D/dalvikvm(  593): GC_CONCURRENT freed 410K, 4% free 12981K/13511K, paused 4ms+3ms
D/ConnectivityService(  203): handleInetConditionHoldEnd: net=0, condition=100, published condition=0
D/IMS     (  542): [external/xanadu/Platform/Android/src/PlatformDaemon.c:225] ims_daemon_evt_handler: SISO: ims_daemon_evt_handler: xan_q_pop failed....2
D/IMS     (  542): 
D/IMS     (  542): [external/xanadu/Platform/Android/src/PlatformDaemon.c:225] ims_daemon_evt_handler: SISO: ims_daemon_evt_handler: xan_q_pop failed....2
D/IMS     (  542): 
D/IMS     (  542): [external/xanadu/Platform/Android/src/PlatformDaemon.c:225] ims_daemon_evt_handler: SISO: ims_daemon_evt_handler: xan_q_pop failed....2
D/IMS     (  542): 
D/IMS     (  542): [external/xanadu/SIP/SIP_Stack/src/sipcore/sipstk_transaction.c:1812] SIPStack_Trans_Release: SIPStack_Trans_Release: setting method idle: 512
D/IMS     (  542): [external/xanadu/Platform/Android/src/PlatformDaemon.c:225] ims_daemon_evt_handler: SISO: ims_daemon_evt_handler: xan_q_pop failed....2
D/IMS     (  542): 
D/IMS     (  542): [external/xanadu/SIP/SIP_Stack/src/sipcore/sipstk_transaction.c:1812] SIPStack_Trans_Release: SIPStack_Trans_Release: setting method idle: 256
D/dalvikvm(  593): GC_CONCURRENT freed 373K, 4% free 13016K/13511K, paused 4ms+2ms
D/dalvikvm(  593): GC_CONCURRENT freed 400K, 4% free 13054K/13575K, paused 5ms+3ms
D/dalvikvm(  593): GC_CONCURRENT freed 368K, 4% free 13089K/13575K, paused 4ms+3ms
D/dalvikvm(  593): GC_CONCURRENT freed 393K, 4% free 13126K/13639K, paused 4ms+3ms
E/ThrottleService(  203): Error reading data file
D/dalvikvm(  593): GC_CONCURRENT freed 361K, 4% free 13160K/13639K, paused 4ms+3ms
D/dalvikvm(  593): GC_CONCURRENT freed 386K, 4% free 13198K/13703K, paused 5ms+3ms
D/dalvikvm(  593): GC_CONCURRENT freed 410K, 4% free 13241K/13767K, paused 5ms+3ms
D/dalvikvm(  527): GC_CONCURRENT freed 376K, 5% free 13138K/13703K, paused 5ms+3ms
D/dalvikvm(  593): GC_CONCURRENT freed 374K, 4% free 13277K/13767K, paused 4ms+3ms
D/dalvikvm(  593): GC_CONCURRENT freed 400K, 4% free 13315K/13831K, paused 4ms+3ms
D/dalvikvm(  593): GC_CONCURRENT freed 362K, 4% free 13350K/13831K, paused 4ms+4ms
D/dalvikvm(  203): GC_CONCURRENT freed 781K, 16% free 15991K/18823K, paused 6ms+3ms
D/dalvikvm(  593): GC_CONCURRENT freed 388K, 4% free 13386K/13895K, paused 4ms+3ms
D/ConnectivityService(  203): stopUsingNetworkFeature: teardown net 0: enableFOTA
D/dalvikvm(  593): GC_CONCURRENT freed 356K, 4% free 13419K/13895K, paused 4ms+3ms
W/Netd    (  114): No subsystem found in netlink event
D/NetlinkEvent(  114): Unexpected netlink message. type=0x11
D/ConnectivityService(  203): ConnectivityChange for mobile_fota: DISCONNECTED/DISCONNECTED
D/NetUtils(  203): android_net_utils_resetConnections in env=0x5d58c8 clazz=0x8e700001 iface=rmnet2 mask=0x3
D/ConnectivityService(  203): resetConnections(rmnet2, 3)
D/NetworkPolicy(  203): applying policy NetworkPolicy[NetworkTemplate: matchRule=MOBILE_ALL, subscriberId=valid]: cycleDay=30, warningBytes=2147483648, limitBytes=-1, lastSnooze=-1 to ifaces [rmnet1, rmnet0]
D/NetworkPolicy(  203): applying policy NetworkPolicy[NetworkTemplate: matchRule=MOBILE_ALL, subscriberId=valid]: cycleDay=30, warningBytes=2147483648, limitBytes=-1, lastSnooze=-1 to ifaces [rmnet1, rmnet0]
V/NetworkMonitor(  660): Intent { act=android.net.conn.CONNECTIVITY_CHANGE flg=0x10000010 (has extras) }
D/Tethering(  203): MasterInitialState.processMessage what=3
D/Tethering(  203): MasterInitialState.processMessage what=3
V/NetworkMonitor(  660): Network is UP, Checkin HAS succeeded, GLS IS connected
V/NetworkMonitor(  660): Intent { act=android.net.conn.CONNECTIVITY_CHANGE flg=0x10000010 (has extras) }
D/dalvikvm(  542): GC_CONCURRENT freed 406K, 5% free 12667K/13255K, paused 5ms+2ms
V/NetworkMonitor(  660): Network is UP, Checkin HAS succeeded, GLS IS connected
V/NetworkMonitor(  660): Intent { act=android.net.conn.CONNECTIVITY_CHANGE flg=0x10000010 (has extras) }
V/NetworkMonitor(  660): Network is UP, Checkin HAS succeeded, GLS IS connected
V/NetworkMonitor(  660): Intent { act=android.net.conn.CONNECTIVITY_CHANGE flg=0x10000010 (has extras) }
V/NetworkMonitor(  660): Network is UP, Checkin HAS succeeded, GLS IS connected
D/dalvikvm(  203): GC_EXPLICIT freed 444K, 16% free 15945K/18823K, paused 3ms+3ms
I/MediaUploader( 1694): No need to wake up
D/PicasaSyncManager( 1586): active network: NetworkInfo: type: mobile[CDMA - eHRPD], state: CONNECTED/CONNECTED, reason: apnChanged, extra: VZWINTERNET, roaming: false, failover: false, isAvailable: true
D/PicasaSyncManager( 1586): background data: true
I/AmazonAppstore.UpdateService( 1659): Self-updating enabled: true
D/AmazonAppstore.UpdateService( 1659): Adding self-update command to UpdateService
D/AmazonAppstore.UpdateService( 1659): Received action: com.amazon.mas.client.framework.UpdateService.CONN_CHANGED from intent: Intent { act=com.amazon.mas.client.framework.UpdateService.CONN_CHANGED cmp=com.amazon.venezia/com.amazon.mas.client.framework.UpdateService (has extras) }
I/MediaUploader( 1694): No need to wake up
D/PicasaSyncManager( 1586): active network: NetworkInfo: type: mobile[CDMA - eHRPD], state: CONNECTED/CONNECTED, reason: apnChanged, extra: VZWINTERNET, roaming: false, failover: false, isAvailable: true
D/PicasaSyncManager( 1586): background data: true
D/dalvikvm(  593): GC_CONCURRENT freed 379K, 4% free 13460K/13959K, paused 5ms+4ms
D/ConnectivityService(  203): handleInetConditionHoldEnd: net=0, condition=100, published condition=100
D/NfcService(  558): NFC-EE OFF
D/NfcService(  558): NFC-C OFF
I/power   (  203): *** set_screen_state 0
D/SurfaceFlinger(  117): About to give-up screen, flinger = 0x1e8b918
D/dalvikvm(  593): GC_CONCURRENT freed 412K, 4% free 13494K/14023K, paused 4ms+6ms
D/dalvikvm(  593): GC_CONCURRENT freed 375K, 4% free 13530K/14023K, paused 4ms+3ms
D/dalvikvm(  593): GC_CONCURRENT freed 401K, 4% free 13568K/14087K, paused 4ms+2ms
D/dalvikvm(  593): GC_CONCURRENT freed 363K, 4% free 13602K/14087K, paused 4ms+3ms
D/dalvikvm(  593): GC_CONCURRENT freed 394K, 4% free 13640K/14151K, paused 4ms+3ms
D/dalvikvm(  593): GC_CONCURRENT freed 356K, 4% free 13673K/14151K, paused 5ms+2ms
D/dalvikvm(  593): GC_CONCURRENT freed 388K, 4% free 13711K/14215K, paused 5ms+3ms
D/dalvikvm(  203): GC_CONCURRENT freed 494K, 15% free 16173K/18823K, paused 6ms+5ms
D/dalvikvm(  593): GC_CONCURRENT freed 403K, 4% free 13756K/14279K, paused 5ms+3ms
D/dalvikvm(  593): GC_CONCURRENT freed 365K, 4% free 13796K/14279K, paused 5ms+3ms
D/dalvikvm(  593): GC_CONCURRENT freed 403K, 4% free 13820K/14343K, paused 5ms+3ms
D/dalvikvm(  593): GC_CONCURRENT freed 373K, 4% free 13849K/14343K, paused 5ms+3ms
D/dalvikvm(  593): GC_CONCURRENT freed 402K, 4% free 13889K/14407K, paused 4ms+4ms
D/dalvikvm(  593): GC_CONCURRENT freed 392K, 4% free 13896K/14407K, paused 5ms+4ms
D/dalvikvm(  593): GC_CONCURRENT freed 377K, 4% free 13915K/14407K, paused 5ms+4ms
D/dalvikvm(  593): GC_CONCURRENT freed 417K, 4% free 13937K/14471K, paused 5ms+3ms
V/MediaScanner(  593): pruneDeadThumbnailFiles... android.database.sqlite.SQLiteCursor@417feac8
V/MediaScanner(  593): /pruneDeadThumbnailFiles... android.database.sqlite.SQLiteCursor@417feac8
E/MediaScannerService(  593): Exception in handleMessage
E/MediaScannerService(  593): android.os.DeadObjectException
E/MediaScannerService(  593): 	at android.os.BinderProxy.transact(Native Method)
E/MediaScannerService(  593): 	at android.media.IMediaScannerListener$Stub$Proxy.scanCompleted(IMediaScannerListener.java:100)
E/MediaScannerService(  593): 	at com.android.providers.media.MediaScannerService$ServiceHandler.handleMessage(MediaScannerService.java:241)
E/MediaScannerService(  593): 	at android.os.Handler.dispatchMessage(Handler.java:99)
E/MediaScannerService(  593): 	at android.os.Looper.loop(Looper.java:137)
E/MediaScannerService(  593): 	at com.android.providers.media.MediaScannerService.run(MediaScannerService.java:183)
E/MediaScannerService(  593): 	at java.lang.Thread.run(Thread.java:856)
I/MediaStoreImporter( 1726): Update: full Added music: 0 Updated music: 0 Deleted music: 0 Created playlists: 0 Updated playlists: 0 Deleted playlists: 0 Inserted playlist items: 0 Deleted playlist items: 0 Removed orphaned playlist items: 0
I/power   (  203): *** set_screen_state 1
I/WindowManager(  203): No lock screen!
D/SurfaceFlinger(  117): Screen about to return, flinger = 0x1e8b918
W/InputManagerService(  203): Window already focused, ignoring focus gain of: com.android.internal.view.IInputMethodClient$Stub$Proxy@41746988
I/power   (  203): *** set_screen_state 0
D/SurfaceFlinger(  117): About to give-up screen, flinger = 0x1e8b918
D/dalvikvm(  203): GC_FOR_ALLOC freed 785K, 15% free 16081K/18823K, paused 69ms
D/GpsLocationProvider(  203): NTP server returned: 1327897295777 (Sun Jan 29 23:21:35 EST 2012) reference: 466581 certainty: 49 system time offset: 186
W/BackupManagerService(  203): dataChanged but no participant pkg='com.android.providers.settings' uid=1001
D/Finsky  ( 1624): [1] UpdateCheckReceiver.updateCheckIfNecessary: Force checking for available updates.
D/Finsky  ( 1624): [1] UpdatesAvailableReceiver.onReceive: Received updates available notification
E/Finsky  ( 1624): [1] UpdatesAvailableReceiver.onReceive: Could not set up current account / dfe api when receiving an updates available broadcast.
I/AmazonAppstore.UpdateService( 1659): Self-updating enabled: true
D/AmazonAppstore.UpdateService( 1659): Adding self-update command to UpdateService
D/AmazonAppstore.UpdateService( 1659): Received action: com.amazon.mas.client.framework.UpdateService.EXECUTE_RECURRING_TASKS from intent: Intent { act=com.amazon.mas.client.framework.UpdateService.EXECUTE_RECURRING_TASKS flg=0x4 cmp=com.amazon.venezia/com.amazon.mas.client.framework.UpdateService (has extras) }
I/dalvikvm( 1659): Total arena pages for JIT: 11
I/dalvikvm( 1659): Total arena pages for JIT: 12
I/dalvikvm( 1659): Total arena pages for JIT: 13
I/dalvikvm( 1659): Total arena pages for JIT: 14
I/dalvikvm( 1659): Total arena pages for JIT: 15
I/dalvikvm( 1659): Total arena pages for JIT: 16
I/dalvikvm( 1659): Total arena pages for JIT: 17
D/dalvikvm( 1659): GC_CONCURRENT freed 317K, 4% free 13412K/13831K, paused 2ms+3ms
I/dalvikvm( 1659): Total arena pages for JIT: 18
D/dalvikvm( 1659): GC_CONCURRENT freed 380K, 4% free 13487K/14023K, paused 5ms+4ms
D/AmazonAppstore.ClientUpdateCommand( 1659): No update needed at this time.
D/dalvikvm(  203): GC_CONCURRENT freed 537K, 14% free 16308K/18823K, paused 6ms+6ms
D/dalvikvm(  460): GC_CONCURRENT freed 488K, 5% free 14444K/15047K, paused 4ms+7ms
I/power   (  203): *** set_screen_state 1
I/WindowManager(  203): No lock screen!
D/SurfaceFlinger(  117): Screen about to return, flinger = 0x1e8b918
V/SetupWizard(  660): SetupWizardActivity.onDestroy()
V/NetworkMonitor(  660): Stopped NetworkMonitor
V/NetworkMonitor(  660): Starting NetworkMonitor
I/SetupWizard(  660): disabling notifications and status bar
I/ActivityManager(  203): START {cmp=com.google.android.gsf.login/.LoginActivity (has extras)} from pid 683
I/ActivityManager(  203): START {cmp=com.google.android.gsf.login/.UsernamePasswordActivity (has extras)} from pid 683
I/SetupWizard(  660): initializing locale to en_US == en_US (15 of 60)
V/NetworkMonitor(  660): Intent { act=android.net.conn.CONNECTIVITY_CHANGE flg=0x10000010 (has extras) }
V/NetworkMonitor(  660): Network is UP, Checkin HAS succeeded, GLS is NOT connected
V/NetworkMonitor(  660): GLS onServiceConnected
V/NetworkMonitor(  660): Network is UP, Checkin HAS succeeded, GLS IS connected
V/NetworkMonitor(  660): Reporting network CONNECTED
V/NetworkMonitor(  660): Network is UP, Checkin HAS succeeded, GLS IS connected
D/OpenGLRenderer(  660): Flushing caches (mode 1)
D/dalvikvm(  683): GC_CONCURRENT freed 172K, 3% free 12858K/13127K, paused 3ms+4ms
W/GLSActivity(  683): No such policy while creating link, id='google_privacy'
W/GLSActivity(  683): No such policy while creating link, id='android_privacy'
D/dalvikvm(  683): GC_CONCURRENT freed 33K, 2% free 13240K/13447K, paused 5ms+6ms
D/dalvikvm(  511): GC_CONCURRENT freed 132K, 2% free 13318K/13511K, paused 2ms+2ms
I/ActivityManager(  203): Displayed com.google.android.gsf.login/.UsernamePasswordActivity: +480ms (total +19m5s933ms)
D/OpenGLRenderer(  683): Flushing caches (mode 0)
D/dalvikvm(  511): GC_CONCURRENT freed 131K, 2% free 13615K/13831K, paused 1ms+3ms
D/dalvikvm(  511): GC_FOR_ALLOC freed 105K, 2% free 13577K/13831K, paused 20ms
I/dalvikvm-heap(  511): Grow heap (frag case) to 14.533MB for 1278736-byte allocation
D/dalvikvm(  511): GC_CONCURRENT freed <1K, 2% free 14826K/15111K, paused 2ms+2ms
D/dalvikvm(  203): GC_CONCURRENT freed 1121K, 15% free 16127K/18823K, paused 3ms+4ms
D/dalvikvm(  511): GC_CONCURRENT freed 567K, 5% free 14951K/15623K, paused 5ms+4ms
I/ActivityManager(  203): START {cmp=com.google.android.gsf.login/.LoginActivityTask (has extras)} from pid 683
D/OpenGLRenderer(  660): Flushing caches (mode 1)
D/OpenGLRenderer(  660): Flushing caches (mode 0)
I/LatinIME(  511): InputType.TYPE_NULL is specified
W/LatinIME(  511): Unexpected input class: inputType=0x00000000 imeOptions=0x00000000
I/ActivityManager(  203): Displayed com.google.android.gsf.login/.LoginActivityTask: +250ms
D/OpenGLRenderer(  683): Flushing caches (mode 0)
D/dalvikvm(  203): GC_CONCURRENT freed 862K, 15% free 16106K/18823K, paused 3ms+5ms
D/dalvikvm(  683): GC_CONCURRENT freed 261K, 3% free 13418K/13767K, paused 6ms+5ms
I/AccountManagerService(  203): the accounts changed, sending broadcast of android.accounts.LOGIN_ACCOUNTS_CHANGED
I/ActivityManager(  203): Start proc com.google.android.music:ui for service com.google.android.music/.tutorial.SignupStatus$SignupCheckService: pid=2137 uid=10038 gids={3003, 1015}
D/SyncManager(  203): setSyncAutomatically: , provider subscribedfeeds -> true
I/ActivityManager(  203): Start proc com.google.android.apps.books for broadcast com.google.android.apps.books/.app.AccountsReceiver: pid=2149 uid=10005 gids={3003, 1015}
I/dalvikvm( 2149): Turning on JNI app bug workarounds for target SDK version 11...
I/ActivityThread( 2149): Pub com.google.android.apps.books: com.google.android.apps.books.provider.BooksProvider
D/dalvikvm( 2137): GC_CONCURRENT freed 157K, 2% free 12911K/13127K, paused 2ms+2ms
